16:07:06 **** Incremental Build of configuration Debug for project ide-sw4stm32-test1-idf ****
make -j8 all 
make: Nothing to be done for 'all'.
16:07:11 **** Incremental Build of configuration Debug for project ide-sw4stm32-test1-idf ****
make -j8 all 
make: Nothing to be done for 'all'.
16:08:06 **** Incremental Build of configuration Debug for project ide-sw4stm32-test1-idf ****
make -j8 all 
Building file: C:/Users/yan.michello/Documents/GitHub/XF/work/src/xf/port/default/dispatcher-default.cpp
Invoking: MCU G++ Compiler
C:\Users\yan.michello\Documents\GitHub\XF\work\test-bench\test1\ide-sw4stm32-test1-idf\Debug
arm-none-eabi-g++ -mcpu=cortex-m7 -mthumb -mfloat-abi=hard -mfpu=fpv5-sp-d16 '-D__weak=__attribute__((weak))' '-D__packed=__attribute__((__packed__))' -DUSE_HAL_DRIVER -DSTM32F746xx -I"C:/Users/yan.michello/Documents/GitHub/XF/work/test-bench/test1/ide-sw4stm32-test1-idf/../src" -I"C:/Users/yan.michello/Documents/GitHub/XF/work/test-bench/test1/ide-sw4stm32-test1-idf/.." -I"C:/Users/yan.michello/Documents/GitHub/XF/work/test-bench/test1/ide-sw4stm32-test1-idf" -I"C:/Users/yan.michello/Documents/GitHub/XF/work/src/platform/f7-disco-gcc" -I"C:/Users/yan.michello/Documents/GitHub/XF/work/src/platform/f7-disco-gcc/mcu" -I"C:/Users/yan.michello/Documents/GitHub/XF/work/test-bench/test1/ide-sw4stm32-test1-idf/../../../src" -I"C:/Users/yan.michello/Documents/GitHub/XF/work/test-bench/test1/ide-sw4stm32-test1-idf/../../../src/xf/include" -I"C:/Users/yan.michello/Documents/GitHub/XF/work/test-bench/test1/ide-sw4stm32-test1-idf/../../../src/xf/port" -I"C:/Users/yan.michello/Documents/GitHub/XF/work/test-bench/test1/ide-sw4stm32-test1-idf/../../../src/mdw" -I"C:/Users/yan.michello/Documents/GitHub/XF/work/test-bench/test1/ide-sw4stm32-test1-idf/../../../src/mdw/trace" -I"C:/Users/yan.michello/Documents/GitHub/XF/work/test-bench/test1/ide-sw4stm32-test1-idf/Inc" -I"C:/Users/yan.michello/Documents/GitHub/XF/work/test-bench/test1/ide-sw4stm32-test1-idf/Drivers/STM32F7xx_HAL_Driver/Inc" -I"C:/Users/yan.michello/Documents/GitHub/XF/work/test-bench/test1/ide-sw4stm32-test1-idf/Drivers/STM32F7xx_HAL_Driver/Inc/Legacy" -I../Middlewares/ST/STM32_USB_Host_Library/Core/Inc -I../Middlewares/ST/STM32_USB_Host_Library/Class/CDC/Inc -I"C:/Users/yan.michello/Documents/GitHub/XF/work/test-bench/test1/ide-sw4stm32-test1-idf/Drivers/CMSIS/Device/ST/STM32F7xx/Include" -I../Middlewares/Third_Party/FatFs/src -I"C:/Users/yan.michello/Documents/GitHub/XF/work/test-bench/test1/ide-sw4stm32-test1-idf/Drivers/CMSIS/Include"  -Og -g3 -Wall -fmessage-length=0 -ffunction-sections -c -fno-exceptions -fno-rtti -MMD -MP -MF"xf/port/default/dispatcher-default.d" -MT"xf/port/default/dispatcher-default.o" -o "xf/port/default/dispatcher-default.o" "C:/Users/yan.michello/Documents/GitHub/XF/work/src/xf/port/default/dispatcher-default.cpp"
In file included from c:\users\yan.michello\documents\github\xf\work\src\mdw\trace\trace.h:6:0,
                 from C:/Users/yan.michello/Documents/GitHub/XF/work/src/xf/port/default/dispatcher-default.cpp:12:
c:\users\yan.michello\documents\github\xf\work\src\mdw\trace\config/trace-config.h:14:2: warning: #warning "No project specific trace configuration found! Taking default configuration!" [-Wcpp]
 #warning "No project specific trace configuration found! Taking default configuration!"
  ^~~~~~~
Finished building: C:/Users/yan.michello/Documents/GitHub/XF/work/src/xf/port/default/dispatcher-default.cpp
 
Building target: ide-sw4stm32-test1-idf.elf
Invoking: MCU G++ Linker
arm-none-eabi-g++ -mcpu=cortex-m7 -mthumb -mfloat-abi=hard -mfpu=fpv5-sp-d16 -specs=nosys.specs -specs=nano.specs -T"../STM32F746NGHx_FLASH.ld" -Wl,-Map=output.map -Wl,--gc-sections -fno-exceptions -fno-rtti -o "ide-sw4stm32-test1-idf.elf" @"objects.list"   -lm
Finished building target: ide-sw4stm32-test1-idf.elf
 
make --no-print-directory post-build
Generating binary and Printing size information:
arm-none-eabi-objcopy -O binary "ide-sw4stm32-test1-idf.elf" "ide-sw4stm32-test1-idf.bin"
arm-none-eabi-size "ide-sw4stm32-test1-idf.elf"
   text	   data	    bss	    dec	    hex	filename
  31216	    152	   6984	  38352	   95d0	ide-sw4stm32-test1-idf.elf
 
16:08:33 **** Incremental Build of configuration Debug for project ide-sw4stm32-test1-idf ****
make -j8 all 
make: Nothing to be done for 'all'.
16:08:54 **** Incremental Build of configuration Debug for project ide-sw4stm32-test1-idf ****
make -j8 all 
make: Nothing to be done for 'all'.
16:09:33 **** Incremental Build of configuration Debug for project ide-sw4stm32-test1-idf ****
make -j8 all 
make: Nothing to be done for 'all'.
07:46:32 **** Incremental Build of configuration Debug for project ide-sw4stm32-test1-idf ****
make -j8 all 
Building file: C:/Users/yan.michello/Documents/GitHub/XF/work/src/xf/port/idf-stm32cube/port-functions.cpp
Building file: C:/Users/yan.michello/Documents/GitHub/XF/work/src/xf/port/default/dispatcher-active.cpp
Building file: C:/Users/yan.michello/Documents/GitHub/XF/work/src/xf/port/default/dispatcher-default.cpp
Building file: C:/Users/yan.michello/Documents/GitHub/XF/work/src/xf/port/default/eventqueue-default.cpp
Invoking: MCU G++ Compiler
Invoking: MCU G++ Compiler
Invoking: MCU G++ Compiler
Invoking: MCU G++ Compiler
C:\Users\yan.michello\Documents\GitHub\XF\work\test-bench\test1\ide-sw4stm32-test1-idf\Debug
C:\Users\yan.michello\Documents\GitHub\XF\work\test-bench\test1\ide-sw4stm32-test1-idf\Debug
C:\Users\yan.michello\Documents\GitHub\XF\work\test-bench\test1\ide-sw4stm32-test1-idf\Debug
arm-none-eabi-g++ -mcpu=cortex-m7 -mthumb -mfloat-abi=hard -mfpu=fpv5-sp-d16 '-D__weak=__attribute__((weak))' '-D__packed=__attribute__((__packed__))' -DUSE_HAL_DRIVER -DSTM32F746xx -I"C:/Users/yan.michello/Documents/GitHub/XF/work/test-bench/test1/ide-sw4stm32-test1-idf/../src" -I"C:/Users/yan.michello/Documents/GitHub/XF/work/test-bench/test1/ide-sw4stm32-test1-idf/.." -I"C:/Users/yan.michello/Documents/GitHub/XF/work/test-bench/test1/ide-sw4stm32-test1-idf" -I"C:/Users/yan.michello/Documents/GitHub/XF/work/src/platform/f7-disco-gcc" -I"C:/Users/yan.michello/Documents/GitHub/XF/work/src/platform/f7-disco-gcc/mcu" -I"C:/Users/yan.michello/Documents/GitHub/XF/work/test-bench/test1/ide-sw4stm32-test1-idf/../../../src" -I"C:/Users/yan.michello/Documents/GitHub/XF/work/test-bench/test1/ide-sw4stm32-test1-idf/../../../src/xf/include" -I"C:/Users/yan.michello/Documents/GitHub/XF/work/test-bench/test1/ide-sw4stm32-test1-idf/../../../src/xf/port" -I"C:/Users/yan.michello/Documents/GitHub/XF/work/test-bench/test1/ide-sw4stm32-test1-idf/../../../src/mdw" -I"C:/Users/yan.michello/Documents/GitHub/XF/work/test-bench/test1/ide-sw4stm32-test1-idf/../../../src/mdw/trace" -I"C:/Users/yan.michello/Documents/GitHub/XF/work/test-bench/test1/ide-sw4stm32-test1-idf/Inc" -I"C:/Users/yan.michello/Documents/GitHub/XF/work/test-bench/test1/ide-sw4stm32-test1-idf/Drivers/STM32F7xx_HAL_Driver/Inc" -I"C:/Users/yan.michello/Documents/GitHub/XF/work/test-bench/test1/ide-sw4stm32-test1-idf/Drivers/STM32F7xx_HAL_Driver/Inc/Legacy" -I../Middlewares/ST/STM32_USB_Host_Library/Core/Inc -I../Middlewares/ST/STM32_USB_Host_Library/Class/CDC/Inc -I"C:/Users/yan.michello/Documents/GitHub/XF/work/test-bench/test1/ide-sw4stm32-test1-idf/Drivers/CMSIS/Device/ST/STM32F7xx/Include" -I../Middlewares/Third_Party/FatFs/src -I"C:/Users/yan.michello/Documents/GitHub/XF/work/test-bench/test1/ide-sw4stm32-test1-idf/Drivers/CMSIS/Include"  -Og -g3 -Wall -fmessage-length=0 -ffunction-sections -c -fno-exceptions -fno-rtti -MMD -MP -MF"xf/port/idf-stm32cube/port-functions.d" -MT"xf/port/idf-stm32cube/port-functions.o" -o "xf/port/idf-stm32cube/port-functions.o" "C:/Users/yan.michello/Documents/GitHub/XF/work/src/xf/port/idf-stm32cube/port-functions.cpp"
Building file: C:/Users/yan.michello/Documents/GitHub/XF/work/src/xf/port/default/mutex-default.cpp
arm-none-eabi-g++ -mcpu=cortex-m7 -mthumb -mfloat-abi=hard -mfpu=fpv5-sp-d16 '-D__weak=__attribute__((weak))' '-D__packed=__attribute__((__packed__))' -DUSE_HAL_DRIVER -DSTM32F746xx -I"C:/Users/yan.michello/Documents/GitHub/XF/work/test-bench/test1/ide-sw4stm32-test1-idf/../src" -I"C:/Users/yan.michello/Documents/GitHub/XF/work/test-bench/test1/ide-sw4stm32-test1-idf/.." -I"C:/Users/yan.michello/Documents/GitHub/XF/work/test-bench/test1/ide-sw4stm32-test1-idf" -I"C:/Users/yan.michello/Documents/GitHub/XF/work/src/platform/f7-disco-gcc" -I"C:/Users/yan.michello/Documents/GitHub/XF/work/src/platform/f7-disco-gcc/mcu" -I"C:/Users/yan.michello/Documents/GitHub/XF/work/test-bench/test1/ide-sw4stm32-test1-idf/../../../src" -I"C:/Users/yan.michello/Documents/GitHub/XF/work/test-bench/test1/ide-sw4stm32-test1-idf/../../../src/xf/include" -I"C:/Users/yan.michello/Documents/GitHub/XF/work/test-bench/test1/ide-sw4stm32-test1-idf/../../../src/xf/port" -I"C:/Users/yan.michello/Documents/GitHub/XF/work/test-bench/test1/ide-sw4stm32-test1-idf/../../../src/mdw" -I"C:/Users/yan.michello/Documents/GitHub/XF/work/test-bench/test1/ide-sw4stm32-test1-idf/../../../src/mdw/trace" -I"C:/Users/yan.michello/Documents/GitHub/XF/work/test-bench/test1/ide-sw4stm32-test1-idf/Inc" -I"C:/Users/yan.michello/Documents/GitHub/XF/work/test-bench/test1/ide-sw4stm32-test1-idf/Drivers/STM32F7xx_HAL_Driver/Inc" -I"C:/Users/yan.michello/Documents/GitHub/XF/work/test-bench/test1/ide-sw4stm32-test1-idf/Drivers/STM32F7xx_HAL_Driver/Inc/Legacy" -I../Middlewares/ST/STM32_USB_Host_Library/Core/Inc -I../Middlewares/ST/STM32_USB_Host_Library/Class/CDC/Inc -I"C:/Users/yan.michello/Documents/GitHub/XF/work/test-bench/test1/ide-sw4stm32-test1-idf/Drivers/CMSIS/Device/ST/STM32F7xx/Include" -I../Middlewares/Third_Party/FatFs/src -I"C:/Users/yan.michello/Documents/GitHub/XF/work/test-bench/test1/ide-sw4stm32-test1-idf/Drivers/CMSIS/Include"  -Og -g3 -Wall -fmessage-length=0 -ffunction-sections -c -fno-exceptions -fno-rtti -MMD -MP -MF"xf/port/default/dispatcher-active.d" -MT"xf/port/default/dispatcher-active.o" -o "xf/port/default/dispatcher-active.o" "C:/Users/yan.michello/Documents/GitHub/XF/work/src/xf/port/default/dispatcher-active.cpp"
C:\Users\yan.michello\Documents\GitHub\XF\work\test-bench\test1\ide-sw4stm32-test1-idf\Debug
arm-none-eabi-g++ -mcpu=cortex-m7 -mthumb -mfloat-abi=hard -mfpu=fpv5-sp-d16 '-D__weak=__attribute__((weak))' '-D__packed=__attribute__((__packed__))' -DUSE_HAL_DRIVER -DSTM32F746xx -I"C:/Users/yan.michello/Documents/GitHub/XF/work/test-bench/test1/ide-sw4stm32-test1-idf/../src" -I"C:/Users/yan.michello/Documents/GitHub/XF/work/test-bench/test1/ide-sw4stm32-test1-idf/.." -I"C:/Users/yan.michello/Documents/GitHub/XF/work/test-bench/test1/ide-sw4stm32-test1-idf" -I"C:/Users/yan.michello/Documents/GitHub/XF/work/src/platform/f7-disco-gcc" -I"C:/Users/yan.michello/Documents/GitHub/XF/work/src/platform/f7-disco-gcc/mcu" -I"C:/Users/yan.michello/Documents/GitHub/XF/work/test-bench/test1/ide-sw4stm32-test1-idf/../../../src" -I"C:/Users/yan.michello/Documents/GitHub/XF/work/test-bench/test1/ide-sw4stm32-test1-idf/../../../src/xf/include" -I"C:/Users/yan.michello/Documents/GitHub/XF/work/test-bench/test1/ide-sw4stm32-test1-idf/../../../src/xf/port" -I"C:/Users/yan.michello/Documents/GitHub/XF/work/test-bench/test1/ide-sw4stm32-test1-idf/../../../src/mdw" -I"C:/Users/yan.michello/Documents/GitHub/XF/work/test-bench/test1/ide-sw4stm32-test1-idf/../../../src/mdw/trace" -I"C:/Users/yan.michello/Documents/GitHub/XF/work/test-bench/test1/ide-sw4stm32-test1-idf/Inc" -I"C:/Users/yan.michello/Documents/GitHub/XF/work/test-bench/test1/ide-sw4stm32-test1-idf/Drivers/STM32F7xx_HAL_Driver/Inc" -I"C:/Users/yan.michello/Documents/GitHub/XF/work/test-bench/test1/ide-sw4stm32-test1-idf/Drivers/STM32F7xx_HAL_Driver/Inc/Legacy" -I../Middlewares/ST/STM32_USB_Host_Library/Core/Inc -I../Middlewares/ST/STM32_USB_Host_Library/Class/CDC/Inc -I"C:/Users/yan.michello/Documents/GitHub/XF/work/test-bench/test1/ide-sw4stm32-test1-idf/Drivers/CMSIS/Device/ST/STM32F7xx/Include" -I../Middlewares/Third_Party/FatFs/src -I"C:/Users/yan.michello/Documents/GitHub/XF/work/test-bench/test1/ide-sw4stm32-test1-idf/Drivers/CMSIS/Include"  -Og -g3 -Wall -fmessage-length=0 -ffunction-sections -c -fno-exceptions -fno-rtti -MMD -MP -MF"xf/port/default/dispatcher-default.d" -MT"xf/port/default/dispatcher-default.o" -o "xf/port/default/dispatcher-default.o" "C:/Users/yan.michello/Documents/GitHub/XF/work/src/xf/port/default/dispatcher-default.cpp"
arm-none-eabi-g++ -mcpu=cortex-m7 -mthumb -mfloat-abi=hard -mfpu=fpv5-sp-d16 '-D__weak=__attribute__((weak))' '-D__packed=__attribute__((__packed__))' -DUSE_HAL_DRIVER -DSTM32F746xx -I"C:/Users/yan.michello/Documents/GitHub/XF/work/test-bench/test1/ide-sw4stm32-test1-idf/../src" -I"C:/Users/yan.michello/Documents/GitHub/XF/work/test-bench/test1/ide-sw4stm32-test1-idf/.." -I"C:/Users/yan.michello/Documents/GitHub/XF/work/test-bench/test1/ide-sw4stm32-test1-idf" -I"C:/Users/yan.michello/Documents/GitHub/XF/work/src/platform/f7-disco-gcc" -I"C:/Users/yan.michello/Documents/GitHub/XF/work/src/platform/f7-disco-gcc/mcu" -I"C:/Users/yan.michello/Documents/GitHub/XF/work/test-bench/test1/ide-sw4stm32-test1-idf/../../../src" -I"C:/Users/yan.michello/Documents/GitHub/XF/work/test-bench/test1/ide-sw4stm32-test1-idf/../../../src/xf/include" -I"C:/Users/yan.michello/Documents/GitHub/XF/work/test-bench/test1/ide-sw4stm32-test1-idf/../../../src/xf/port" -I"C:/Users/yan.michello/Documents/GitHub/XF/work/test-bench/test1/ide-sw4stm32-test1-idf/../../../src/mdw" -I"C:/Users/yan.michello/Documents/GitHub/XF/work/test-bench/test1/ide-sw4stm32-test1-idf/../../../src/mdw/trace" -I"C:/Users/yan.michello/Documents/GitHub/XF/work/test-bench/test1/ide-sw4stm32-test1-idf/Inc" -I"C:/Users/yan.michello/Documents/GitHub/XF/work/test-bench/test1/ide-sw4stm32-test1-idf/Drivers/STM32F7xx_HAL_Driver/Inc" -I"C:/Users/yan.michello/Documents/GitHub/XF/work/test-bench/test1/ide-sw4stm32-test1-idf/Drivers/STM32F7xx_HAL_Driver/Inc/Legacy" -I../Middlewares/ST/STM32_USB_Host_Library/Core/Inc -I../Middlewares/ST/STM32_USB_Host_Library/Class/CDC/Inc -I"C:/Users/yan.michello/Documents/GitHub/XF/work/test-bench/test1/ide-sw4stm32-test1-idf/Drivers/CMSIS/Device/ST/STM32F7xx/Include" -I../Middlewares/Third_Party/FatFs/src -I"C:/Users/yan.michello/Documents/GitHub/XF/work/test-bench/test1/ide-sw4stm32-test1-idf/Drivers/CMSIS/Include"  -Og -g3 -Wall -fmessage-length=0 -ffunction-sections -c -fno-exceptions -fno-rtti -MMD -MP -MF"xf/port/default/eventqueue-default.d" -MT"xf/port/default/eventqueue-default.o" -o "xf/port/default/eventqueue-default.o" "C:/Users/yan.michello/Documents/GitHub/XF/work/src/xf/port/default/eventqueue-default.cpp"
Invoking: MCU G++ Compiler
Building file: C:/Users/yan.michello/Documents/GitHub/XF/work/src/xf/port/default/resourcefactory-default.cpp
Building file: C:/Users/yan.michello/Documents/GitHub/XF/work/src/xf/port/default/timeoutmanager-default.cpp
C:\Users\yan.michello\Documents\GitHub\XF\work\test-bench\test1\ide-sw4stm32-test1-idf\Debug
arm-none-eabi-g++ -mcpu=cortex-m7 -mthumb -mfloat-abi=hard -mfpu=fpv5-sp-d16 '-D__weak=__attribute__((weak))' '-D__packed=__attribute__((__packed__))' -DUSE_HAL_DRIVER -DSTM32F746xx -I"C:/Users/yan.michello/Documents/GitHub/XF/work/test-bench/test1/ide-sw4stm32-test1-idf/../src" -I"C:/Users/yan.michello/Documents/GitHub/XF/work/test-bench/test1/ide-sw4stm32-test1-idf/.." -I"C:/Users/yan.michello/Documents/GitHub/XF/work/test-bench/test1/ide-sw4stm32-test1-idf" -I"C:/Users/yan.michello/Documents/GitHub/XF/work/src/platform/f7-disco-gcc" -I"C:/Users/yan.michello/Documents/GitHub/XF/work/src/platform/f7-disco-gcc/mcu" -I"C:/Users/yan.michello/Documents/GitHub/XF/work/test-bench/test1/ide-sw4stm32-test1-idf/../../../src" -I"C:/Users/yan.michello/Documents/GitHub/XF/work/test-bench/test1/ide-sw4stm32-test1-idf/../../../src/xf/include" -I"C:/Users/yan.michello/Documents/GitHub/XF/work/test-bench/test1/ide-sw4stm32-test1-idf/../../../src/xf/port" -I"C:/Users/yan.michello/Documents/GitHub/XF/work/test-bench/test1/ide-sw4stm32-test1-idf/../../../src/mdw" -I"C:/Users/yan.michello/Documents/GitHub/XF/work/test-bench/test1/ide-sw4stm32-test1-idf/../../../src/mdw/trace" -I"C:/Users/yan.michello/Documents/GitHub/XF/work/test-bench/test1/ide-sw4stm32-test1-idf/Inc" -I"C:/Users/yan.michello/Documents/GitHub/XF/work/test-bench/test1/ide-sw4stm32-test1-idf/Drivers/STM32F7xx_HAL_Driver/Inc" -I"C:/Users/yan.michello/Documents/GitHub/XF/work/test-bench/test1/ide-sw4stm32-test1-idf/Drivers/STM32F7xx_HAL_Driver/Inc/Legacy" -I../Middlewares/ST/STM32_USB_Host_Library/Core/Inc -I../Middlewares/ST/STM32_USB_Host_Library/Class/CDC/Inc -I"C:/Users/yan.michello/Documents/GitHub/XF/work/test-bench/test1/ide-sw4stm32-test1-idf/Drivers/CMSIS/Device/ST/STM32F7xx/Include" -I../Middlewares/Third_Party/FatFs/src -I"C:/Users/yan.michello/Documents/GitHub/XF/work/test-bench/test1/ide-sw4stm32-test1-idf/Drivers/CMSIS/Include"  -Og -g3 -Wall -fmessage-length=0 -ffunction-sections -c -fno-exceptions -fno-rtti -MMD -MP -MF"xf/port/default/mutex-default.d" -MT"xf/port/default/mutex-default.o" -o "xf/port/default/mutex-default.o" "C:/Users/yan.michello/Documents/GitHub/XF/work/src/xf/port/default/mutex-default.cpp"
Building file: C:/Users/yan.michello/Documents/GitHub/XF/work/src/xf/port/default/xf-default.cpp
Invoking: MCU G++ Compiler
Invoking: MCU G++ Compiler
Invoking: MCU G++ Compiler
C:\Users\yan.michello\Documents\GitHub\XF\work\test-bench\test1\ide-sw4stm32-test1-idf\Debug
C:\Users\yan.michello\Documents\GitHub\XF\work\test-bench\test1\ide-sw4stm32-test1-idf\Debug
arm-none-eabi-g++ -mcpu=cortex-m7 -mthumb -mfloat-abi=hard -mfpu=fpv5-sp-d16 '-D__weak=__attribute__((weak))' '-D__packed=__attribute__((__packed__))' -DUSE_HAL_DRIVER -DSTM32F746xx -I"C:/Users/yan.michello/Documents/GitHub/XF/work/test-bench/test1/ide-sw4stm32-test1-idf/../src" -I"C:/Users/yan.michello/Documents/GitHub/XF/work/test-bench/test1/ide-sw4stm32-test1-idf/.." -I"C:/Users/yan.michello/Documents/GitHub/XF/work/test-bench/test1/ide-sw4stm32-test1-idf" -I"C:/Users/yan.michello/Documents/GitHub/XF/work/src/platform/f7-disco-gcc" -I"C:/Users/yan.michello/Documents/GitHub/XF/work/src/platform/f7-disco-gcc/mcu" -I"C:/Users/yan.michello/Documents/GitHub/XF/work/test-bench/test1/ide-sw4stm32-test1-idf/../../../src" -I"C:/Users/yan.michello/Documents/GitHub/XF/work/test-bench/test1/ide-sw4stm32-test1-idf/../../../src/xf/include" -I"C:/Users/yan.michello/Documents/GitHub/XF/work/test-bench/test1/ide-sw4stm32-test1-idf/../../../src/xf/port" -I"C:/Users/yan.michello/Documents/GitHub/XF/work/test-bench/test1/ide-sw4stm32-test1-idf/../../../src/mdw" -I"C:/Users/yan.michello/Documents/GitHub/XF/work/test-bench/test1/ide-sw4stm32-test1-idf/../../../src/mdw/trace" -I"C:/Users/yan.michello/Documents/GitHub/XF/work/test-bench/test1/ide-sw4stm32-test1-idf/Inc" -I"C:/Users/yan.michello/Documents/GitHub/XF/work/test-bench/test1/ide-sw4stm32-test1-idf/Drivers/STM32F7xx_HAL_Driver/Inc" -I"C:/Users/yan.michello/Documents/GitHub/XF/work/test-bench/test1/ide-sw4stm32-test1-idf/Drivers/STM32F7xx_HAL_Driver/Inc/Legacy" -I../Middlewares/ST/STM32_USB_Host_Library/Core/Inc -I../Middlewares/ST/STM32_USB_Host_Library/Class/CDC/Inc -I"C:/Users/yan.michello/Documents/GitHub/XF/work/test-bench/test1/ide-sw4stm32-test1-idf/Drivers/CMSIS/Device/ST/STM32F7xx/Include" -I../Middlewares/Third_Party/FatFs/src -I"C:/Users/yan.michello/Documents/GitHub/XF/work/test-bench/test1/ide-sw4stm32-test1-idf/Drivers/CMSIS/Include"  -Og -g3 -Wall -fmessage-length=0 -ffunction-sections -c -fno-exceptions -fno-rtti -MMD -MP -MF"xf/port/default/timeoutmanager-default.d" -MT"xf/port/default/timeoutmanager-default.o" -o "xf/port/default/timeoutmanager-default.o" "C:/Users/yan.michello/Documents/GitHub/XF/work/src/xf/port/default/timeoutmanager-default.cpp"
arm-none-eabi-g++ -mcpu=cortex-m7 -mthumb -mfloat-abi=hard -mfpu=fpv5-sp-d16 '-D__weak=__attribute__((weak))' '-D__packed=__attribute__((__packed__))' -DUSE_HAL_DRIVER -DSTM32F746xx -I"C:/Users/yan.michello/Documents/GitHub/XF/work/test-bench/test1/ide-sw4stm32-test1-idf/../src" -I"C:/Users/yan.michello/Documents/GitHub/XF/work/test-bench/test1/ide-sw4stm32-test1-idf/.." -I"C:/Users/yan.michello/Documents/GitHub/XF/work/test-bench/test1/ide-sw4stm32-test1-idf" -I"C:/Users/yan.michello/Documents/GitHub/XF/work/src/platform/f7-disco-gcc" -I"C:/Users/yan.michello/Documents/GitHub/XF/work/src/platform/f7-disco-gcc/mcu" -I"C:/Users/yan.michello/Documents/GitHub/XF/work/test-bench/test1/ide-sw4stm32-test1-idf/../../../src" -I"C:/Users/yan.michello/Documents/GitHub/XF/work/test-bench/test1/ide-sw4stm32-test1-idf/../../../src/xf/include" -I"C:/Users/yan.michello/Documents/GitHub/XF/work/test-bench/test1/ide-sw4stm32-test1-idf/../../../src/xf/port" -I"C:/Users/yan.michello/Documents/GitHub/XF/work/test-bench/test1/ide-sw4stm32-test1-idf/../../../src/mdw" -I"C:/Users/yan.michello/Documents/GitHub/XF/work/test-bench/test1/ide-sw4stm32-test1-idf/../../../src/mdw/trace" -I"C:/Users/yan.michello/Documents/GitHub/XF/work/test-bench/test1/ide-sw4stm32-test1-idf/Inc" -I"C:/Users/yan.michello/Documents/GitHub/XF/work/test-bench/test1/ide-sw4stm32-test1-idf/Drivers/STM32F7xx_HAL_Driver/Inc" -I"C:/Users/yan.michello/Documents/GitHub/XF/work/test-bench/test1/ide-sw4stm32-test1-idf/Drivers/STM32F7xx_HAL_Driver/Inc/Legacy" -I../Middlewares/ST/STM32_USB_Host_Library/Core/Inc -I../Middlewares/ST/STM32_USB_Host_Library/Class/CDC/Inc -I"C:/Users/yan.michello/Documents/GitHub/XF/work/test-bench/test1/ide-sw4stm32-test1-idf/Drivers/CMSIS/Device/ST/STM32F7xx/Include" -I../Middlewares/Third_Party/FatFs/src -I"C:/Users/yan.michello/Documents/GitHub/XF/work/test-bench/test1/ide-sw4stm32-test1-idf/Drivers/CMSIS/Include"  -Og -g3 -Wall -fmessage-length=0 -ffunction-sections -c -fno-exceptions -fno-rtti -MMD -MP -MF"xf/port/default/resourcefactory-default.d" -MT"xf/port/default/resourcefactory-default.o" -o "xf/port/default/resourcefactory-default.o" "C:/Users/yan.michello/Documents/GitHub/XF/work/src/xf/port/default/resourcefactory-default.cpp"
C:\Users\yan.michello\Documents\GitHub\XF\work\test-bench\test1\ide-sw4stm32-test1-idf\Debug
arm-none-eabi-g++ -mcpu=cortex-m7 -mthumb -mfloat-abi=hard -mfpu=fpv5-sp-d16 '-D__weak=__attribute__((weak))' '-D__packed=__attribute__((__packed__))' -DUSE_HAL_DRIVER -DSTM32F746xx -I"C:/Users/yan.michello/Documents/GitHub/XF/work/test-bench/test1/ide-sw4stm32-test1-idf/../src" -I"C:/Users/yan.michello/Documents/GitHub/XF/work/test-bench/test1/ide-sw4stm32-test1-idf/.." -I"C:/Users/yan.michello/Documents/GitHub/XF/work/test-bench/test1/ide-sw4stm32-test1-idf" -I"C:/Users/yan.michello/Documents/GitHub/XF/work/src/platform/f7-disco-gcc" -I"C:/Users/yan.michello/Documents/GitHub/XF/work/src/platform/f7-disco-gcc/mcu" -I"C:/Users/yan.michello/Documents/GitHub/XF/work/test-bench/test1/ide-sw4stm32-test1-idf/../../../src" -I"C:/Users/yan.michello/Documents/GitHub/XF/work/test-bench/test1/ide-sw4stm32-test1-idf/../../../src/xf/include" -I"C:/Users/yan.michello/Documents/GitHub/XF/work/test-bench/test1/ide-sw4stm32-test1-idf/../../../src/xf/port" -I"C:/Users/yan.michello/Documents/GitHub/XF/work/test-bench/test1/ide-sw4stm32-test1-idf/../../../src/mdw" -I"C:/Users/yan.michello/Documents/GitHub/XF/work/test-bench/test1/ide-sw4stm32-test1-idf/../../../src/mdw/trace" -I"C:/Users/yan.michello/Documents/GitHub/XF/work/test-bench/test1/ide-sw4stm32-test1-idf/Inc" -I"C:/Users/yan.michello/Documents/GitHub/XF/work/test-bench/test1/ide-sw4stm32-test1-idf/Drivers/STM32F7xx_HAL_Driver/Inc" -I"C:/Users/yan.michello/Documents/GitHub/XF/work/test-bench/test1/ide-sw4stm32-test1-idf/Drivers/STM32F7xx_HAL_Driver/Inc/Legacy" -I../Middlewares/ST/STM32_USB_Host_Library/Core/Inc -I../Middlewares/ST/STM32_USB_Host_Library/Class/CDC/Inc -I"C:/Users/yan.michello/Documents/GitHub/XF/work/test-bench/test1/ide-sw4stm32-test1-idf/Drivers/CMSIS/Device/ST/STM32F7xx/Include" -I../Middlewares/Third_Party/FatFs/src -I"C:/Users/yan.michello/Documents/GitHub/XF/work/test-bench/test1/ide-sw4stm32-test1-idf/Drivers/CMSIS/Include"  -Og -g3 -Wall -fmessage-length=0 -ffunction-sections -c -fno-exceptions -fno-rtti -MMD -MP -MF"xf/port/default/xf-default.d" -MT"xf/port/default/xf-default.o" -o "xf/port/default/xf-default.o" "C:/Users/yan.michello/Documents/GitHub/XF/work/src/xf/port/default/xf-default.cpp"
In file included from c:\users\yan.michello\documents\github\xf\work\src\mdw\trace\trace.h:6:0,
                 from C:/Users/yan.michello/Documents/GitHub/XF/work/src/xf/port/default/timeoutmanager-default.cpp:7:
c:\users\yan.michello\documents\github\xf\work\src\mdw\trace\config/trace-config.h:14:2: warning: #warning "No project specific trace configuration found! Taking default configuration!" [-Wcpp]
 #warning "No project specific trace configuration found! Taking default configuration!"
  ^~~~~~~
In file included from c:\users\yan.michello\documents\github\xf\work\src\mdw\trace\trace.h:6:0,
                 from C:/Users/yan.michello/Documents/GitHub/XF/work/src/xf/port/default/dispatcher-default.cpp:12:
c:\users\yan.michello\documents\github\xf\work\src\mdw\trace\config/trace-config.h:14:2: warning: #warning "No project specific trace configuration found! Taking default configuration!" [-Wcpp]
 #warning "No project specific trace configuration found! Taking default configuration!"
  ^~~~~~~
In file included from c:\users\yan.michello\documents\github\xf\work\src\mdw\trace\trace.h:6:0,
                 from C:/Users/yan.michello/Documents/GitHub/XF/work/src/platform/f7-disco-gcc/mcu/mcu.h:5,
                 from C:/Users/yan.michello/Documents/GitHub/XF/work/src/xf/port/idf-stm32cube/port-functions.cpp:6:
c:\users\yan.michello\documents\github\xf\work\src\mdw\trace\config/trace-config.h:14:2: warning: #warning "No project specific trace configuration found! Taking default configuration!" [-Wcpp]
 #warning "No project specific trace configuration found! Taking default configuration!"
  ^~~~~~~
Finished building: C:/Users/yan.michello/Documents/GitHub/XF/work/src/xf/port/default/mutex-default.cpp
Finished building: C:/Users/yan.michello/Documents/GitHub/XF/work/src/xf/port/default/dispatcher-active.cpp
 
 
Building file: C:/Users/yan.michello/Documents/GitHub/XF/work/src/xf/core/behavior.cpp
Building file: C:/Users/yan.michello/Documents/GitHub/XF/work/src/xf/core/customevent.cpp
Finished building: C:/Users/yan.michello/Documents/GitHub/XF/work/src/xf/port/default/resourcefactory-default.cpp
Invoking: MCU G++ Compiler
Finished building: C:/Users/yan.michello/Documents/GitHub/XF/work/src/xf/port/default/xf-default.cpp
Invoking: MCU G++ Compiler
C:\Users\yan.michello\Documents\GitHub\XF\work\test-bench\test1\ide-sw4stm32-test1-idf\Debug
 
arm-none-eabi-g++ -mcpu=cortex-m7 -mthumb -mfloat-abi=hard -mfpu=fpv5-sp-d16 '-D__weak=__attribute__((weak))' '-D__packed=__attribute__((__packed__))' -DUSE_HAL_DRIVER -DSTM32F746xx -I"C:/Users/yan.michello/Documents/GitHub/XF/work/test-bench/test1/ide-sw4stm32-test1-idf/../src" -I"C:/Users/yan.michello/Documents/GitHub/XF/work/test-bench/test1/ide-sw4stm32-test1-idf/.." -I"C:/Users/yan.michello/Documents/GitHub/XF/work/test-bench/test1/ide-sw4stm32-test1-idf" -I"C:/Users/yan.michello/Documents/GitHub/XF/work/src/platform/f7-disco-gcc" -I"C:/Users/yan.michello/Documents/GitHub/XF/work/src/platform/f7-disco-gcc/mcu" -I"C:/Users/yan.michello/Documents/GitHub/XF/work/test-bench/test1/ide-sw4stm32-test1-idf/../../../src" -I"C:/Users/yan.michello/Documents/GitHub/XF/work/test-bench/test1/ide-sw4stm32-test1-idf/../../../src/xf/include" -I"C:/Users/yan.michello/Documents/GitHub/XF/work/test-bench/test1/ide-sw4stm32-test1-idf/../../../src/xf/port" -I"C:/Users/yan.michello/Documents/GitHub/XF/work/test-bench/test1/ide-sw4stm32-test1-idf/../../../src/mdw" -I"C:/Users/yan.michello/Documents/GitHub/XF/work/test-bench/test1/ide-sw4stm32-test1-idf/../../../src/mdw/trace" -I"C:/Users/yan.michello/Documents/GitHub/XF/work/test-bench/test1/ide-sw4stm32-test1-idf/Inc" -I"C:/Users/yan.michello/Documents/GitHub/XF/work/test-bench/test1/ide-sw4stm32-test1-idf/Drivers/STM32F7xx_HAL_Driver/Inc" -I"C:/Users/yan.michello/Documents/GitHub/XF/work/test-bench/test1/ide-sw4stm32-test1-idf/Drivers/STM32F7xx_HAL_Driver/Inc/Legacy" -I../Middlewares/ST/STM32_USB_Host_Library/Core/Inc -I../Middlewares/ST/STM32_USB_Host_Library/Class/CDC/Inc -I"C:/Users/yan.michello/Documents/GitHub/XF/work/test-bench/test1/ide-sw4stm32-test1-idf/Drivers/CMSIS/Device/ST/STM32F7xx/Include" -I../Middlewares/Third_Party/FatFs/src -I"C:/Users/yan.michello/Documents/GitHub/XF/work/test-bench/test1/ide-sw4stm32-test1-idf/Drivers/CMSIS/Include"  -Og -g3 -Wall -fmessage-length=0 -ffunction-sections -c -fno-exceptions -fno-rtti -MMD -MP -MF"xf/core/behavior.d" -MT"xf/core/behavior.o" -o "xf/core/behavior.o" "C:/Users/yan.michello/Documents/GitHub/XF/work/src/xf/core/behavior.cpp"
 
C:\Users\yan.michello\Documents\GitHub\XF\work\test-bench\test1\ide-sw4stm32-test1-idf\Debug
arm-none-eabi-g++ -mcpu=cortex-m7 -mthumb -mfloat-abi=hard -mfpu=fpv5-sp-d16 '-D__weak=__attribute__((weak))' '-D__packed=__attribute__((__packed__))' -DUSE_HAL_DRIVER -DSTM32F746xx -I"C:/Users/yan.michello/Documents/GitHub/XF/work/test-bench/test1/ide-sw4stm32-test1-idf/../src" -I"C:/Users/yan.michello/Documents/GitHub/XF/work/test-bench/test1/ide-sw4stm32-test1-idf/.." -I"C:/Users/yan.michello/Documents/GitHub/XF/work/test-bench/test1/ide-sw4stm32-test1-idf" -I"C:/Users/yan.michello/Documents/GitHub/XF/work/src/platform/f7-disco-gcc" -I"C:/Users/yan.michello/Documents/GitHub/XF/work/src/platform/f7-disco-gcc/mcu" -I"C:/Users/yan.michello/Documents/GitHub/XF/work/test-bench/test1/ide-sw4stm32-test1-idf/../../../src" -I"C:/Users/yan.michello/Documents/GitHub/XF/work/test-bench/test1/ide-sw4stm32-test1-idf/../../../src/xf/include" -I"C:/Users/yan.michello/Documents/GitHub/XF/work/test-bench/test1/ide-sw4stm32-test1-idf/../../../src/xf/port" -I"C:/Users/yan.michello/Documents/GitHub/XF/work/test-bench/test1/ide-sw4stm32-test1-idf/../../../src/mdw" -I"C:/Users/yan.michello/Documents/GitHub/XF/work/test-bench/test1/ide-sw4stm32-test1-idf/../../../src/mdw/trace" -I"C:/Users/yan.michello/Documents/GitHub/XF/work/test-bench/test1/ide-sw4stm32-test1-idf/Inc" -I"C:/Users/yan.michello/Documents/GitHub/XF/work/test-bench/test1/ide-sw4stm32-test1-idf/Drivers/STM32F7xx_HAL_Driver/Inc" -I"C:/Users/yan.michello/Documents/GitHub/XF/work/test-bench/test1/ide-sw4stm32-test1-idf/Drivers/STM32F7xx_HAL_Driver/Inc/Legacy" -I../Middlewares/ST/STM32_USB_Host_Library/Core/Inc -I../Middlewares/ST/STM32_USB_Host_Library/Class/CDC/Inc -I"C:/Users/yan.michello/Documents/GitHub/XF/work/test-bench/test1/ide-sw4stm32-test1-idf/Drivers/CMSIS/Device/ST/STM32F7xx/Include" -I../Middlewares/Third_Party/FatFs/src -I"C:/Users/yan.michello/Documents/GitHub/XF/work/test-bench/test1/ide-sw4stm32-test1-idf/Drivers/CMSIS/Include"  -Og -g3 -Wall -fmessage-length=0 -ffunction-sections -c -fno-exceptions -fno-rtti -MMD -MP -MF"xf/core/customevent.d" -MT"xf/core/customevent.o" -o "xf/core/customevent.o" "C:/Users/yan.michello/Documents/GitHub/XF/work/src/xf/core/customevent.cpp"
Finished building: C:/Users/yan.michello/Documents/GitHub/XF/work/src/xf/port/default/eventqueue-default.cpp
Building file: C:/Users/yan.michello/Documents/GitHub/XF/work/src/xf/core/initialevent.cpp
Building file: C:/Users/yan.michello/Documents/GitHub/XF/work/src/xf/core/nulltransition.cpp
 
Invoking: MCU G++ Compiler
Invoking: MCU G++ Compiler
C:\Users\yan.michello\Documents\GitHub\XF\work\test-bench\test1\ide-sw4stm32-test1-idf\Debug
Building file: C:/Users/yan.michello/Documents/GitHub/XF/work/src/xf/core/timeout.cpp
arm-none-eabi-g++ -mcpu=cortex-m7 -mthumb -mfloat-abi=hard -mfpu=fpv5-sp-d16 '-D__weak=__attribute__((weak))' '-D__packed=__attribute__((__packed__))' -DUSE_HAL_DRIVER -DSTM32F746xx -I"C:/Users/yan.michello/Documents/GitHub/XF/work/test-bench/test1/ide-sw4stm32-test1-idf/../src" -I"C:/Users/yan.michello/Documents/GitHub/XF/work/test-bench/test1/ide-sw4stm32-test1-idf/.." -I"C:/Users/yan.michello/Documents/GitHub/XF/work/test-bench/test1/ide-sw4stm32-test1-idf" -I"C:/Users/yan.michello/Documents/GitHub/XF/work/src/platform/f7-disco-gcc" -I"C:/Users/yan.michello/Documents/GitHub/XF/work/src/platform/f7-disco-gcc/mcu" -I"C:/Users/yan.michello/Documents/GitHub/XF/work/test-bench/test1/ide-sw4stm32-test1-idf/../../../src" -I"C:/Users/yan.michello/Documents/GitHub/XF/work/test-bench/test1/ide-sw4stm32-test1-idf/../../../src/xf/include" -I"C:/Users/yan.michello/Documents/GitHub/XF/work/test-bench/test1/ide-sw4stm32-test1-idf/../../../src/xf/port" -I"C:/Users/yan.michello/Documents/GitHub/XF/work/test-bench/test1/ide-sw4stm32-test1-idf/../../../src/mdw" -I"C:/Users/yan.michello/Documents/GitHub/XF/work/test-bench/test1/ide-sw4stm32-test1-idf/../../../src/mdw/trace" -I"C:/Users/yan.michello/Documents/GitHub/XF/work/test-bench/test1/ide-sw4stm32-test1-idf/Inc" -I"C:/Users/yan.michello/Documents/GitHub/XF/work/test-bench/test1/ide-sw4stm32-test1-idf/Drivers/STM32F7xx_HAL_Driver/Inc" -I"C:/Users/yan.michello/Documents/GitHub/XF/work/test-bench/test1/ide-sw4stm32-test1-idf/Drivers/STM32F7xx_HAL_Driver/Inc/Legacy" -I../Middlewares/ST/STM32_USB_Host_Library/Core/Inc -I../Middlewares/ST/STM32_USB_Host_Library/Class/CDC/Inc -I"C:/Users/yan.michello/Documents/GitHub/XF/work/test-bench/test1/ide-sw4stm32-test1-idf/Drivers/CMSIS/Device/ST/STM32F7xx/Include" -I../Middlewares/Third_Party/FatFs/src -I"C:/Users/yan.michello/Documents/GitHub/XF/work/test-bench/test1/ide-sw4stm32-test1-idf/Drivers/CMSIS/Include"  -Og -g3 -Wall -fmessage-length=0 -ffunction-sections -c -fno-exceptions -fno-rtti -MMD -MP -MF"xf/core/initialevent.d" -MT"xf/core/initialevent.o" -o "xf/core/initialevent.o" "C:/Users/yan.michello/Documents/GitHub/XF/work/src/xf/core/initialevent.cpp"
C:\Users\yan.michello\Documents\GitHub\XF\work\test-bench\test1\ide-sw4stm32-test1-idf\Debug
arm-none-eabi-g++ -mcpu=cortex-m7 -mthumb -mfloat-abi=hard -mfpu=fpv5-sp-d16 '-D__weak=__attribute__((weak))' '-D__packed=__attribute__((__packed__))' -DUSE_HAL_DRIVER -DSTM32F746xx -I"C:/Users/yan.michello/Documents/GitHub/XF/work/test-bench/test1/ide-sw4stm32-test1-idf/../src" -I"C:/Users/yan.michello/Documents/GitHub/XF/work/test-bench/test1/ide-sw4stm32-test1-idf/.." -I"C:/Users/yan.michello/Documents/GitHub/XF/work/test-bench/test1/ide-sw4stm32-test1-idf" -I"C:/Users/yan.michello/Documents/GitHub/XF/work/src/platform/f7-disco-gcc" -I"C:/Users/yan.michello/Documents/GitHub/XF/work/src/platform/f7-disco-gcc/mcu" -I"C:/Users/yan.michello/Documents/GitHub/XF/work/test-bench/test1/ide-sw4stm32-test1-idf/../../../src" -I"C:/Users/yan.michello/Documents/GitHub/XF/work/test-bench/test1/ide-sw4stm32-test1-idf/../../../src/xf/include" -I"C:/Users/yan.michello/Documents/GitHub/XF/work/test-bench/test1/ide-sw4stm32-test1-idf/../../../src/xf/port" -I"C:/Users/yan.michello/Documents/GitHub/XF/work/test-bench/test1/ide-sw4stm32-test1-idf/../../../src/mdw" -I"C:/Users/yan.michello/Documents/GitHub/XF/work/test-bench/test1/ide-sw4stm32-test1-idf/../../../src/mdw/trace" -I"C:/Users/yan.michello/Documents/GitHub/XF/work/test-bench/test1/ide-sw4stm32-test1-idf/Inc" -I"C:/Users/yan.michello/Documents/GitHub/XF/work/test-bench/test1/ide-sw4stm32-test1-idf/Drivers/STM32F7xx_HAL_Driver/Inc" -I"C:/Users/yan.michello/Documents/GitHub/XF/work/test-bench/test1/ide-sw4stm32-test1-idf/Drivers/STM32F7xx_HAL_Driver/Inc/Legacy" -I../Middlewares/ST/STM32_USB_Host_Library/Core/Inc -I../Middlewares/ST/STM32_USB_Host_Library/Class/CDC/Inc -I"C:/Users/yan.michello/Documents/GitHub/XF/work/test-bench/test1/ide-sw4stm32-test1-idf/Drivers/CMSIS/Device/ST/STM32F7xx/Include" -I../Middlewares/Third_Party/FatFs/src -I"C:/Users/yan.michello/Documents/GitHub/XF/work/test-bench/test1/ide-sw4stm32-test1-idf/Drivers/CMSIS/Include"  -Og -g3 -Wall -fmessage-length=0 -ffunction-sections -c -fno-exceptions -fno-rtti -MMD -MP -MF"xf/core/nulltransition.d" -MT"xf/core/nulltransition.o" -o "xf/core/nulltransition.o" "C:/Users/yan.michello/Documents/GitHub/XF/work/src/xf/core/nulltransition.cpp"
Invoking: MCU G++ Compiler
C:\Users\yan.michello\Documents\GitHub\XF\work\test-bench\test1\ide-sw4stm32-test1-idf\Debug
arm-none-eabi-g++ -mcpu=cortex-m7 -mthumb -mfloat-abi=hard -mfpu=fpv5-sp-d16 '-D__weak=__attribute__((weak))' '-D__packed=__attribute__((__packed__))' -DUSE_HAL_DRIVER -DSTM32F746xx -I"C:/Users/yan.michello/Documents/GitHub/XF/work/test-bench/test1/ide-sw4stm32-test1-idf/../src" -I"C:/Users/yan.michello/Documents/GitHub/XF/work/test-bench/test1/ide-sw4stm32-test1-idf/.." -I"C:/Users/yan.michello/Documents/GitHub/XF/work/test-bench/test1/ide-sw4stm32-test1-idf" -I"C:/Users/yan.michello/Documents/GitHub/XF/work/src/platform/f7-disco-gcc" -I"C:/Users/yan.michello/Documents/GitHub/XF/work/src/platform/f7-disco-gcc/mcu" -I"C:/Users/yan.michello/Documents/GitHub/XF/work/test-bench/test1/ide-sw4stm32-test1-idf/../../../src" -I"C:/Users/yan.michello/Documents/GitHub/XF/work/test-bench/test1/ide-sw4stm32-test1-idf/../../../src/xf/include" -I"C:/Users/yan.michello/Documents/GitHub/XF/work/test-bench/test1/ide-sw4stm32-test1-idf/../../../src/xf/port" -I"C:/Users/yan.michello/Documents/GitHub/XF/work/test-bench/test1/ide-sw4stm32-test1-idf/../../../src/mdw" -I"C:/Users/yan.michello/Documents/GitHub/XF/work/test-bench/test1/ide-sw4stm32-test1-idf/../../../src/mdw/trace" -I"C:/Users/yan.michello/Documents/GitHub/XF/work/test-bench/test1/ide-sw4stm32-test1-idf/Inc" -I"C:/Users/yan.michello/Documents/GitHub/XF/work/test-bench/test1/ide-sw4stm32-test1-idf/Drivers/STM32F7xx_HAL_Driver/Inc" -I"C:/Users/yan.michello/Documents/GitHub/XF/work/test-bench/test1/ide-sw4stm32-test1-idf/Drivers/STM32F7xx_HAL_Driver/Inc/Legacy" -I../Middlewares/ST/STM32_USB_Host_Library/Core/Inc -I../Middlewares/ST/STM32_USB_Host_Library/Class/CDC/Inc -I"C:/Users/yan.michello/Documents/GitHub/XF/work/test-bench/test1/ide-sw4stm32-test1-idf/Drivers/CMSIS/Device/ST/STM32F7xx/Include" -I../Middlewares/Third_Party/FatFs/src -I"C:/Users/yan.michello/Documents/GitHub/XF/work/test-bench/test1/ide-sw4stm32-test1-idf/Drivers/CMSIS/Include"  -Og -g3 -Wall -fmessage-length=0 -ffunction-sections -c -fno-exceptions -fno-rtti -MMD -MP -MF"xf/core/timeout.d" -MT"xf/core/timeout.o" -o "xf/core/timeout.o" "C:/Users/yan.michello/Documents/GitHub/XF/work/src/xf/core/timeout.cpp"
In file included from c:\users\yan.michello\documents\github\xf\work\src\mdw\trace\trace.h:6:0,
                 from C:/Users/yan.michello/Documents/GitHub/XF/work/src/xf/core/behavior.cpp:3:
c:\users\yan.michello\documents\github\xf\work\src\mdw\trace\config/trace-config.h:14:2: warning: #warning "No project specific trace configuration found! Taking default configuration!" [-Wcpp]
 #warning "No project specific trace configuration found! Taking default configuration!"
  ^~~~~~~
Finished building: C:/Users/yan.michello/Documents/GitHub/XF/work/src/xf/port/default/dispatcher-default.cpp
 
Building file: ../startup/startup_stm32f746xx.s
Finished building: C:/Users/yan.michello/Documents/GitHub/XF/work/src/xf/core/initialevent.cpp
Invoking: MCU GCC Assembler
 
C:\Users\yan.michello\Documents\GitHub\XF\work\test-bench\test1\ide-sw4stm32-test1-idf\Debug
arm-none-eabi-as -mcpu=cortex-m7 -mthumb -mfloat-abi=hard -mfpu=fpv5-sp-d16 -g -o "startup/startup_stm32f746xx.o" "../startup/startup_stm32f746xx.s"
Finished building: C:/Users/yan.michello/Documents/GitHub/XF/work/src/xf/core/timeout.cpp
Building file: C:/Users/yan.michello/Documents/GitHub/XF/work/src/platform/f7-disco-gcc/mcu/hal/uart.cpp
 
Invoking: MCU G++ Compiler
Finished building: C:/Users/yan.michello/Documents/GitHub/XF/work/src/xf/port/default/timeoutmanager-default.cpp
C:\Users\yan.michello\Documents\GitHub\XF\work\test-bench\test1\ide-sw4stm32-test1-idf\Debug
Building file: C:/Users/yan.michello/Documents/GitHub/XF/work/src/platform/f7-disco-gcc/mcu/critical/critical.cpp
arm-none-eabi-g++ -mcpu=cortex-m7 -mthumb -mfloat-abi=hard -mfpu=fpv5-sp-d16 '-D__weak=__attribute__((weak))' '-D__packed=__attribute__((__packed__))' -DUSE_HAL_DRIVER -DSTM32F746xx -I"C:/Users/yan.michello/Documents/GitHub/XF/work/test-bench/test1/ide-sw4stm32-test1-idf/../src" -I"C:/Users/yan.michello/Documents/GitHub/XF/work/test-bench/test1/ide-sw4stm32-test1-idf/.." -I"C:/Users/yan.michello/Documents/GitHub/XF/work/test-bench/test1/ide-sw4stm32-test1-idf" -I"C:/Users/yan.michello/Documents/GitHub/XF/work/src/platform/f7-disco-gcc" -I"C:/Users/yan.michello/Documents/GitHub/XF/work/src/platform/f7-disco-gcc/mcu" -I"C:/Users/yan.michello/Documents/GitHub/XF/work/test-bench/test1/ide-sw4stm32-test1-idf/../../../src" -I"C:/Users/yan.michello/Documents/GitHub/XF/work/test-bench/test1/ide-sw4stm32-test1-idf/../../../src/xf/include" -I"C:/Users/yan.michello/Documents/GitHub/XF/work/test-bench/test1/ide-sw4stm32-test1-idf/../../../src/xf/port" -I"C:/Users/yan.michello/Documents/GitHub/XF/work/test-bench/test1/ide-sw4stm32-test1-idf/../../../src/mdw" -I"C:/Users/yan.michello/Documents/GitHub/XF/work/test-bench/test1/ide-sw4stm32-test1-idf/../../../src/mdw/trace" -I"C:/Users/yan.michello/Documents/GitHub/XF/work/test-bench/test1/ide-sw4stm32-test1-idf/Inc" -I"C:/Users/yan.michello/Documents/GitHub/XF/work/test-bench/test1/ide-sw4stm32-test1-idf/Drivers/STM32F7xx_HAL_Driver/Inc" -I"C:/Users/yan.michello/Documents/GitHub/XF/work/test-bench/test1/ide-sw4stm32-test1-idf/Drivers/STM32F7xx_HAL_Driver/Inc/Legacy" -I../Middlewares/ST/STM32_USB_Host_Library/Core/Inc -I../Middlewares/ST/STM32_USB_Host_Library/Class/CDC/Inc -I"C:/Users/yan.michello/Documents/GitHub/XF/work/test-bench/test1/ide-sw4stm32-test1-idf/Drivers/CMSIS/Device/ST/STM32F7xx/Include" -I../Middlewares/Third_Party/FatFs/src -I"C:/Users/yan.michello/Documents/GitHub/XF/work/test-bench/test1/ide-sw4stm32-test1-idf/Drivers/CMSIS/Include"  -Og -g3 -Wall -fmessage-length=0 -ffunction-sections -c -fno-exceptions -fno-rtti -MMD -MP -MF"platform/f7-disco-gcc/mcu/hal/uart.d" -MT"platform/f7-disco-gcc/mcu/hal/uart.o" -o "platform/f7-disco-gcc/mcu/hal/uart.o" "C:/Users/yan.michello/Documents/GitHub/XF/work/src/platform/f7-disco-gcc/mcu/hal/uart.cpp"
 
Invoking: MCU G++ Compiler
Finished building: C:/Users/yan.michello/Documents/GitHub/XF/work/src/xf/core/customevent.cpp
Building file: C:/Users/yan.michello/Documents/GitHub/XF/work/src/platform/f7-disco-gcc/board/ledcontroller.cpp
C:\Users\yan.michello\Documents\GitHub\XF\work\test-bench\test1\ide-sw4stm32-test1-idf\Debug
 
arm-none-eabi-g++ -mcpu=cortex-m7 -mthumb -mfloat-abi=hard -mfpu=fpv5-sp-d16 '-D__weak=__attribute__((weak))' '-D__packed=__attribute__((__packed__))' -DUSE_HAL_DRIVER -DSTM32F746xx -I"C:/Users/yan.michello/Documents/GitHub/XF/work/test-bench/test1/ide-sw4stm32-test1-idf/../src" -I"C:/Users/yan.michello/Documents/GitHub/XF/work/test-bench/test1/ide-sw4stm32-test1-idf/.." -I"C:/Users/yan.michello/Documents/GitHub/XF/work/test-bench/test1/ide-sw4stm32-test1-idf" -I"C:/Users/yan.michello/Documents/GitHub/XF/work/src/platform/f7-disco-gcc" -I"C:/Users/yan.michello/Documents/GitHub/XF/work/src/platform/f7-disco-gcc/mcu" -I"C:/Users/yan.michello/Documents/GitHub/XF/work/test-bench/test1/ide-sw4stm32-test1-idf/../../../src" -I"C:/Users/yan.michello/Documents/GitHub/XF/work/test-bench/test1/ide-sw4stm32-test1-idf/../../../src/xf/include" -I"C:/Users/yan.michello/Documents/GitHub/XF/work/test-bench/test1/ide-sw4stm32-test1-idf/../../../src/xf/port" -I"C:/Users/yan.michello/Documents/GitHub/XF/work/test-bench/test1/ide-sw4stm32-test1-idf/../../../src/mdw" -I"C:/Users/yan.michello/Documents/GitHub/XF/work/test-bench/test1/ide-sw4stm32-test1-idf/../../../src/mdw/trace" -I"C:/Users/yan.michello/Documents/GitHub/XF/work/test-bench/test1/ide-sw4stm32-test1-idf/Inc" -I"C:/Users/yan.michello/Documents/GitHub/XF/work/test-bench/test1/ide-sw4stm32-test1-idf/Drivers/STM32F7xx_HAL_Driver/Inc" -I"C:/Users/yan.michello/Documents/GitHub/XF/work/test-bench/test1/ide-sw4stm32-test1-idf/Drivers/STM32F7xx_HAL_Driver/Inc/Legacy" -I../Middlewares/ST/STM32_USB_Host_Library/Core/Inc -I../Middlewares/ST/STM32_USB_Host_Library/Class/CDC/Inc -I"C:/Users/yan.michello/Documents/GitHub/XF/work/test-bench/test1/ide-sw4stm32-test1-idf/Drivers/CMSIS/Device/ST/STM32F7xx/Include" -I../Middlewares/Third_Party/FatFs/src -I"C:/Users/yan.michello/Documents/GitHub/XF/work/test-bench/test1/ide-sw4stm32-test1-idf/Drivers/CMSIS/Include"  -Og -g3 -Wall -fmessage-length=0 -ffunction-sections -c -fno-exceptions -fno-rtti -MMD -MP -MF"platform/f7-disco-gcc/mcu/critical/critical.d" -MT"platform/f7-disco-gcc/mcu/critical/critical.o" -o "platform/f7-disco-gcc/mcu/critical/critical.o" "C:/Users/yan.michello/Documents/GitHub/XF/work/src/platform/f7-disco-gcc/mcu/critical/critical.cpp"
Invoking: MCU G++ Compiler
Finished building: ../startup/startup_stm32f746xx.s
C:\Users\yan.michello\Documents\GitHub\XF\work\test-bench\test1\ide-sw4stm32-test1-idf\Debug
Building file: C:/Users/yan.michello/Documents/GitHub/XF/work/src/platform/f7-disco-gcc/board/trace.cpp
arm-none-eabi-g++ -mcpu=cortex-m7 -mthumb -mfloat-abi=hard -mfpu=fpv5-sp-d16 '-D__weak=__attribute__((weak))' '-D__packed=__attribute__((__packed__))' -DUSE_HAL_DRIVER -DSTM32F746xx -I"C:/Users/yan.michello/Documents/GitHub/XF/work/test-bench/test1/ide-sw4stm32-test1-idf/../src" -I"C:/Users/yan.michello/Documents/GitHub/XF/work/test-bench/test1/ide-sw4stm32-test1-idf/.." -I"C:/Users/yan.michello/Documents/GitHub/XF/work/test-bench/test1/ide-sw4stm32-test1-idf" -I"C:/Users/yan.michello/Documents/GitHub/XF/work/src/platform/f7-disco-gcc" -I"C:/Users/yan.michello/Documents/GitHub/XF/work/src/platform/f7-disco-gcc/mcu" -I"C:/Users/yan.michello/Documents/GitHub/XF/work/test-bench/test1/ide-sw4stm32-test1-idf/../../../src" -I"C:/Users/yan.michello/Documents/GitHub/XF/work/test-bench/test1/ide-sw4stm32-test1-idf/../../../src/xf/include" -I"C:/Users/yan.michello/Documents/GitHub/XF/work/test-bench/test1/ide-sw4stm32-test1-idf/../../../src/xf/port" -I"C:/Users/yan.michello/Documents/GitHub/XF/work/test-bench/test1/ide-sw4stm32-test1-idf/../../../src/mdw" -I"C:/Users/yan.michello/Documents/GitHub/XF/work/test-bench/test1/ide-sw4stm32-test1-idf/../../../src/mdw/trace" -I"C:/Users/yan.michello/Documents/GitHub/XF/work/test-bench/test1/ide-sw4stm32-test1-idf/Inc" -I"C:/Users/yan.michello/Documents/GitHub/XF/work/test-bench/test1/ide-sw4stm32-test1-idf/Drivers/STM32F7xx_HAL_Driver/Inc" -I"C:/Users/yan.michello/Documents/GitHub/XF/work/test-bench/test1/ide-sw4stm32-test1-idf/Drivers/STM32F7xx_HAL_Driver/Inc/Legacy" -I../Middlewares/ST/STM32_USB_Host_Library/Core/Inc -I../Middlewares/ST/STM32_USB_Host_Library/Class/CDC/Inc -I"C:/Users/yan.michello/Documents/GitHub/XF/work/test-bench/test1/ide-sw4stm32-test1-idf/Drivers/CMSIS/Device/ST/STM32F7xx/Include" -I../Middlewares/Third_Party/FatFs/src -I"C:/Users/yan.michello/Documents/GitHub/XF/work/test-bench/test1/ide-sw4stm32-test1-idf/Drivers/CMSIS/Include"  -Og -g3 -Wall -fmessage-length=0 -ffunction-sections -c -fno-exceptions -fno-rtti -MMD -MP -MF"platform/f7-disco-gcc/board/ledcontroller.d" -MT"platform/f7-disco-gcc/board/ledcontroller.o" -o "platform/f7-disco-gcc/board/ledcontroller.o" "C:/Users/yan.michello/Documents/GitHub/XF/work/src/platform/f7-disco-gcc/board/ledcontroller.cpp"
 
Finished building: C:/Users/yan.michello/Documents/GitHub/XF/work/src/xf/core/nulltransition.cpp
Invoking: MCU G++ Compiler
Building file: C:/Users/yan.michello/Documents/GitHub/XF/work/src/mdw/trace/examples/trace-example01.cpp
 
C:\Users\yan.michello\Documents\GitHub\XF\work\test-bench\test1\ide-sw4stm32-test1-idf\Debug
arm-none-eabi-g++ -mcpu=cortex-m7 -mthumb -mfloat-abi=hard -mfpu=fpv5-sp-d16 '-D__weak=__attribute__((weak))' '-D__packed=__attribute__((__packed__))' -DUSE_HAL_DRIVER -DSTM32F746xx -I"C:/Users/yan.michello/Documents/GitHub/XF/work/test-bench/test1/ide-sw4stm32-test1-idf/../src" -I"C:/Users/yan.michello/Documents/GitHub/XF/work/test-bench/test1/ide-sw4stm32-test1-idf/.." -I"C:/Users/yan.michello/Documents/GitHub/XF/work/test-bench/test1/ide-sw4stm32-test1-idf" -I"C:/Users/yan.michello/Documents/GitHub/XF/work/src/platform/f7-disco-gcc" -I"C:/Users/yan.michello/Documents/GitHub/XF/work/src/platform/f7-disco-gcc/mcu" -I"C:/Users/yan.michello/Documents/GitHub/XF/work/test-bench/test1/ide-sw4stm32-test1-idf/../../../src" -I"C:/Users/yan.michello/Documents/GitHub/XF/work/test-bench/test1/ide-sw4stm32-test1-idf/../../../src/xf/include" -I"C:/Users/yan.michello/Documents/GitHub/XF/work/test-bench/test1/ide-sw4stm32-test1-idf/../../../src/xf/port" -I"C:/Users/yan.michello/Documents/GitHub/XF/work/test-bench/test1/ide-sw4stm32-test1-idf/../../../src/mdw" -I"C:/Users/yan.michello/Documents/GitHub/XF/work/test-bench/test1/ide-sw4stm32-test1-idf/../../../src/mdw/trace" -I"C:/Users/yan.michello/Documents/GitHub/XF/work/test-bench/test1/ide-sw4stm32-test1-idf/Inc" -I"C:/Users/yan.michello/Documents/GitHub/XF/work/test-bench/test1/ide-sw4stm32-test1-idf/Drivers/STM32F7xx_HAL_Driver/Inc" -I"C:/Users/yan.michello/Documents/GitHub/XF/work/test-bench/test1/ide-sw4stm32-test1-idf/Drivers/STM32F7xx_HAL_Driver/Inc/Legacy" -I../Middlewares/ST/STM32_USB_Host_Library/Core/Inc -I../Middlewares/ST/STM32_USB_Host_Library/Class/CDC/Inc -I"C:/Users/yan.michello/Documents/GitHub/XF/work/test-bench/test1/ide-sw4stm32-test1-idf/Drivers/CMSIS/Device/ST/STM32F7xx/Include" -I../Middlewares/Third_Party/FatFs/src -I"C:/Users/yan.michello/Documents/GitHub/XF/work/test-bench/test1/ide-sw4stm32-test1-idf/Drivers/CMSIS/Include"  -Og -g3 -Wall -fmessage-length=0 -ffunction-sections -c -fno-exceptions -fno-rtti -MMD -MP -MF"platform/f7-disco-gcc/board/trace.d" -MT"platform/f7-disco-gcc/board/trace.o" -o "platform/f7-disco-gcc/board/trace.o" "C:/Users/yan.michello/Documents/GitHub/XF/work/src/platform/f7-disco-gcc/board/trace.cpp"
Invoking: MCU G++ Compiler
Building file: C:/Users/yan.michello/Documents/GitHub/XF/work/test-bench/test1/src/app/statemachine01.cpp
Invoking: MCU G++ Compiler
C:\Users\yan.michello\Documents\GitHub\XF\work\test-bench\test1\ide-sw4stm32-test1-idf\Debug
arm-none-eabi-g++ -mcpu=cortex-m7 -mthumb -mfloat-abi=hard -mfpu=fpv5-sp-d16 '-D__weak=__attribute__((weak))' '-D__packed=__attribute__((__packed__))' -DUSE_HAL_DRIVER -DSTM32F746xx -I"C:/Users/yan.michello/Documents/GitHub/XF/work/test-bench/test1/ide-sw4stm32-test1-idf/../src" -I"C:/Users/yan.michello/Documents/GitHub/XF/work/test-bench/test1/ide-sw4stm32-test1-idf/.." -I"C:/Users/yan.michello/Documents/GitHub/XF/work/test-bench/test1/ide-sw4stm32-test1-idf" -I"C:/Users/yan.michello/Documents/GitHub/XF/work/src/platform/f7-disco-gcc" -I"C:/Users/yan.michello/Documents/GitHub/XF/work/src/platform/f7-disco-gcc/mcu" -I"C:/Users/yan.michello/Documents/GitHub/XF/work/test-bench/test1/ide-sw4stm32-test1-idf/../../../src" -I"C:/Users/yan.michello/Documents/GitHub/XF/work/test-bench/test1/ide-sw4stm32-test1-idf/../../../src/xf/include" -I"C:/Users/yan.michello/Documents/GitHub/XF/work/test-bench/test1/ide-sw4stm32-test1-idf/../../../src/xf/port" -I"C:/Users/yan.michello/Documents/GitHub/XF/work/test-bench/test1/ide-sw4stm32-test1-idf/../../../src/mdw" -I"C:/Users/yan.michello/Documents/GitHub/XF/work/test-bench/test1/ide-sw4stm32-test1-idf/../../../src/mdw/trace" -I"C:/Users/yan.michello/Documents/GitHub/XF/work/test-bench/test1/ide-sw4stm32-test1-idf/Inc" -I"C:/Users/yan.michello/Documents/GitHub/XF/work/test-bench/test1/ide-sw4stm32-test1-idf/Drivers/STM32F7xx_HAL_Driver/Inc" -I"C:/Users/yan.michello/Documents/GitHub/XF/work/test-bench/test1/ide-sw4stm32-test1-idf/Drivers/STM32F7xx_HAL_Driver/Inc/Legacy" -I../Middlewares/ST/STM32_USB_Host_Library/Core/Inc -I../Middlewares/ST/STM32_USB_Host_Library/Class/CDC/Inc -I"C:/Users/yan.michello/Documents/GitHub/XF/work/test-bench/test1/ide-sw4stm32-test1-idf/Drivers/CMSIS/Device/ST/STM32F7xx/Include" -I../Middlewares/Third_Party/FatFs/src -I"C:/Users/yan.michello/Documents/GitHub/XF/work/test-bench/test1/ide-sw4stm32-test1-idf/Drivers/CMSIS/Include"  -Og -g3 -Wall -fmessage-length=0 -ffunction-sections -c -fno-exceptions -fno-rtti -MMD -MP -MF"mdw/trace/examples/trace-example01.d" -MT"mdw/trace/examples/trace-example01.o" -o "mdw/trace/examples/trace-example01.o" "C:/Users/yan.michello/Documents/GitHub/XF/work/src/mdw/trace/examples/trace-example01.cpp"
Finished building: C:/Users/yan.michello/Documents/GitHub/XF/work/src/xf/port/idf-stm32cube/port-functions.cpp
C:\Users\yan.michello\Documents\GitHub\XF\work\test-bench\test1\ide-sw4stm32-test1-idf\Debug
In file included from c:\users\yan.michello\documents\github\xf\work\src\mdw\trace\trace.h:6:0,
                 from C:/Users/yan.michello/Documents/GitHub/XF/work/src/platform/f7-disco-gcc/mcu/mcu.h:5,
                 from C:/Users/yan.michello/Documents/GitHub/XF/work/src/platform/f7-disco-gcc/mcu/hal/uart.cpp:2:
c:\users\yan.michello\documents\github\xf\work\src\mdw\trace\config/trace-config.h:14:2: warning: #warning "No project specific trace configuration found! Taking default configuration!" [-Wcpp]
 #warning "No project specific trace configuration found! Taking default configuration!"
  ^~~~~~~
 
arm-none-eabi-g++ -mcpu=cortex-m7 -mthumb -mfloat-abi=hard -mfpu=fpv5-sp-d16 '-D__weak=__attribute__((weak))' '-D__packed=__attribute__((__packed__))' -DUSE_HAL_DRIVER -DSTM32F746xx -I"C:/Users/yan.michello/Documents/GitHub/XF/work/test-bench/test1/ide-sw4stm32-test1-idf/../src" -I"C:/Users/yan.michello/Documents/GitHub/XF/work/test-bench/test1/ide-sw4stm32-test1-idf/.." -I"C:/Users/yan.michello/Documents/GitHub/XF/work/test-bench/test1/ide-sw4stm32-test1-idf" -I"C:/Users/yan.michello/Documents/GitHub/XF/work/src/platform/f7-disco-gcc" -I"C:/Users/yan.michello/Documents/GitHub/XF/work/src/platform/f7-disco-gcc/mcu" -I"C:/Users/yan.michello/Documents/GitHub/XF/work/test-bench/test1/ide-sw4stm32-test1-idf/../../../src" -I"C:/Users/yan.michello/Documents/GitHub/XF/work/test-bench/test1/ide-sw4stm32-test1-idf/../../../src/xf/include" -I"C:/Users/yan.michello/Documents/GitHub/XF/work/test-bench/test1/ide-sw4stm32-test1-idf/../../../src/xf/port" -I"C:/Users/yan.michello/Documents/GitHub/XF/work/test-bench/test1/ide-sw4stm32-test1-idf/../../../src/mdw" -I"C:/Users/yan.michello/Documents/GitHub/XF/work/test-bench/test1/ide-sw4stm32-test1-idf/../../../src/mdw/trace" -I"C:/Users/yan.michello/Documents/GitHub/XF/work/test-bench/test1/ide-sw4stm32-test1-idf/Inc" -I"C:/Users/yan.michello/Documents/GitHub/XF/work/test-bench/test1/ide-sw4stm32-test1-idf/Drivers/STM32F7xx_HAL_Driver/Inc" -I"C:/Users/yan.michello/Documents/GitHub/XF/work/test-bench/test1/ide-sw4stm32-test1-idf/Drivers/STM32F7xx_HAL_Driver/Inc/Legacy" -I../Middlewares/ST/STM32_USB_Host_Library/Core/Inc -I../Middlewares/ST/STM32_USB_Host_Library/Class/CDC/Inc -I"C:/Users/yan.michello/Documents/GitHub/XF/work/test-bench/test1/ide-sw4stm32-test1-idf/Drivers/CMSIS/Device/ST/STM32F7xx/Include" -I../Middlewares/Third_Party/FatFs/src -I"C:/Users/yan.michello/Documents/GitHub/XF/work/test-bench/test1/ide-sw4stm32-test1-idf/Drivers/CMSIS/Include"  -Og -g3 -Wall -fmessage-length=0 -ffunction-sections -c -fno-exceptions -fno-rtti -MMD -MP -MF"app/statemachine01.d" -MT"app/statemachine01.o" -o "app/statemachine01.o" "C:/Users/yan.michello/Documents/GitHub/XF/work/test-bench/test1/src/app/statemachine01.cpp"
Finished building: C:/Users/yan.michello/Documents/GitHub/XF/work/src/xf/core/behavior.cpp
Building file: C:/Users/yan.michello/Documents/GitHub/XF/work/test-bench/test1/src/app/testfactory01.cpp
In file included from c:\users\yan.michello\documents\github\xf\work\src\mdw\trace\trace.h:6:0,
                 from C:/Users/yan.michello/Documents/GitHub/XF/work/src/platform/f7-disco-gcc/mcu/mcu.h:5,
                 from C:/Users/yan.michello/Documents/GitHub/XF/work/src/platform/f7-disco-gcc/mcu/critical/critical.cpp:1:
c:\users\yan.michello\documents\github\xf\work\src\mdw\trace\config/trace-config.h:14:2: warning: #warning "No project specific trace configuration found! Taking default configuration!" [-Wcpp]
 #warning "No project specific trace configuration found! Taking default configuration!"
  ^~~~~~~
 
Invoking: MCU G++ Compiler
Building file: ../Src/main.c
C:\Users\yan.michello\Documents\GitHub\XF\work\test-bench\test1\ide-sw4stm32-test1-idf\Debug
In file included from c:\users\yan.michello\documents\github\xf\work\src\mdw\trace\trace.h:6:0,
                 from C:/Users/yan.michello/Documents/GitHub/XF/work/src/platform/f7-disco-gcc/mcu/mcu.h:5,
                 from C:/Users/yan.michello/Documents/GitHub/XF/work/src/platform/f7-disco-gcc/board/ledcontroller.cpp:1:
c:\users\yan.michello\documents\github\xf\work\src\mdw\trace\config/trace-config.h:14:2: warning: #warning "No project specific trace configuration found! Taking default configuration!" [-Wcpp]
 #warning "No project specific trace configuration found! Taking default configuration!"
  ^~~~~~~
arm-none-eabi-g++ -mcpu=cortex-m7 -mthumb -mfloat-abi=hard -mfpu=fpv5-sp-d16 '-D__weak=__attribute__((weak))' '-D__packed=__attribute__((__packed__))' -DUSE_HAL_DRIVER -DSTM32F746xx -I"C:/Users/yan.michello/Documents/GitHub/XF/work/test-bench/test1/ide-sw4stm32-test1-idf/../src" -I"C:/Users/yan.michello/Documents/GitHub/XF/work/test-bench/test1/ide-sw4stm32-test1-idf/.." -I"C:/Users/yan.michello/Documents/GitHub/XF/work/test-bench/test1/ide-sw4stm32-test1-idf" -I"C:/Users/yan.michello/Documents/GitHub/XF/work/src/platform/f7-disco-gcc" -I"C:/Users/yan.michello/Documents/GitHub/XF/work/src/platform/f7-disco-gcc/mcu" -I"C:/Users/yan.michello/Documents/GitHub/XF/work/test-bench/test1/ide-sw4stm32-test1-idf/../../../src" -I"C:/Users/yan.michello/Documents/GitHub/XF/work/test-bench/test1/ide-sw4stm32-test1-idf/../../../src/xf/include" -I"C:/Users/yan.michello/Documents/GitHub/XF/work/test-bench/test1/ide-sw4stm32-test1-idf/../../../src/xf/port" -I"C:/Users/yan.michello/Documents/GitHub/XF/work/test-bench/test1/ide-sw4stm32-test1-idf/../../../src/mdw" -I"C:/Users/yan.michello/Documents/GitHub/XF/work/test-bench/test1/ide-sw4stm32-test1-idf/../../../src/mdw/trace" -I"C:/Users/yan.michello/Documents/GitHub/XF/work/test-bench/test1/ide-sw4stm32-test1-idf/Inc" -I"C:/Users/yan.michello/Documents/GitHub/XF/work/test-bench/test1/ide-sw4stm32-test1-idf/Drivers/STM32F7xx_HAL_Driver/Inc" -I"C:/Users/yan.michello/Documents/GitHub/XF/work/test-bench/test1/ide-sw4stm32-test1-idf/Drivers/STM32F7xx_HAL_Driver/Inc/Legacy" -I../Middlewares/ST/STM32_USB_Host_Library/Core/Inc -I../Middlewares/ST/STM32_USB_Host_Library/Class/CDC/Inc -I"C:/Users/yan.michello/Documents/GitHub/XF/work/test-bench/test1/ide-sw4stm32-test1-idf/Drivers/CMSIS/Device/ST/STM32F7xx/Include" -I../Middlewares/Third_Party/FatFs/src -I"C:/Users/yan.michello/Documents/GitHub/XF/work/test-bench/test1/ide-sw4stm32-test1-idf/Drivers/CMSIS/Include"  -Og -g3 -Wall -fmessage-length=0 -ffunction-sections -c -fno-exceptions -fno-rtti -MMD -MP -MF"app/testfactory01.d" -MT"app/testfactory01.o" -o "app/testfactory01.o" "C:/Users/yan.michello/Documents/GitHub/XF/work/test-bench/test1/src/app/testfactory01.cpp"
Invoking: MCU GCC Compiler
In file included from c:\users\yan.michello\documents\github\xf\work\src\mdw\trace\trace.h:6:0,
                 from C:/Users/yan.michello/Documents/GitHub/XF/work/src/platform/f7-disco-gcc/mcu/mcu.h:5,
                 from C:/Users/yan.michello/Documents/GitHub/XF/work/test-bench/test1/ide-sw4stm32-test1-idf/config/trace-config.h:4,
                 from C:/Users/yan.michello/Documents/GitHub/XF/work/src/platform/f7-disco-gcc/board/trace.cpp:1:
c:\users\yan.michello\documents\github\xf\work\src\mdw\trace\config/trace-config.h:14:2: warning: #warning "No project specific trace configuration found! Taking default configuration!" [-Wcpp]
 #warning "No project specific trace configuration found! Taking default configuration!"
  ^~~~~~~
C:\Users\yan.michello\Documents\GitHub\XF\work\test-bench\test1\ide-sw4stm32-test1-idf\Debug
arm-none-eabi-gcc -mcpu=cortex-m7 -mthumb -mfloat-abi=hard -mfpu=fpv5-sp-d16 '-D__weak=__attribute__((weak))' '-D__packed=__attribute__((__packed__))' -DUSE_HAL_DRIVER -DSTM32F746xx -I"C:/Users/yan.michello/Documents/GitHub/XF/work/test-bench/test1/ide-sw4stm32-test1-idf/../src" -I"C:/Users/yan.michello/Documents/GitHub/XF/work/test-bench/test1/ide-sw4stm32-test1-idf/.." -I"C:/Users/yan.michello/Documents/GitHub/XF/work/test-bench/test1/ide-sw4stm32-test1-idf/../../../src" -I"C:/Users/yan.michello/Documents/GitHub/XF/work/test-bench/test1/ide-sw4stm32-test1-idf" -I"C:/Users/yan.michello/Documents/GitHub/XF/work/test-bench/test1/ide-sw4stm32-test1-idf/../../../src/xf/include" -I"C:/Users/yan.michello/Documents/GitHub/XF/work/test-bench/test1/ide-sw4stm32-test1-idf/../../../src/xf/port" -I"C:/Users/yan.michello/Documents/GitHub/XF/work/test-bench/test1/ide-sw4stm32-test1-idf/Inc" -I"C:/Users/yan.michello/Documents/GitHub/XF/work/test-bench/test1/ide-sw4stm32-test1-idf/Drivers/STM32F7xx_HAL_Driver/Inc" -I"C:/Users/yan.michello/Documents/GitHub/XF/work/test-bench/test1/ide-sw4stm32-test1-idf/Drivers/STM32F7xx_HAL_Driver/Inc/Legacy" -I../Middlewares/ST/STM32_USB_Host_Library/Core/Inc -I../Middlewares/ST/STM32_USB_Host_Library/Class/CDC/Inc -I"C:/Users/yan.michello/Documents/GitHub/XF/work/test-bench/test1/ide-sw4stm32-test1-idf/Drivers/CMSIS/Device/ST/STM32F7xx/Include" -I../Middlewares/Third_Party/FatFs/src -I"C:/Users/yan.michello/Documents/GitHub/XF/work/test-bench/test1/ide-sw4stm32-test1-idf/Drivers/CMSIS/Include"  -Og -g3 -Wall -fmessage-length=0 -ffunction-sections -c -fmessage-length=0 -MMD -MP -MF"Src/main.d" -MT"Src/main.o" -o "Src/main.o" "../Src/main.c"
In file included from c:\users\yan.michello\documents\github\xf\work\src\mdw\trace\trace.h:6:0,
                 from C:/Users/yan.michello/Documents/GitHub/XF/work/src/platform/f7-disco-gcc/mcu/mcu.h:5,
                 from C:/Users/yan.michello/Documents/GitHub/XF/work/test-bench/test1/ide-sw4stm32-test1-idf/config/trace-config.h:4,
                 from C:/Users/yan.michello/Documents/GitHub/XF/work/src/mdw/trace/examples/trace-example01.cpp:1:
c:\users\yan.michello\documents\github\xf\work\src\mdw\trace\config/trace-config.h:14:2: warning: #warning "No project specific trace configuration found! Taking default configuration!" [-Wcpp]
 #warning "No project specific trace configuration found! Taking default configuration!"
  ^~~~~~~
In file included from c:\users\yan.michello\documents\github\xf\work\src\mdw\trace\trace.h:6:0,
                 from C:/Users/yan.michello/Documents/GitHub/XF/work/test-bench/test1/src/app/statemachine01.cpp:2:
c:\users\yan.michello\documents\github\xf\work\src\mdw\trace\config/trace-config.h:14:2: warning: #warning "No project specific trace configuration found! Taking default configuration!" [-Wcpp]
 #warning "No project specific trace configuration found! Taking default configuration!"
  ^~~~~~~
In file included from c:\users\yan.michello\documents\github\xf\work\src\mdw\trace\trace.h:6:0,
                 from C:/Users/yan.michello/Documents/GitHub/XF/work/test-bench/test1/src/app/testfactory01.cpp:2:
c:\users\yan.michello\documents\github\xf\work\src\mdw\trace\config/trace-config.h:14:2: warning: #warning "No project specific trace configuration found! Taking default configuration!" [-Wcpp]
 #warning "No project specific trace configuration found! Taking default configuration!"
  ^~~~~~~
In file included from c:\users\yan.michello\documents\github\xf\work\src\mdw\trace\trace.h:6:0,
                 from ../Src/main.c:116:
c:\users\yan.michello\documents\github\xf\work\src\mdw\trace\config/trace-config.h:14:2: warning: #warning "No project specific trace configuration found! Taking default configuration!" [-Wcpp]
 #warning "No project specific trace configuration found! Taking default configuration!"
  ^~~~~~~
Finished building: C:/Users/yan.michello/Documents/GitHub/XF/work/test-bench/test1/src/app/statemachine01.cpp
 
Building file: ../Src/stm32f7xx_hal_msp.c
Finished building: C:/Users/yan.michello/Documents/GitHub/XF/work/src/platform/f7-disco-gcc/mcu/hal/uart.cpp
Finished building: C:/Users/yan.michello/Documents/GitHub/XF/work/src/platform/f7-disco-gcc/mcu/critical/critical.cpp
Invoking: MCU GCC Compiler
 
 
C:\Users\yan.michello\Documents\GitHub\XF\work\test-bench\test1\ide-sw4stm32-test1-idf\Debug
Building file: ../Src/stm32f7xx_it.c
arm-none-eabi-gcc -mcpu=cortex-m7 -mthumb -mfloat-abi=hard -mfpu=fpv5-sp-d16 '-D__weak=__attribute__((weak))' '-D__packed=__attribute__((__packed__))' -DUSE_HAL_DRIVER -DSTM32F746xx -I"C:/Users/yan.michello/Documents/GitHub/XF/work/test-bench/test1/ide-sw4stm32-test1-idf/../src" -I"C:/Users/yan.michello/Documents/GitHub/XF/work/test-bench/test1/ide-sw4stm32-test1-idf/.." -I"C:/Users/yan.michello/Documents/GitHub/XF/work/test-bench/test1/ide-sw4stm32-test1-idf/../../../src" -I"C:/Users/yan.michello/Documents/GitHub/XF/work/test-bench/test1/ide-sw4stm32-test1-idf" -I"C:/Users/yan.michello/Documents/GitHub/XF/work/test-bench/test1/ide-sw4stm32-test1-idf/../../../src/xf/include" -I"C:/Users/yan.michello/Documents/GitHub/XF/work/test-bench/test1/ide-sw4stm32-test1-idf/../../../src/xf/port" -I"C:/Users/yan.michello/Documents/GitHub/XF/work/test-bench/test1/ide-sw4stm32-test1-idf/Inc" -I"C:/Users/yan.michello/Documents/GitHub/XF/work/test-bench/test1/ide-sw4stm32-test1-idf/Drivers/STM32F7xx_HAL_Driver/Inc" -I"C:/Users/yan.michello/Documents/GitHub/XF/work/test-bench/test1/ide-sw4stm32-test1-idf/Drivers/STM32F7xx_HAL_Driver/Inc/Legacy" -I../Middlewares/ST/STM32_USB_Host_Library/Core/Inc -I../Middlewares/ST/STM32_USB_Host_Library/Class/CDC/Inc -I"C:/Users/yan.michello/Documents/GitHub/XF/work/test-bench/test1/ide-sw4stm32-test1-idf/Drivers/CMSIS/Device/ST/STM32F7xx/Include" -I../Middlewares/Third_Party/FatFs/src -I"C:/Users/yan.michello/Documents/GitHub/XF/work/test-bench/test1/ide-sw4stm32-test1-idf/Drivers/CMSIS/Include"  -Og -g3 -Wall -fmessage-length=0 -ffunction-sections -c -fmessage-length=0 -MMD -MP -MF"Src/stm32f7xx_hal_msp.d" -MT"Src/stm32f7xx_hal_msp.o" -o "Src/stm32f7xx_hal_msp.o" "../Src/stm32f7xx_hal_msp.c"
Building file: ../Src/system_stm32f7xx.c
Invoking: MCU GCC Compiler
Invoking: MCU GCC Compiler
Finished building: C:/Users/yan.michello/Documents/GitHub/XF/work/test-bench/test1/src/app/testfactory01.cpp
C:\Users\yan.michello\Documents\GitHub\XF\work\test-bench\test1\ide-sw4stm32-test1-idf\Debug
 
arm-none-eabi-gcc -mcpu=cortex-m7 -mthumb -mfloat-abi=hard -mfpu=fpv5-sp-d16 '-D__weak=__attribute__((weak))' '-D__packed=__attribute__((__packed__))' -DUSE_HAL_DRIVER -DSTM32F746xx -I"C:/Users/yan.michello/Documents/GitHub/XF/work/test-bench/test1/ide-sw4stm32-test1-idf/../src" -I"C:/Users/yan.michello/Documents/GitHub/XF/work/test-bench/test1/ide-sw4stm32-test1-idf/.." -I"C:/Users/yan.michello/Documents/GitHub/XF/work/test-bench/test1/ide-sw4stm32-test1-idf/../../../src" -I"C:/Users/yan.michello/Documents/GitHub/XF/work/test-bench/test1/ide-sw4stm32-test1-idf" -I"C:/Users/yan.michello/Documents/GitHub/XF/work/test-bench/test1/ide-sw4stm32-test1-idf/../../../src/xf/include" -I"C:/Users/yan.michello/Documents/GitHub/XF/work/test-bench/test1/ide-sw4stm32-test1-idf/../../../src/xf/port" -I"C:/Users/yan.michello/Documents/GitHub/XF/work/test-bench/test1/ide-sw4stm32-test1-idf/Inc" -I"C:/Users/yan.michello/Documents/GitHub/XF/work/test-bench/test1/ide-sw4stm32-test1-idf/Drivers/STM32F7xx_HAL_Driver/Inc" -I"C:/Users/yan.michello/Documents/GitHub/XF/work/test-bench/test1/ide-sw4stm32-test1-idf/Drivers/STM32F7xx_HAL_Driver/Inc/Legacy" -I../Middlewares/ST/STM32_USB_Host_Library/Core/Inc -I../Middlewares/ST/STM32_USB_Host_Library/Class/CDC/Inc -I"C:/Users/yan.michello/Documents/GitHub/XF/work/test-bench/test1/ide-sw4stm32-test1-idf/Drivers/CMSIS/Device/ST/STM32F7xx/Include" -I../Middlewares/Third_Party/FatFs/src -I"C:/Users/yan.michello/Documents/GitHub/XF/work/test-bench/test1/ide-sw4stm32-test1-idf/Drivers/CMSIS/Include"  -Og -g3 -Wall -fmessage-length=0 -ffunction-sections -c -fmessage-length=0 -MMD -MP -MF"Src/stm32f7xx_it.d" -MT"Src/stm32f7xx_it.o" -o "Src/stm32f7xx_it.o" "../Src/stm32f7xx_it.c"
C:\Users\yan.michello\Documents\GitHub\XF\work\test-bench\test1\ide-sw4stm32-test1-idf\Debug
arm-none-eabi-gcc -mcpu=cortex-m7 -mthumb -mfloat-abi=hard -mfpu=fpv5-sp-d16 '-D__weak=__attribute__((weak))' '-D__packed=__attribute__((__packed__))' -DUSE_HAL_DRIVER -DSTM32F746xx -I"C:/Users/yan.michello/Documents/GitHub/XF/work/test-bench/test1/ide-sw4stm32-test1-idf/../src" -I"C:/Users/yan.michello/Documents/GitHub/XF/work/test-bench/test1/ide-sw4stm32-test1-idf/.." -I"C:/Users/yan.michello/Documents/GitHub/XF/work/test-bench/test1/ide-sw4stm32-test1-idf/../../../src" -I"C:/Users/yan.michello/Documents/GitHub/XF/work/test-bench/test1/ide-sw4stm32-test1-idf" -I"C:/Users/yan.michello/Documents/GitHub/XF/work/test-bench/test1/ide-sw4stm32-test1-idf/../../../src/xf/include" -I"C:/Users/yan.michello/Documents/GitHub/XF/work/test-bench/test1/ide-sw4stm32-test1-idf/../../../src/xf/port" -I"C:/Users/yan.michello/Documents/GitHub/XF/work/test-bench/test1/ide-sw4stm32-test1-idf/Inc" -I"C:/Users/yan.michello/Documents/GitHub/XF/work/test-bench/test1/ide-sw4stm32-test1-idf/Drivers/STM32F7xx_HAL_Driver/Inc" -I"C:/Users/yan.michello/Documents/GitHub/XF/work/test-bench/test1/ide-sw4stm32-test1-idf/Drivers/STM32F7xx_HAL_Driver/Inc/Legacy" -I../Middlewares/ST/STM32_USB_Host_Library/Core/Inc -I../Middlewares/ST/STM32_USB_Host_Library/Class/CDC/Inc -I"C:/Users/yan.michello/Documents/GitHub/XF/work/test-bench/test1/ide-sw4stm32-test1-idf/Drivers/CMSIS/Device/ST/STM32F7xx/Include" -I../Middlewares/Third_Party/FatFs/src -I"C:/Users/yan.michello/Documents/GitHub/XF/work/test-bench/test1/ide-sw4stm32-test1-idf/Drivers/CMSIS/Include"  -Og -g3 -Wall -fmessage-length=0 -ffunction-sections -c -fmessage-length=0 -MMD -MP -MF"Src/system_stm32f7xx.d" -MT"Src/system_stm32f7xx.o" -o "Src/system_stm32f7xx.o" "../Src/system_stm32f7xx.c"
Finished building: C:/Users/yan.michello/Documents/GitHub/XF/work/src/platform/f7-disco-gcc/board/ledcontroller.cpp
Building file: ../Drivers/STM32F7xx_HAL_Driver/Src/stm32f7xx_hal.c
Invoking: MCU GCC Compiler
 
C:\Users\yan.michello\Documents\GitHub\XF\work\test-bench\test1\ide-sw4stm32-test1-idf\Debug
Finished building: C:/Users/yan.michello/Documents/GitHub/XF/work/src/mdw/trace/examples/trace-example01.cpp
arm-none-eabi-gcc -mcpu=cortex-m7 -mthumb -mfloat-abi=hard -mfpu=fpv5-sp-d16 '-D__weak=__attribute__((weak))' '-D__packed=__attribute__((__packed__))' -DUSE_HAL_DRIVER -DSTM32F746xx -I"C:/Users/yan.michello/Documents/GitHub/XF/work/test-bench/test1/ide-sw4stm32-test1-idf/../src" -I"C:/Users/yan.michello/Documents/GitHub/XF/work/test-bench/test1/ide-sw4stm32-test1-idf/.." -I"C:/Users/yan.michello/Documents/GitHub/XF/work/test-bench/test1/ide-sw4stm32-test1-idf/../../../src" -I"C:/Users/yan.michello/Documents/GitHub/XF/work/test-bench/test1/ide-sw4stm32-test1-idf" -I"C:/Users/yan.michello/Documents/GitHub/XF/work/test-bench/test1/ide-sw4stm32-test1-idf/../../../src/xf/include" -I"C:/Users/yan.michello/Documents/GitHub/XF/work/test-bench/test1/ide-sw4stm32-test1-idf/../../../src/xf/port" -I"C:/Users/yan.michello/Documents/GitHub/XF/work/test-bench/test1/ide-sw4stm32-test1-idf/Inc" -I"C:/Users/yan.michello/Documents/GitHub/XF/work/test-bench/test1/ide-sw4stm32-test1-idf/Drivers/STM32F7xx_HAL_Driver/Inc" -I"C:/Users/yan.michello/Documents/GitHub/XF/work/test-bench/test1/ide-sw4stm32-test1-idf/Drivers/STM32F7xx_HAL_Driver/Inc/Legacy" -I../Middlewares/ST/STM32_USB_Host_Library/Core/Inc -I../Middlewares/ST/STM32_USB_Host_Library/Class/CDC/Inc -I"C:/Users/yan.michello/Documents/GitHub/XF/work/test-bench/test1/ide-sw4stm32-test1-idf/Drivers/CMSIS/Device/ST/STM32F7xx/Include" -I../Middlewares/Third_Party/FatFs/src -I"C:/Users/yan.michello/Documents/GitHub/XF/work/test-bench/test1/ide-sw4stm32-test1-idf/Drivers/CMSIS/Include"  -Og -g3 -Wall -fmessage-length=0 -ffunction-sections -c -fmessage-length=0 -MMD -MP -MF"Drivers/STM32F7xx_HAL_Driver/Src/stm32f7xx_hal.d" -MT"Drivers/STM32F7xx_HAL_Driver/Src/stm32f7xx_hal.o" -o "Drivers/STM32F7xx_HAL_Driver/Src/stm32f7xx_hal.o" "../Drivers/STM32F7xx_HAL_Driver/Src/stm32f7xx_hal.c"
Building file: ../Drivers/STM32F7xx_HAL_Driver/Src/stm32f7xx_hal_adc.c
 
Invoking: MCU GCC Compiler
Finished building: C:/Users/yan.michello/Documents/GitHub/XF/work/src/platform/f7-disco-gcc/board/trace.cpp
Building file: ../Drivers/STM32F7xx_HAL_Driver/Src/stm32f7xx_hal_adc_ex.c
C:\Users\yan.michello\Documents\GitHub\XF\work\test-bench\test1\ide-sw4stm32-test1-idf\Debug
Invoking: MCU GCC Compiler
arm-none-eabi-gcc -mcpu=cortex-m7 -mthumb -mfloat-abi=hard -mfpu=fpv5-sp-d16 '-D__weak=__attribute__((weak))' '-D__packed=__attribute__((__packed__))' -DUSE_HAL_DRIVER -DSTM32F746xx -I"C:/Users/yan.michello/Documents/GitHub/XF/work/test-bench/test1/ide-sw4stm32-test1-idf/../src" -I"C:/Users/yan.michello/Documents/GitHub/XF/work/test-bench/test1/ide-sw4stm32-test1-idf/.." -I"C:/Users/yan.michello/Documents/GitHub/XF/work/test-bench/test1/ide-sw4stm32-test1-idf/../../../src" -I"C:/Users/yan.michello/Documents/GitHub/XF/work/test-bench/test1/ide-sw4stm32-test1-idf" -I"C:/Users/yan.michello/Documents/GitHub/XF/work/test-bench/test1/ide-sw4stm32-test1-idf/../../../src/xf/include" -I"C:/Users/yan.michello/Documents/GitHub/XF/work/test-bench/test1/ide-sw4stm32-test1-idf/../../../src/xf/port" -I"C:/Users/yan.michello/Documents/GitHub/XF/work/test-bench/test1/ide-sw4stm32-test1-idf/Inc" -I"C:/Users/yan.michello/Documents/GitHub/XF/work/test-bench/test1/ide-sw4stm32-test1-idf/Drivers/STM32F7xx_HAL_Driver/Inc" -I"C:/Users/yan.michello/Documents/GitHub/XF/work/test-bench/test1/ide-sw4stm32-test1-idf/Drivers/STM32F7xx_HAL_Driver/Inc/Legacy" -I../Middlewares/ST/STM32_USB_Host_Library/Core/Inc -I../Middlewares/ST/STM32_USB_Host_Library/Class/CDC/Inc -I"C:/Users/yan.michello/Documents/GitHub/XF/work/test-bench/test1/ide-sw4stm32-test1-idf/Drivers/CMSIS/Device/ST/STM32F7xx/Include" -I../Middlewares/Third_Party/FatFs/src -I"C:/Users/yan.michello/Documents/GitHub/XF/work/test-bench/test1/ide-sw4stm32-test1-idf/Drivers/CMSIS/Include"  -Og -g3 -Wall -fmessage-length=0 -ffunction-sections -c -fmessage-length=0 -MMD -MP -MF"Drivers/STM32F7xx_HAL_Driver/Src/stm32f7xx_hal_adc.d" -MT"Drivers/STM32F7xx_HAL_Driver/Src/stm32f7xx_hal_adc.o" -o "Drivers/STM32F7xx_HAL_Driver/Src/stm32f7xx_hal_adc.o" "../Drivers/STM32F7xx_HAL_Driver/Src/stm32f7xx_hal_adc.c"
 
C:\Users\yan.michello\Documents\GitHub\XF\work\test-bench\test1\ide-sw4stm32-test1-idf\Debug
arm-none-eabi-gcc -mcpu=cortex-m7 -mthumb -mfloat-abi=hard -mfpu=fpv5-sp-d16 '-D__weak=__attribute__((weak))' '-D__packed=__attribute__((__packed__))' -DUSE_HAL_DRIVER -DSTM32F746xx -I"C:/Users/yan.michello/Documents/GitHub/XF/work/test-bench/test1/ide-sw4stm32-test1-idf/../src" -I"C:/Users/yan.michello/Documents/GitHub/XF/work/test-bench/test1/ide-sw4stm32-test1-idf/.." -I"C:/Users/yan.michello/Documents/GitHub/XF/work/test-bench/test1/ide-sw4stm32-test1-idf/../../../src" -I"C:/Users/yan.michello/Documents/GitHub/XF/work/test-bench/test1/ide-sw4stm32-test1-idf" -I"C:/Users/yan.michello/Documents/GitHub/XF/work/test-bench/test1/ide-sw4stm32-test1-idf/../../../src/xf/include" -I"C:/Users/yan.michello/Documents/GitHub/XF/work/test-bench/test1/ide-sw4stm32-test1-idf/../../../src/xf/port" -I"C:/Users/yan.michello/Documents/GitHub/XF/work/test-bench/test1/ide-sw4stm32-test1-idf/Inc" -I"C:/Users/yan.michello/Documents/GitHub/XF/work/test-bench/test1/ide-sw4stm32-test1-idf/Drivers/STM32F7xx_HAL_Driver/Inc" -I"C:/Users/yan.michello/Documents/GitHub/XF/work/test-bench/test1/ide-sw4stm32-test1-idf/Drivers/STM32F7xx_HAL_Driver/Inc/Legacy" -I../Middlewares/ST/STM32_USB_Host_Library/Core/Inc -I../Middlewares/ST/STM32_USB_Host_Library/Class/CDC/Inc -I"C:/Users/yan.michello/Documents/GitHub/XF/work/test-bench/test1/ide-sw4stm32-test1-idf/Drivers/CMSIS/Device/ST/STM32F7xx/Include" -I../Middlewares/Third_Party/FatFs/src -I"C:/Users/yan.michello/Documents/GitHub/XF/work/test-bench/test1/ide-sw4stm32-test1-idf/Drivers/CMSIS/Include"  -Og -g3 -Wall -fmessage-length=0 -ffunction-sections -c -fmessage-length=0 -MMD -MP -MF"Drivers/STM32F7xx_HAL_Driver/Src/stm32f7xx_hal_adc_ex.d" -MT"Drivers/STM32F7xx_HAL_Driver/Src/stm32f7xx_hal_adc_ex.o" -o "Drivers/STM32F7xx_HAL_Driver/Src/stm32f7xx_hal_adc_ex.o" "../Drivers/STM32F7xx_HAL_Driver/Src/stm32f7xx_hal_adc_ex.c"
Building file: ../Drivers/STM32F7xx_HAL_Driver/Src/stm32f7xx_hal_cortex.c
Invoking: MCU GCC Compiler
C:\Users\yan.michello\Documents\GitHub\XF\work\test-bench\test1\ide-sw4stm32-test1-idf\Debug
arm-none-eabi-gcc -mcpu=cortex-m7 -mthumb -mfloat-abi=hard -mfpu=fpv5-sp-d16 '-D__weak=__attribute__((weak))' '-D__packed=__attribute__((__packed__))' -DUSE_HAL_DRIVER -DSTM32F746xx -I"C:/Users/yan.michello/Documents/GitHub/XF/work/test-bench/test1/ide-sw4stm32-test1-idf/../src" -I"C:/Users/yan.michello/Documents/GitHub/XF/work/test-bench/test1/ide-sw4stm32-test1-idf/.." -I"C:/Users/yan.michello/Documents/GitHub/XF/work/test-bench/test1/ide-sw4stm32-test1-idf/../../../src" -I"C:/Users/yan.michello/Documents/GitHub/XF/work/test-bench/test1/ide-sw4stm32-test1-idf" -I"C:/Users/yan.michello/Documents/GitHub/XF/work/test-bench/test1/ide-sw4stm32-test1-idf/../../../src/xf/include" -I"C:/Users/yan.michello/Documents/GitHub/XF/work/test-bench/test1/ide-sw4stm32-test1-idf/../../../src/xf/port" -I"C:/Users/yan.michello/Documents/GitHub/XF/work/test-bench/test1/ide-sw4stm32-test1-idf/Inc" -I"C:/Users/yan.michello/Documents/GitHub/XF/work/test-bench/test1/ide-sw4stm32-test1-idf/Drivers/STM32F7xx_HAL_Driver/Inc" -I"C:/Users/yan.michello/Documents/GitHub/XF/work/test-bench/test1/ide-sw4stm32-test1-idf/Drivers/STM32F7xx_HAL_Driver/Inc/Legacy" -I../Middlewares/ST/STM32_USB_Host_Library/Core/Inc -I../Middlewares/ST/STM32_USB_Host_Library/Class/CDC/Inc -I"C:/Users/yan.michello/Documents/GitHub/XF/work/test-bench/test1/ide-sw4stm32-test1-idf/Drivers/CMSIS/Device/ST/STM32F7xx/Include" -I../Middlewares/Third_Party/FatFs/src -I"C:/Users/yan.michello/Documents/GitHub/XF/work/test-bench/test1/ide-sw4stm32-test1-idf/Drivers/CMSIS/Include"  -Og -g3 -Wall -fmessage-length=0 -ffunction-sections -c -fmessage-length=0 -MMD -MP -MF"Drivers/STM32F7xx_HAL_Driver/Src/stm32f7xx_hal_cortex.d" -MT"Drivers/STM32F7xx_HAL_Driver/Src/stm32f7xx_hal_cortex.o" -o "Drivers/STM32F7xx_HAL_Driver/Src/stm32f7xx_hal_cortex.o" "../Drivers/STM32F7xx_HAL_Driver/Src/stm32f7xx_hal_cortex.c"
Finished building: ../Src/main.c
 
Building file: ../Drivers/STM32F7xx_HAL_Driver/Src/stm32f7xx_hal_dcmi.c
Invoking: MCU GCC Compiler
C:\Users\yan.michello\Documents\GitHub\XF\work\test-bench\test1\ide-sw4stm32-test1-idf\Debug
[...]
 #warning "No project specific trace configuration found! Taking default configuration!"
  ^~~~~~~
Finished building: C:/Users/yan.michello/Documents/GitHub/XF/work/test-bench/test1/src/app/statemachine01.cpp
 
Building target: ide-sw4stm32-test1-idf.elf
Invoking: MCU G++ Linker
arm-none-eabi-g++ -mcpu=cortex-m7 -mthumb -mfloat-abi=hard -mfpu=fpv5-sp-d16 -specs=nosys.specs -specs=nano.specs -T"../STM32F746NGHx_FLASH.ld" -Wl,-Map=output.map -Wl,--gc-sections -fno-exceptions -fno-rtti -o "ide-sw4stm32-test1-idf.elf" @"objects.list"   -lm
Finished building target: ide-sw4stm32-test1-idf.elf
 
make --no-print-directory post-build
Generating binary and Printing size information:
arm-none-eabi-objcopy -O binary "ide-sw4stm32-test1-idf.elf" "ide-sw4stm32-test1-idf.bin"
arm-none-eabi-size "ide-sw4stm32-test1-idf.elf"
   text	   data	    bss	    dec	    hex	filename
  31240	    152	   6984	  38376	   95e8	ide-sw4stm32-test1-idf.elf
 
07:51:45 **** Incremental Build of configuration Debug for project ide-sw4stm32-test1-idf ****
make -j8 all 
make: Nothing to be done for 'all'.
07:52:31 **** Incremental Build of configuration Debug for project ide-sw4stm32-test1-idf ****
make -j8 all 
Building file: C:/Users/yan.michello/Documents/GitHub/XF/work/src/xf/port/default/dispatcher-default.cpp
Invoking: MCU G++ Compiler
C:\Users\yan.michello\Documents\GitHub\XF\work\test-bench\test1\ide-sw4stm32-test1-idf\Debug
arm-none-eabi-g++ -mcpu=cortex-m7 -mthumb -mfloat-abi=hard -mfpu=fpv5-sp-d16 '-D__weak=__attribute__((weak))' '-D__packed=__attribute__((__packed__))' -DUSE_HAL_DRIVER -DSTM32F746xx -I"C:/Users/yan.michello/Documents/GitHub/XF/work/test-bench/test1/ide-sw4stm32-test1-idf/../src" -I"C:/Users/yan.michello/Documents/GitHub/XF/work/test-bench/test1/ide-sw4stm32-test1-idf/.." -I"C:/Users/yan.michello/Documents/GitHub/XF/work/test-bench/test1/ide-sw4stm32-test1-idf" -I"C:/Users/yan.michello/Documents/GitHub/XF/work/src/platform/f7-disco-gcc" -I"C:/Users/yan.michello/Documents/GitHub/XF/work/src/platform/f7-disco-gcc/mcu" -I"C:/Users/yan.michello/Documents/GitHub/XF/work/test-bench/test1/ide-sw4stm32-test1-idf/../../../src" -I"C:/Users/yan.michello/Documents/GitHub/XF/work/test-bench/test1/ide-sw4stm32-test1-idf/../../../src/xf/include" -I"C:/Users/yan.michello/Documents/GitHub/XF/work/test-bench/test1/ide-sw4stm32-test1-idf/../../../src/xf/port" -I"C:/Users/yan.michello/Documents/GitHub/XF/work/test-bench/test1/ide-sw4stm32-test1-idf/../../../src/mdw" -I"C:/Users/yan.michello/Documents/GitHub/XF/work/test-bench/test1/ide-sw4stm32-test1-idf/../../../src/mdw/trace" -I"C:/Users/yan.michello/Documents/GitHub/XF/work/test-bench/test1/ide-sw4stm32-test1-idf/Inc" -I"C:/Users/yan.michello/Documents/GitHub/XF/work/test-bench/test1/ide-sw4stm32-test1-idf/Drivers/STM32F7xx_HAL_Driver/Inc" -I"C:/Users/yan.michello/Documents/GitHub/XF/work/test-bench/test1/ide-sw4stm32-test1-idf/Drivers/STM32F7xx_HAL_Driver/Inc/Legacy" -I../Middlewares/ST/STM32_USB_Host_Library/Core/Inc -I../Middlewares/ST/STM32_USB_Host_Library/Class/CDC/Inc -I"C:/Users/yan.michello/Documents/GitHub/XF/work/test-bench/test1/ide-sw4stm32-test1-idf/Drivers/CMSIS/Device/ST/STM32F7xx/Include" -I../Middlewares/Third_Party/FatFs/src -I"C:/Users/yan.michello/Documents/GitHub/XF/work/test-bench/test1/ide-sw4stm32-test1-idf/Drivers/CMSIS/Include"  -Og -g3 -Wall -fmessage-length=0 -ffunction-sections -c -fno-exceptions -fno-rtti -MMD -MP -MF"xf/port/default/dispatcher-default.d" -MT"xf/port/default/dispatcher-default.o" -o "xf/port/default/dispatcher-default.o" "C:/Users/yan.michello/Documents/GitHub/XF/work/src/xf/port/default/dispatcher-default.cpp"
In file included from c:\users\yan.michello\documents\github\xf\work\src\mdw\trace\trace.h:6:0,
                 from C:/Users/yan.michello/Documents/GitHub/XF/work/src/xf/port/default/dispatcher-default.cpp:12:
c:\users\yan.michello\documents\github\xf\work\src\mdw\trace\config/trace-config.h:14:2: warning: #warning "No project specific trace configuration found! Taking default configuration!" [-Wcpp]
 #warning "No project specific trace configuration found! Taking default configuration!"
  ^~~~~~~
Finished building: C:/Users/yan.michello/Documents/GitHub/XF/work/src/xf/port/default/dispatcher-default.cpp
 
Building target: ide-sw4stm32-test1-idf.elf
Invoking: MCU G++ Linker
arm-none-eabi-g++ -mcpu=cortex-m7 -mthumb -mfloat-abi=hard -mfpu=fpv5-sp-d16 -specs=nosys.specs -specs=nano.specs -T"../STM32F746NGHx_FLASH.ld" -Wl,-Map=output.map -Wl,--gc-sections -fno-exceptions -fno-rtti -o "ide-sw4stm32-test1-idf.elf" @"objects.list"   -lm
Finished building target: ide-sw4stm32-test1-idf.elf
 
make --no-print-directory post-build
Generating binary and Printing size information:
arm-none-eabi-objcopy -O binary "ide-sw4stm32-test1-idf.elf" "ide-sw4stm32-test1-idf.bin"
arm-none-eabi-size "ide-sw4stm32-test1-idf.elf"
   text	   data	    bss	    dec	    hex	filename
  31204	    152	   6984	  38340	   95c4	ide-sw4stm32-test1-idf.elf
 
07:54:10 **** Incremental Build of configuration Debug for project ide-sw4stm32-test1-idf ****
make -j8 all 
Building file: C:/Users/yan.michello/Documents/GitHub/XF/work/src/xf/port/default/dispatcher-default.cpp
Invoking: MCU G++ Compiler
C:\Users\yan.michello\Documents\GitHub\XF\work\test-bench\test1\ide-sw4stm32-test1-idf\Debug
arm-none-eabi-g++ -mcpu=cortex-m7 -mthumb -mfloat-abi=hard -mfpu=fpv5-sp-d16 '-D__weak=__attribute__((weak))' '-D__packed=__attribute__((__packed__))' -DUSE_HAL_DRIVER -DSTM32F746xx -I"C:/Users/yan.michello/Documents/GitHub/XF/work/test-bench/test1/ide-sw4stm32-test1-idf/../src" -I"C:/Users/yan.michello/Documents/GitHub/XF/work/test-bench/test1/ide-sw4stm32-test1-idf/.." -I"C:/Users/yan.michello/Documents/GitHub/XF/work/test-bench/test1/ide-sw4stm32-test1-idf" -I"C:/Users/yan.michello/Documents/GitHub/XF/work/src/platform/f7-disco-gcc" -I"C:/Users/yan.michello/Documents/GitHub/XF/work/src/platform/f7-disco-gcc/mcu" -I"C:/Users/yan.michello/Documents/GitHub/XF/work/test-bench/test1/ide-sw4stm32-test1-idf/../../../src" -I"C:/Users/yan.michello/Documents/GitHub/XF/work/test-bench/test1/ide-sw4stm32-test1-idf/../../../src/xf/include" -I"C:/Users/yan.michello/Documents/GitHub/XF/work/test-bench/test1/ide-sw4stm32-test1-idf/../../../src/xf/port" -I"C:/Users/yan.michello/Documents/GitHub/XF/work/test-bench/test1/ide-sw4stm32-test1-idf/../../../src/mdw" -I"C:/Users/yan.michello/Documents/GitHub/XF/work/test-bench/test1/ide-sw4stm32-test1-idf/../../../src/mdw/trace" -I"C:/Users/yan.michello/Documents/GitHub/XF/work/test-bench/test1/ide-sw4stm32-test1-idf/Inc" -I"C:/Users/yan.michello/Documents/GitHub/XF/work/test-bench/test1/ide-sw4stm32-test1-idf/Drivers/STM32F7xx_HAL_Driver/Inc" -I"C:/Users/yan.michello/Documents/GitHub/XF/work/test-bench/test1/ide-sw4stm32-test1-idf/Drivers/STM32F7xx_HAL_Driver/Inc/Legacy" -I../Middlewares/ST/STM32_USB_Host_Library/Core/Inc -I../Middlewares/ST/STM32_USB_Host_Library/Class/CDC/Inc -I"C:/Users/yan.michello/Documents/GitHub/XF/work/test-bench/test1/ide-sw4stm32-test1-idf/Drivers/CMSIS/Device/ST/STM32F7xx/Include" -I../Middlewares/Third_Party/FatFs/src -I"C:/Users/yan.michello/Documents/GitHub/XF/work/test-bench/test1/ide-sw4stm32-test1-idf/Drivers/CMSIS/Include"  -Og -g3 -Wall -fmessage-length=0 -ffunction-sections -c -fno-exceptions -fno-rtti -MMD -MP -MF"xf/port/default/dispatcher-default.d" -MT"xf/port/default/dispatcher-default.o" -o "xf/port/default/dispatcher-default.o" "C:/Users/yan.michello/Documents/GitHub/XF/work/src/xf/port/default/dispatcher-default.cpp"
In file included from c:\users\yan.michello\documents\github\xf\work\src\mdw\trace\trace.h:6:0,
                 from C:/Users/yan.michello/Documents/GitHub/XF/work/src/xf/port/default/dispatcher-default.cpp:12:
c:\users\yan.michello\documents\github\xf\work\src\mdw\trace\config/trace-config.h:14:2: warning: #warning "No project specific trace configuration found! Taking default configuration!" [-Wcpp]
 #warning "No project specific trace configuration found! Taking default configuration!"
  ^~~~~~~
Finished building: C:/Users/yan.michello/Documents/GitHub/XF/work/src/xf/port/default/dispatcher-default.cpp
 
Building target: ide-sw4stm32-test1-idf.elf
Invoking: MCU G++ Linker
arm-none-eabi-g++ -mcpu=cortex-m7 -mthumb -mfloat-abi=hard -mfpu=fpv5-sp-d16 -specs=nosys.specs -specs=nano.specs -T"../STM32F746NGHx_FLASH.ld" -Wl,-Map=output.map -Wl,--gc-sections -fno-exceptions -fno-rtti -o "ide-sw4stm32-test1-idf.elf" @"objects.list"   -lm
Finished building target: ide-sw4stm32-test1-idf.elf
 
make --no-print-directory post-build
Generating binary and Printing size information:
arm-none-eabi-objcopy -O binary "ide-sw4stm32-test1-idf.elf" "ide-sw4stm32-test1-idf.bin"
arm-none-eabi-size "ide-sw4stm32-test1-idf.elf"
   text	   data	    bss	    dec	    hex	filename
  31232	    152	   6984	  38368	   95e0	ide-sw4stm32-test1-idf.elf
 
07:54:31 **** Incremental Build of configuration Debug for project ide-sw4stm32-test1-idf ****
make -j8 all 
Building file: C:/Users/yan.michello/Documents/GitHub/XF/work/src/xf/port/default/dispatcher-default.cpp
Invoking: MCU G++ Compiler
C:\Users\yan.michello\Documents\GitHub\XF\work\test-bench\test1\ide-sw4stm32-test1-idf\Debug
arm-none-eabi-g++ -mcpu=cortex-m7 -mthumb -mfloat-abi=hard -mfpu=fpv5-sp-d16 '-D__weak=__attribute__((weak))' '-D__packed=__attribute__((__packed__))' -DUSE_HAL_DRIVER -DSTM32F746xx -I"C:/Users/yan.michello/Documents/GitHub/XF/work/test-bench/test1/ide-sw4stm32-test1-idf/../src" -I"C:/Users/yan.michello/Documents/GitHub/XF/work/test-bench/test1/ide-sw4stm32-test1-idf/.." -I"C:/Users/yan.michello/Documents/GitHub/XF/work/test-bench/test1/ide-sw4stm32-test1-idf" -I"C:/Users/yan.michello/Documents/GitHub/XF/work/src/platform/f7-disco-gcc" -I"C:/Users/yan.michello/Documents/GitHub/XF/work/src/platform/f7-disco-gcc/mcu" -I"C:/Users/yan.michello/Documents/GitHub/XF/work/test-bench/test1/ide-sw4stm32-test1-idf/../../../src" -I"C:/Users/yan.michello/Documents/GitHub/XF/work/test-bench/test1/ide-sw4stm32-test1-idf/../../../src/xf/include" -I"C:/Users/yan.michello/Documents/GitHub/XF/work/test-bench/test1/ide-sw4stm32-test1-idf/../../../src/xf/port" -I"C:/Users/yan.michello/Documents/GitHub/XF/work/test-bench/test1/ide-sw4stm32-test1-idf/../../../src/mdw" -I"C:/Users/yan.michello/Documents/GitHub/XF/work/test-bench/test1/ide-sw4stm32-test1-idf/../../../src/mdw/trace" -I"C:/Users/yan.michello/Documents/GitHub/XF/work/test-bench/test1/ide-sw4stm32-test1-idf/Inc" -I"C:/Users/yan.michello/Documents/GitHub/XF/work/test-bench/test1/ide-sw4stm32-test1-idf/Drivers/STM32F7xx_HAL_Driver/Inc" -I"C:/Users/yan.michello/Documents/GitHub/XF/work/test-bench/test1/ide-sw4stm32-test1-idf/Drivers/STM32F7xx_HAL_Driver/Inc/Legacy" -I../Middlewares/ST/STM32_USB_Host_Library/Core/Inc -I../Middlewares/ST/STM32_USB_Host_Library/Class/CDC/Inc -I"C:/Users/yan.michello/Documents/GitHub/XF/work/test-bench/test1/ide-sw4stm32-test1-idf/Drivers/CMSIS/Device/ST/STM32F7xx/Include" -I../Middlewares/Third_Party/FatFs/src -I"C:/Users/yan.michello/Documents/GitHub/XF/work/test-bench/test1/ide-sw4stm32-test1-idf/Drivers/CMSIS/Include"  -Og -g3 -Wall -fmessage-length=0 -ffunction-sections -c -fno-exceptions -fno-rtti -MMD -MP -MF"xf/port/default/dispatcher-default.d" -MT"xf/port/default/dispatcher-default.o" -o "xf/port/default/dispatcher-default.o" "C:/Users/yan.michello/Documents/GitHub/XF/work/src/xf/port/default/dispatcher-default.cpp"
In file included from c:\users\yan.michello\documents\github\xf\work\src\mdw\trace\trace.h:6:0,
                 from C:/Users/yan.michello/Documents/GitHub/XF/work/src/xf/port/default/dispatcher-default.cpp:12:
c:\users\yan.michello\documents\github\xf\work\src\mdw\trace\config/trace-config.h:14:2: warning: #warning "No project specific trace configuration found! Taking default configuration!" [-Wcpp]
 #warning "No project specific trace configuration found! Taking default configuration!"
  ^~~~~~~
Finished building: C:/Users/yan.michello/Documents/GitHub/XF/work/src/xf/port/default/dispatcher-default.cpp
 
Building target: ide-sw4stm32-test1-idf.elf
Invoking: MCU G++ Linker
arm-none-eabi-g++ -mcpu=cortex-m7 -mthumb -mfloat-abi=hard -mfpu=fpv5-sp-d16 -specs=nosys.specs -specs=nano.specs -T"../STM32F746NGHx_FLASH.ld" -Wl,-Map=output.map -Wl,--gc-sections -fno-exceptions -fno-rtti -o "ide-sw4stm32-test1-idf.elf" @"objects.list"   -lm
Finished building target: ide-sw4stm32-test1-idf.elf
 
make --no-print-directory post-build
Generating binary and Printing size information:
arm-none-eabi-objcopy -O binary "ide-sw4stm32-test1-idf.elf" "ide-sw4stm32-test1-idf.bin"
arm-none-eabi-size "ide-sw4stm32-test1-idf.elf"
   text	   data	    bss	    dec	    hex	filename
  31208	    152	   6984	  38344	   95c8	ide-sw4stm32-test1-idf.elf
 
07:56:14 **** Incremental Build of configuration Debug for project ide-sw4stm32-test1-idf ****
make -j8 all 
Building file: C:/Users/yan.michello/Documents/GitHub/XF/work/test-bench/test1/src/app/statemachine01.cpp
Invoking: MCU G++ Compiler
C:\Users\yan.michello\Documents\GitHub\XF\work\test-bench\test1\ide-sw4stm32-test1-idf\Debug
arm-none-eabi-g++ -mcpu=cortex-m7 -mthumb -mfloat-abi=hard -mfpu=fpv5-sp-d16 '-D__weak=__attribute__((weak))' '-D__packed=__attribute__((__packed__))' -DUSE_HAL_DRIVER -DSTM32F746xx -I"C:/Users/yan.michello/Documents/GitHub/XF/work/test-bench/test1/ide-sw4stm32-test1-idf/../src" -I"C:/Users/yan.michello/Documents/GitHub/XF/work/test-bench/test1/ide-sw4stm32-test1-idf/.." -I"C:/Users/yan.michello/Documents/GitHub/XF/work/test-bench/test1/ide-sw4stm32-test1-idf" -I"C:/Users/yan.michello/Documents/GitHub/XF/work/src/platform/f7-disco-gcc" -I"C:/Users/yan.michello/Documents/GitHub/XF/work/src/platform/f7-disco-gcc/mcu" -I"C:/Users/yan.michello/Documents/GitHub/XF/work/test-bench/test1/ide-sw4stm32-test1-idf/../../../src" -I"C:/Users/yan.michello/Documents/GitHub/XF/work/test-bench/test1/ide-sw4stm32-test1-idf/../../../src/xf/include" -I"C:/Users/yan.michello/Documents/GitHub/XF/work/test-bench/test1/ide-sw4stm32-test1-idf/../../../src/xf/port" -I"C:/Users/yan.michello/Documents/GitHub/XF/work/test-bench/test1/ide-sw4stm32-test1-idf/../../../src/mdw" -I"C:/Users/yan.michello/Documents/GitHub/XF/work/test-bench/test1/ide-sw4stm32-test1-idf/../../../src/mdw/trace" -I"C:/Users/yan.michello/Documents/GitHub/XF/work/test-bench/test1/ide-sw4stm32-test1-idf/Inc" -I"C:/Users/yan.michello/Documents/GitHub/XF/work/test-bench/test1/ide-sw4stm32-test1-idf/Drivers/STM32F7xx_HAL_Driver/Inc" -I"C:/Users/yan.michello/Documents/GitHub/XF/work/test-bench/test1/ide-sw4stm32-test1-idf/Drivers/STM32F7xx_HAL_Driver/Inc/Legacy" -I../Middlewares/ST/STM32_USB_Host_Library/Core/Inc -I../Middlewares/ST/STM32_USB_Host_Library/Class/CDC/Inc -I"C:/Users/yan.michello/Documents/GitHub/XF/work/test-bench/test1/ide-sw4stm32-test1-idf/Drivers/CMSIS/Device/ST/STM32F7xx/Include" -I../Middlewares/Third_Party/FatFs/src -I"C:/Users/yan.michello/Documents/GitHub/XF/work/test-bench/test1/ide-sw4stm32-test1-idf/Drivers/CMSIS/Include"  -Og -g3 -Wall -fmessage-length=0 -ffunction-sections -c -fno-exceptions -fno-rtti -MMD -MP -MF"app/statemachine01.d" -MT"app/statemachine01.o" -o "app/statemachine01.o" "C:/Users/yan.michello/Documents/GitHub/XF/work/test-bench/test1/src/app/statemachine01.cpp"
In file included from c:\users\yan.michello\documents\github\xf\work\src\mdw\trace\trace.h:6:0,
                 from C:/Users/yan.michello/Documents/GitHub/XF/work/test-bench/test1/src/app/statemachine01.cpp:2:
c:\users\yan.michello\documents\github\xf\work\src\mdw\trace\config/trace-config.h:14:2: warning: #warning "No project specific trace configuration found! Taking default configuration!" [-Wcpp]
 #warning "No project specific trace configuration found! Taking default configuration!"
  ^~~~~~~
Finished building: C:/Users/yan.michello/Documents/GitHub/XF/work/test-bench/test1/src/app/statemachine01.cpp
 
Building target: ide-sw4stm32-test1-idf.elf
Invoking: MCU G++ Linker
arm-none-eabi-g++ -mcpu=cortex-m7 -mthumb -mfloat-abi=hard -mfpu=fpv5-sp-d16 -specs=nosys.specs -specs=nano.specs -T"../STM32F746NGHx_FLASH.ld" -Wl,-Map=output.map -Wl,--gc-sections -fno-exceptions -fno-rtti -o "ide-sw4stm32-test1-idf.elf" @"objects.list"   -lm
Finished building target: ide-sw4stm32-test1-idf.elf
 
make --no-print-directory post-build
Generating binary and Printing size information:
arm-none-eabi-objcopy -O binary "ide-sw4stm32-test1-idf.elf" "ide-sw4stm32-test1-idf.bin"
arm-none-eabi-size "ide-sw4stm32-test1-idf.elf"
   text	   data	    bss	    dec	    hex	filename
  31184	    152	   6984	  38320	   95b0	ide-sw4stm32-test1-idf.elf
 
07:56:45 **** Incremental Build of configuration Debug for project ide-sw4stm32-test1-idf ****
make -j8 all 
Building file: ../Src/main.c
Invoking: MCU GCC Compiler
C:\Users\yan.michello\Documents\GitHub\XF\work\test-bench\test1\ide-sw4stm32-test1-idf\Debug
arm-none-eabi-gcc -mcpu=cortex-m7 -mthumb -mfloat-abi=hard -mfpu=fpv5-sp-d16 '-D__weak=__attribute__((weak))' '-D__packed=__attribute__((__packed__))' -DUSE_HAL_DRIVER -DSTM32F746xx -I"C:/Users/yan.michello/Documents/GitHub/XF/work/test-bench/test1/ide-sw4stm32-test1-idf/../src" -I"C:/Users/yan.michello/Documents/GitHub/XF/work/test-bench/test1/ide-sw4stm32-test1-idf/.." -I"C:/Users/yan.michello/Documents/GitHub/XF/work/test-bench/test1/ide-sw4stm32-test1-idf/../../../src" -I"C:/Users/yan.michello/Documents/GitHub/XF/work/test-bench/test1/ide-sw4stm32-test1-idf" -I"C:/Users/yan.michello/Documents/GitHub/XF/work/test-bench/test1/ide-sw4stm32-test1-idf/../../../src/xf/include" -I"C:/Users/yan.michello/Documents/GitHub/XF/work/test-bench/test1/ide-sw4stm32-test1-idf/../../../src/xf/port" -I"C:/Users/yan.michello/Documents/GitHub/XF/work/test-bench/test1/ide-sw4stm32-test1-idf/Inc" -I"C:/Users/yan.michello/Documents/GitHub/XF/work/test-bench/test1/ide-sw4stm32-test1-idf/Drivers/STM32F7xx_HAL_Driver/Inc" -I"C:/Users/yan.michello/Documents/GitHub/XF/work/test-bench/test1/ide-sw4stm32-test1-idf/Drivers/STM32F7xx_HAL_Driver/Inc/Legacy" -I../Middlewares/ST/STM32_USB_Host_Library/Core/Inc -I../Middlewares/ST/STM32_USB_Host_Library/Class/CDC/Inc -I"C:/Users/yan.michello/Documents/GitHub/XF/work/test-bench/test1/ide-sw4stm32-test1-idf/Drivers/CMSIS/Device/ST/STM32F7xx/Include" -I../Middlewares/Third_Party/FatFs/src -I"C:/Users/yan.michello/Documents/GitHub/XF/work/test-bench/test1/ide-sw4stm32-test1-idf/Drivers/CMSIS/Include"  -Og -g3 -Wall -fmessage-length=0 -ffunction-sections -c -fmessage-length=0 -MMD -MP -MF"Src/main.d" -MT"Src/main.o" -o "Src/main.o" "../Src/main.c"
In file included from c:\users\yan.michello\documents\github\xf\work\src\mdw\trace\trace.h:6:0,
                 from ../Src/main.c:116:
c:\users\yan.michello\documents\github\xf\work\src\mdw\trace\config/trace-config.h:14:2: warning: #warning "No project specific trace configuration found! Taking default configuration!" [-Wcpp]
 #warning "No project specific trace configuration found! Taking default configuration!"
  ^~~~~~~
Finished building: ../Src/main.c
 
Building target: ide-sw4stm32-test1-idf.elf
Invoking: MCU G++ Linker
arm-none-eabi-g++ -mcpu=cortex-m7 -mthumb -mfloat-abi=hard -mfpu=fpv5-sp-d16 -specs=nosys.specs -specs=nano.specs -T"../STM32F746NGHx_FLASH.ld" -Wl,-Map=output.map -Wl,--gc-sections -fno-exceptions -fno-rtti -o "ide-sw4stm32-test1-idf.elf" @"objects.list"   -lm
Finished building target: ide-sw4stm32-test1-idf.elf
 
make --no-print-directory post-build
Generating binary and Printing size information:
arm-none-eabi-objcopy -O binary "ide-sw4stm32-test1-idf.elf" "ide-sw4stm32-test1-idf.bin"
arm-none-eabi-size "ide-sw4stm32-test1-idf.elf"
   text	   data	    bss	    dec	    hex	filename
  31096	    152	   6984	  38232	   9558	ide-sw4stm32-test1-idf.elf
 
