08:54:30 **** Incremental Build of configuration Debug for project ide-sw4stm32-test4-idf ****
make -j8 all 
Building file: C:/Users/yan.michello/Documents/GitHub/XF/work/src/xf/port/default/timeoutmanager-default.cpp
Invoking: MCU G++ Compiler
C:\Users\yan.michello\Documents\GitHub\XF\work\test-bench\test4\ide-sw4stm32-test4-idf\Debug
arm-none-eabi-g++ -mcpu=cortex-m7 -mthumb -mfloat-abi=hard -mfpu=fpv5-sp-d16 '-D__weak=__attribute__((weak))' '-D__packed=__attribute__((__packed__))' -DUSE_HAL_DRIVER -DSTM32F746xx -I"C:/Users/yan.michello/Documents/GitHub/XF/work/test-bench/test4/ide-sw4stm32-test4-idf/../src" -I"C:/Users/yan.michello/Documents/GitHub/XF/work/test-bench/test4/ide-sw4stm32-test4-idf/.." -I"C:/Users/yan.michello/Documents/GitHub/XF/work/test-bench/test4/ide-sw4stm32-test4-idf" -I"C:/Users/yan.michello/Documents/GitHub/XF/work/src/platform/f7-disco-gcc" -I"C:/Users/yan.michello/Documents/GitHub/XF/work/src/platform/f7-disco-gcc/mcu" -I"C:/Users/yan.michello/Documents/GitHub/XF/work/test-bench/test4/ide-sw4stm32-test4-idf/../../../src" -I"C:/Users/yan.michello/Documents/GitHub/XF/work/test-bench/test4/ide-sw4stm32-test4-idf/../../../src/xf/include" -I"C:/Users/yan.michello/Documents/GitHub/XF/work/test-bench/test4/ide-sw4stm32-test4-idf/../../../src/xf/port" -I"C:/Users/yan.michello/Documents/GitHub/XF/work/test-bench/test4/ide-sw4stm32-test4-idf/../../../src/mdw" -I"C:/Users/yan.michello/Documents/GitHub/XF/work/test-bench/test4/ide-sw4stm32-test4-idf/../../../src/mdw/trace" -I"C:/Users/yan.michello/Documents/GitHub/XF/work/test-bench/test4/ide-sw4stm32-test4-idf/Inc" -I"C:/Users/yan.michello/Documents/GitHub/XF/work/test-bench/test4/ide-sw4stm32-test4-idf/Drivers/STM32F7xx_HAL_Driver/Inc" -I"C:/Users/yan.michello/Documents/GitHub/XF/work/test-bench/test4/ide-sw4stm32-test4-idf/Drivers/STM32F7xx_HAL_Driver/Inc/Legacy" -I../Middlewares/ST/STM32_USB_Host_Library/Core/Inc -I../Middlewares/ST/STM32_USB_Host_Library/Class/CDC/Inc -I"C:/Users/yan.michello/Documents/GitHub/XF/work/test-bench/test4/ide-sw4stm32-test4-idf/Drivers/CMSIS/Device/ST/STM32F7xx/Include" -I../Middlewares/Third_Party/FatFs/src -I"C:/Users/yan.michello/Documents/GitHub/XF/work/test-bench/test4/ide-sw4stm32-test4-idf/Drivers/CMSIS/Include"  -Og -g3 -Wall -fmessage-length=0 -ffunction-sections -c -fno-exceptions -fno-rtti -MMD -MP -MF"xf/port/default/timeoutmanager-default.d" -MT"xf/port/default/timeoutmanager-default.o" -o "xf/port/default/timeoutmanager-default.o" "C:/Users/yan.michello/Documents/GitHub/XF/work/src/xf/port/default/timeoutmanager-default.cpp"
In file included from c:\users\yan.michello\documents\github\xf\work\src\mdw\trace\trace.h:6:0,
                 from C:/Users/yan.michello/Documents/GitHub/XF/work/src/xf/port/default/timeoutmanager-default.cpp:7:
c:\users\yan.michello\documents\github\xf\work\src\mdw\trace\config/trace-config.h:14:2: warning: #warning "No project specific trace configuration found! Taking default configuration!" [-Wcpp]
 #warning "No project specific trace configuration found! Taking default configuration!"
  ^~~~~~~
Finished building: C:/Users/yan.michello/Documents/GitHub/XF/work/src/xf/port/default/timeoutmanager-default.cpp
 
Building target: ide-sw4stm32-test4-idf.elf
Invoking: MCU G++ Linker
arm-none-eabi-g++ -mcpu=cortex-m7 -mthumb -mfloat-abi=hard -mfpu=fpv5-sp-d16 -specs=nosys.specs -specs=nano.specs -T"../STM32F746NGHx_FLASH.ld" -Wl,-Map=output.map -Wl,--gc-sections -fno-exceptions -fno-rtti -o "ide-sw4stm32-test4-idf.elf" @"objects.list"   -lm
Finished building target: ide-sw4stm32-test4-idf.elf
 
make --no-print-directory post-build
Generating binary and Printing size information:
arm-none-eabi-objcopy -O binary "ide-sw4stm32-test4-idf.elf" "ide-sw4stm32-test4-idf.bin"
arm-none-eabi-size "ide-sw4stm32-test4-idf.elf"
   text	   data	    bss	    dec	    hex	filename
  31348	    152	   6936	  38436	   9624	ide-sw4stm32-test4-idf.elf
 
08:54:45 **** Incremental Build of configuration Debug for project ide-sw4stm32-test4-idf ****
make -j8 all 
make: Nothing to be done for 'all'.
08:55:47 **** Incremental Build of configuration Debug for project ide-sw4stm32-test4-idf ****
make -j8 all 
Building file: C:/Users/yan.michello/Documents/GitHub/XF/work/src/xf/port/default/dispatcher-default.cpp
Building file: C:/Users/yan.michello/Documents/GitHub/XF/work/src/xf/port/default/timeoutmanager-default.cpp
Invoking: MCU G++ Compiler
Invoking: MCU G++ Compiler
C:\Users\yan.michello\Documents\GitHub\XF\work\test-bench\test4\ide-sw4stm32-test4-idf\Debug
arm-none-eabi-g++ -mcpu=cortex-m7 -mthumb -mfloat-abi=hard -mfpu=fpv5-sp-d16 '-D__weak=__attribute__((weak))' '-D__packed=__attribute__((__packed__))' -DUSE_HAL_DRIVER -DSTM32F746xx -I"C:/Users/yan.michello/Documents/GitHub/XF/work/test-bench/test4/ide-sw4stm32-test4-idf/../src" -I"C:/Users/yan.michello/Documents/GitHub/XF/work/test-bench/test4/ide-sw4stm32-test4-idf/.." -I"C:/Users/yan.michello/Documents/GitHub/XF/work/test-bench/test4/ide-sw4stm32-test4-idf" -I"C:/Users/yan.michello/Documents/GitHub/XF/work/src/platform/f7-disco-gcc" -I"C:/Users/yan.michello/Documents/GitHub/XF/work/src/platform/f7-disco-gcc/mcu" -I"C:/Users/yan.michello/Documents/GitHub/XF/work/test-bench/test4/ide-sw4stm32-test4-idf/../../../src" -I"C:/Users/yan.michello/Documents/GitHub/XF/work/test-bench/test4/ide-sw4stm32-test4-idf/../../../src/xf/include" -I"C:/Users/yan.michello/Documents/GitHub/XF/work/test-bench/test4/ide-sw4stm32-test4-idf/../../../src/xf/port" -I"C:/Users/yan.michello/Documents/GitHub/XF/work/test-bench/test4/ide-sw4stm32-test4-idf/../../../src/mdw" -I"C:/Users/yan.michello/Documents/GitHub/XF/work/test-bench/test4/ide-sw4stm32-test4-idf/../../../src/mdw/trace" -I"C:/Users/yan.michello/Documents/GitHub/XF/work/test-bench/test4/ide-sw4stm32-test4-idf/Inc" -I"C:/Users/yan.michello/Documents/GitHub/XF/work/test-bench/test4/ide-sw4stm32-test4-idf/Drivers/STM32F7xx_HAL_Driver/Inc" -I"C:/Users/yan.michello/Documents/GitHub/XF/work/test-bench/test4/ide-sw4stm32-test4-idf/Drivers/STM32F7xx_HAL_Driver/Inc/Legacy" -I../Middlewares/ST/STM32_USB_Host_Library/Core/Inc -I../Middlewares/ST/STM32_USB_Host_Library/Class/CDC/Inc -I"C:/Users/yan.michello/Documents/GitHub/XF/work/test-bench/test4/ide-sw4stm32-test4-idf/Drivers/CMSIS/Device/ST/STM32F7xx/Include" -I../Middlewares/Third_Party/FatFs/src -I"C:/Users/yan.michello/Documents/GitHub/XF/work/test-bench/test4/ide-sw4stm32-test4-idf/Drivers/CMSIS/Include"  -Og -g3 -Wall -fmessage-length=0 -ffunction-sections -c -fno-exceptions -fno-rtti -MMD -MP -MF"xf/port/default/dispatcher-default.d" -MT"xf/port/default/dispatcher-default.o" -o "xf/port/default/dispatcher-default.o" "C:/Users/yan.michello/Documents/GitHub/XF/work/src/xf/port/default/dispatcher-default.cpp"
C:\Users\yan.michello\Documents\GitHub\XF\work\test-bench\test4\ide-sw4stm32-test4-idf\Debug
arm-none-eabi-g++ -mcpu=cortex-m7 -mthumb -mfloat-abi=hard -mfpu=fpv5-sp-d16 '-D__weak=__attribute__((weak))' '-D__packed=__attribute__((__packed__))' -DUSE_HAL_DRIVER -DSTM32F746xx -I"C:/Users/yan.michello/Documents/GitHub/XF/work/test-bench/test4/ide-sw4stm32-test4-idf/../src" -I"C:/Users/yan.michello/Documents/GitHub/XF/work/test-bench/test4/ide-sw4stm32-test4-idf/.." -I"C:/Users/yan.michello/Documents/GitHub/XF/work/test-bench/test4/ide-sw4stm32-test4-idf" -I"C:/Users/yan.michello/Documents/GitHub/XF/work/src/platform/f7-disco-gcc" -I"C:/Users/yan.michello/Documents/GitHub/XF/work/src/platform/f7-disco-gcc/mcu" -I"C:/Users/yan.michello/Documents/GitHub/XF/work/test-bench/test4/ide-sw4stm32-test4-idf/../../../src" -I"C:/Users/yan.michello/Documents/GitHub/XF/work/test-bench/test4/ide-sw4stm32-test4-idf/../../../src/xf/include" -I"C:/Users/yan.michello/Documents/GitHub/XF/work/test-bench/test4/ide-sw4stm32-test4-idf/../../../src/xf/port" -I"C:/Users/yan.michello/Documents/GitHub/XF/work/test-bench/test4/ide-sw4stm32-test4-idf/../../../src/mdw" -I"C:/Users/yan.michello/Documents/GitHub/XF/work/test-bench/test4/ide-sw4stm32-test4-idf/../../../src/mdw/trace" -I"C:/Users/yan.michello/Documents/GitHub/XF/work/test-bench/test4/ide-sw4stm32-test4-idf/Inc" -I"C:/Users/yan.michello/Documents/GitHub/XF/work/test-bench/test4/ide-sw4stm32-test4-idf/Drivers/STM32F7xx_HAL_Driver/Inc" -I"C:/Users/yan.michello/Documents/GitHub/XF/work/test-bench/test4/ide-sw4stm32-test4-idf/Drivers/STM32F7xx_HAL_Driver/Inc/Legacy" -I../Middlewares/ST/STM32_USB_Host_Library/Core/Inc -I../Middlewares/ST/STM32_USB_Host_Library/Class/CDC/Inc -I"C:/Users/yan.michello/Documents/GitHub/XF/work/test-bench/test4/ide-sw4stm32-test4-idf/Drivers/CMSIS/Device/ST/STM32F7xx/Include" -I../Middlewares/Third_Party/FatFs/src -I"C:/Users/yan.michello/Documents/GitHub/XF/work/test-bench/test4/ide-sw4stm32-test4-idf/Drivers/CMSIS/Include"  -Og -g3 -Wall -fmessage-length=0 -ffunction-sections -c -fno-exceptions -fno-rtti -MMD -MP -MF"xf/port/default/timeoutmanager-default.d" -MT"xf/port/default/timeoutmanager-default.o" -o "xf/port/default/timeoutmanager-default.o" "C:/Users/yan.michello/Documents/GitHub/XF/work/src/xf/port/default/timeoutmanager-default.cpp"
In file included from c:\users\yan.michello\documents\github\xf\work\src\mdw\trace\trace.h:6:0,
                 from C:/Users/yan.michello/Documents/GitHub/XF/work/src/xf/port/default/timeoutmanager-default.cpp:7:
c:\users\yan.michello\documents\github\xf\work\src\mdw\trace\config/trace-config.h:14:2: warning: #warning "No project specific trace configuration found! Taking default configuration!" [-Wcpp]
 #warning "No project specific trace configuration found! Taking default configuration!"
  ^~~~~~~
In file included from c:\users\yan.michello\documents\github\xf\work\src\mdw\trace\trace.h:6:0,
                 from C:/Users/yan.michello/Documents/GitHub/XF/work/src/xf/port/default/dispatcher-default.cpp:12:
c:\users\yan.michello\documents\github\xf\work\src\mdw\trace\config/trace-config.h:14:2: warning: #warning "No project specific trace configuration found! Taking default configuration!" [-Wcpp]
 #warning "No project specific trace configuration found! Taking default configuration!"
  ^~~~~~~
Finished building: C:/Users/yan.michello/Documents/GitHub/XF/work/src/xf/port/default/dispatcher-default.cpp
 
Finished building: C:/Users/yan.michello/Documents/GitHub/XF/work/src/xf/port/default/timeoutmanager-default.cpp
 
Building target: ide-sw4stm32-test4-idf.elf
Invoking: MCU G++ Linker
arm-none-eabi-g++ -mcpu=cortex-m7 -mthumb -mfloat-abi=hard -mfpu=fpv5-sp-d16 -specs=nosys.specs -specs=nano.specs -T"../STM32F746NGHx_FLASH.ld" -Wl,-Map=output.map -Wl,--gc-sections -fno-exceptions -fno-rtti -o "ide-sw4stm32-test4-idf.elf" @"objects.list"   -lm
Finished building target: ide-sw4stm32-test4-idf.elf
 
make --no-print-directory post-build
Generating binary and Printing size information:
arm-none-eabi-objcopy -O binary "ide-sw4stm32-test4-idf.elf" "ide-sw4stm32-test4-idf.bin"
arm-none-eabi-size "ide-sw4stm32-test4-idf.elf"
   text	   data	    bss	    dec	    hex	filename
  31164	    152	   6936	  38252	   956c	ide-sw4stm32-test4-idf.elf
 
08:56:27 **** Incremental Build of configuration Debug for project ide-sw4stm32-test4-idf ****
make -j8 all 
Building file: C:/Users/yan.michello/Documents/GitHub/XF/work/test-bench/test4/src/app/statemachine04b.cpp
Invoking: MCU G++ Compiler
C:\Users\yan.michello\Documents\GitHub\XF\work\test-bench\test4\ide-sw4stm32-test4-idf\Debug
arm-none-eabi-g++ -mcpu=cortex-m7 -mthumb -mfloat-abi=hard -mfpu=fpv5-sp-d16 '-D__weak=__attribute__((weak))' '-D__packed=__attribute__((__packed__))' -DUSE_HAL_DRIVER -DSTM32F746xx -I"C:/Users/yan.michello/Documents/GitHub/XF/work/test-bench/test4/ide-sw4stm32-test4-idf/../src" -I"C:/Users/yan.michello/Documents/GitHub/XF/work/test-bench/test4/ide-sw4stm32-test4-idf/.." -I"C:/Users/yan.michello/Documents/GitHub/XF/work/test-bench/test4/ide-sw4stm32-test4-idf" -I"C:/Users/yan.michello/Documents/GitHub/XF/work/src/platform/f7-disco-gcc" -I"C:/Users/yan.michello/Documents/GitHub/XF/work/src/platform/f7-disco-gcc/mcu" -I"C:/Users/yan.michello/Documents/GitHub/XF/work/test-bench/test4/ide-sw4stm32-test4-idf/../../../src" -I"C:/Users/yan.michello/Documents/GitHub/XF/work/test-bench/test4/ide-sw4stm32-test4-idf/../../../src/xf/include" -I"C:/Users/yan.michello/Documents/GitHub/XF/work/test-bench/test4/ide-sw4stm32-test4-idf/../../../src/xf/port" -I"C:/Users/yan.michello/Documents/GitHub/XF/work/test-bench/test4/ide-sw4stm32-test4-idf/../../../src/mdw" -I"C:/Users/yan.michello/Documents/GitHub/XF/work/test-bench/test4/ide-sw4stm32-test4-idf/../../../src/mdw/trace" -I"C:/Users/yan.michello/Documents/GitHub/XF/work/test-bench/test4/ide-sw4stm32-test4-idf/Inc" -I"C:/Users/yan.michello/Documents/GitHub/XF/work/test-bench/test4/ide-sw4stm32-test4-idf/Drivers/STM32F7xx_HAL_Driver/Inc" -I"C:/Users/yan.michello/Documents/GitHub/XF/work/test-bench/test4/ide-sw4stm32-test4-idf/Drivers/STM32F7xx_HAL_Driver/Inc/Legacy" -I../Middlewares/ST/STM32_USB_Host_Library/Core/Inc -I../Middlewares/ST/STM32_USB_Host_Library/Class/CDC/Inc -I"C:/Users/yan.michello/Documents/GitHub/XF/work/test-bench/test4/ide-sw4stm32-test4-idf/Drivers/CMSIS/Device/ST/STM32F7xx/Include" -I../Middlewares/Third_Party/FatFs/src -I"C:/Users/yan.michello/Documents/GitHub/XF/work/test-bench/test4/ide-sw4stm32-test4-idf/Drivers/CMSIS/Include"  -Og -g3 -Wall -fmessage-length=0 -ffunction-sections -c -fno-exceptions -fno-rtti -MMD -MP -MF"app/statemachine04b.d" -MT"app/statemachine04b.o" -o "app/statemachine04b.o" "C:/Users/yan.michello/Documents/GitHub/XF/work/test-bench/test4/src/app/statemachine04b.cpp"
In file included from c:\users\yan.michello\documents\github\xf\work\src\mdw\trace\trace.h:6:0,
                 from C:/Users/yan.michello/Documents/GitHub/XF/work/test-bench/test4/src/app/statemachine04b.cpp:2:
c:\users\yan.michello\documents\github\xf\work\src\mdw\trace\config/trace-config.h:14:2: warning: #warning "No project specific trace configuration found! Taking default configuration!" [-Wcpp]
 #warning "No project specific trace configuration found! Taking default configuration!"
  ^~~~~~~
Finished building: C:/Users/yan.michello/Documents/GitHub/XF/work/test-bench/test4/src/app/statemachine04b.cpp
 
Building target: ide-sw4stm32-test4-idf.elf
Invoking: MCU G++ Linker
arm-none-eabi-g++ -mcpu=cortex-m7 -mthumb -mfloat-abi=hard -mfpu=fpv5-sp-d16 -specs=nosys.specs -specs=nano.specs -T"../STM32F746NGHx_FLASH.ld" -Wl,-Map=output.map -Wl,--gc-sections -fno-exceptions -fno-rtti -o "ide-sw4stm32-test4-idf.elf" @"objects.list"   -lm
Finished building target: ide-sw4stm32-test4-idf.elf
 
make --no-print-directory post-build
Generating binary and Printing size information:
arm-none-eabi-objcopy -O binary "ide-sw4stm32-test4-idf.elf" "ide-sw4stm32-test4-idf.bin"
arm-none-eabi-size "ide-sw4stm32-test4-idf.elf"
   text	   data	    bss	    dec	    hex	filename
  31036	    152	   6936	  38124	   94ec	ide-sw4stm32-test4-idf.elf
 
09:00:27 **** Build of configuration Debug for project ide-sw4stm32-test5-idf ****
make -j8 all 
Building file: C:/Users/yan.michello/Documents/GitHub/XF/work/src/xf/port/idf-stm32cube/port-functions.cpp
Building file: C:/Users/yan.michello/Documents/GitHub/XF/work/src/xf/port/default/dispatcher-active.cpp
Building file: C:/Users/yan.michello/Documents/GitHub/XF/work/src/xf/port/default/dispatcher-default.cpp
Building file: C:/Users/yan.michello/Documents/GitHub/XF/work/src/xf/port/default/eventqueue-default.cpp
Invoking: MCU G++ Compiler
Invoking: MCU G++ Compiler
Invoking: MCU G++ Compiler
Invoking: MCU G++ Compiler
C:\Users\yan.michello\Documents\GitHub\XF\work\test-bench\test5\ide-sw4stm32-test5-idf\Debug
arm-none-eabi-g++ -mcpu=cortex-m7 -mthumb -mfloat-abi=hard -mfpu=fpv5-sp-d16 '-D__weak=__attribute__((weak))' '-D__packed=__attribute__((__packed__))' -DUSE_HAL_DRIVER -DSTM32F746xx -I"C:/Users/yan.michello/Documents/GitHub/XF/work/test-bench/test5/ide-sw4stm32-test5-idf/../src" -I"C:/Users/yan.michello/Documents/GitHub/XF/work/test-bench/test5/ide-sw4stm32-test5-idf/.." -I"C:/Users/yan.michello/Documents/GitHub/XF/work/test-bench/test5/ide-sw4stm32-test5-idf" -I"C:/Users/yan.michello/Documents/GitHub/XF/work/src/platform/f7-disco-gcc" -I"C:/Users/yan.michello/Documents/GitHub/XF/work/src/platform/f7-disco-gcc/mcu" -I"C:/Users/yan.michello/Documents/GitHub/XF/work/test-bench/test5/ide-sw4stm32-test5-idf/../../../src" -I"C:/Users/yan.michello/Documents/GitHub/XF/work/test-bench/test5/ide-sw4stm32-test5-idf/../../../src/xf/include" -I"C:/Users/yan.michello/Documents/GitHub/XF/work/test-bench/test5/ide-sw4stm32-test5-idf/../../../src/xf/port" -I"C:/Users/yan.michello/Documents/GitHub/XF/work/test-bench/test5/ide-sw4stm32-test5-idf/../../../src/mdw" -I"C:/Users/yan.michello/Documents/GitHub/XF/work/test-bench/test5/ide-sw4stm32-test5-idf/../../../src/mdw/trace" -I"C:/Users/yan.michello/Documents/GitHub/XF/work/test-bench/test5/ide-sw4stm32-test5-idf/Inc" -I"C:/Users/yan.michello/Documents/GitHub/XF/work/test-bench/test5/ide-sw4stm32-test5-idf/Drivers/STM32F7xx_HAL_Driver/Inc" -I"C:/Users/yan.michello/Documents/GitHub/XF/work/test-bench/test5/ide-sw4stm32-test5-idf/Drivers/STM32F7xx_HAL_Driver/Inc/Legacy" -I../Middlewares/ST/STM32_USB_Host_Library/Core/Inc -I../Middlewares/ST/STM32_USB_Host_Library/Class/CDC/Inc -I"C:/Users/yan.michello/Documents/GitHub/XF/work/test-bench/test5/ide-sw4stm32-test5-idf/Drivers/CMSIS/Device/ST/STM32F7xx/Include" -I../Middlewares/Third_Party/FatFs/src -I"C:/Users/yan.michello/Documents/GitHub/XF/work/test-bench/test5/ide-sw4stm32-test5-idf/Drivers/CMSIS/Include"  -Og -g3 -Wall -fmessage-length=0 -ffunction-sections -c -fno-exceptions -fno-rtti -MMD -MP -MF"xf/port/idf-stm32cube/port-functions.d" -MT"xf/port/idf-stm32cube/port-functions.o" -o "xf/port/idf-stm32cube/port-functions.o" "C:/Users/yan.michello/Documents/GitHub/XF/work/src/xf/port/idf-stm32cube/port-functions.cpp"
C:\Users\yan.michello\Documents\GitHub\XF\work\test-bench\test5\ide-sw4stm32-test5-idf\Debug
C:\Users\yan.michello\Documents\GitHub\XF\work\test-bench\test5\ide-sw4stm32-test5-idf\Debug
arm-none-eabi-g++ -mcpu=cortex-m7 -mthumb -mfloat-abi=hard -mfpu=fpv5-sp-d16 '-D__weak=__attribute__((weak))' '-D__packed=__attribute__((__packed__))' -DUSE_HAL_DRIVER -DSTM32F746xx -I"C:/Users/yan.michello/Documents/GitHub/XF/work/test-bench/test5/ide-sw4stm32-test5-idf/../src" -I"C:/Users/yan.michello/Documents/GitHub/XF/work/test-bench/test5/ide-sw4stm32-test5-idf/.." -I"C:/Users/yan.michello/Documents/GitHub/XF/work/test-bench/test5/ide-sw4stm32-test5-idf" -I"C:/Users/yan.michello/Documents/GitHub/XF/work/src/platform/f7-disco-gcc" -I"C:/Users/yan.michello/Documents/GitHub/XF/work/src/platform/f7-disco-gcc/mcu" -I"C:/Users/yan.michello/Documents/GitHub/XF/work/test-bench/test5/ide-sw4stm32-test5-idf/../../../src" -I"C:/Users/yan.michello/Documents/GitHub/XF/work/test-bench/test5/ide-sw4stm32-test5-idf/../../../src/xf/include" -I"C:/Users/yan.michello/Documents/GitHub/XF/work/test-bench/test5/ide-sw4stm32-test5-idf/../../../src/xf/port" -I"C:/Users/yan.michello/Documents/GitHub/XF/work/test-bench/test5/ide-sw4stm32-test5-idf/../../../src/mdw" -I"C:/Users/yan.michello/Documents/GitHub/XF/work/test-bench/test5/ide-sw4stm32-test5-idf/../../../src/mdw/trace" -I"C:/Users/yan.michello/Documents/GitHub/XF/work/test-bench/test5/ide-sw4stm32-test5-idf/Inc" -I"C:/Users/yan.michello/Documents/GitHub/XF/work/test-bench/test5/ide-sw4stm32-test5-idf/Drivers/STM32F7xx_HAL_Driver/Inc" -I"C:/Users/yan.michello/Documents/GitHub/XF/work/test-bench/test5/ide-sw4stm32-test5-idf/Drivers/STM32F7xx_HAL_Driver/Inc/Legacy" -I../Middlewares/ST/STM32_USB_Host_Library/Core/Inc -I../Middlewares/ST/STM32_USB_Host_Library/Class/CDC/Inc -I"C:/Users/yan.michello/Documents/GitHub/XF/work/test-bench/test5/ide-sw4stm32-test5-idf/Drivers/CMSIS/Device/ST/STM32F7xx/Include" -I../Middlewares/Third_Party/FatFs/src -I"C:/Users/yan.michello/Documents/GitHub/XF/work/test-bench/test5/ide-sw4stm32-test5-idf/Drivers/CMSIS/Include"  -Og -g3 -Wall -fmessage-length=0 -ffunction-sections -c -fno-exceptions -fno-rtti -MMD -MP -MF"xf/port/default/dispatcher-active.d" -MT"xf/port/default/dispatcher-active.o" -o "xf/port/default/dispatcher-active.o" "C:/Users/yan.michello/Documents/GitHub/XF/work/src/xf/port/default/dispatcher-active.cpp"
C:\Users\yan.michello\Documents\GitHub\XF\work\test-bench\test5\ide-sw4stm32-test5-idf\Debug
arm-none-eabi-g++ -mcpu=cortex-m7 -mthumb -mfloat-abi=hard -mfpu=fpv5-sp-d16 '-D__weak=__attribute__((weak))' '-D__packed=__attribute__((__packed__))' -DUSE_HAL_DRIVER -DSTM32F746xx -I"C:/Users/yan.michello/Documents/GitHub/XF/work/test-bench/test5/ide-sw4stm32-test5-idf/../src" -I"C:/Users/yan.michello/Documents/GitHub/XF/work/test-bench/test5/ide-sw4stm32-test5-idf/.." -I"C:/Users/yan.michello/Documents/GitHub/XF/work/test-bench/test5/ide-sw4stm32-test5-idf" -I"C:/Users/yan.michello/Documents/GitHub/XF/work/src/platform/f7-disco-gcc" -I"C:/Users/yan.michello/Documents/GitHub/XF/work/src/platform/f7-disco-gcc/mcu" -I"C:/Users/yan.michello/Documents/GitHub/XF/work/test-bench/test5/ide-sw4stm32-test5-idf/../../../src" -I"C:/Users/yan.michello/Documents/GitHub/XF/work/test-bench/test5/ide-sw4stm32-test5-idf/../../../src/xf/include" -I"C:/Users/yan.michello/Documents/GitHub/XF/work/test-bench/test5/ide-sw4stm32-test5-idf/../../../src/xf/port" -I"C:/Users/yan.michello/Documents/GitHub/XF/work/test-bench/test5/ide-sw4stm32-test5-idf/../../../src/mdw" -I"C:/Users/yan.michello/Documents/GitHub/XF/work/test-bench/test5/ide-sw4stm32-test5-idf/../../../src/mdw/trace" -I"C:/Users/yan.michello/Documents/GitHub/XF/work/test-bench/test5/ide-sw4stm32-test5-idf/Inc" -I"C:/Users/yan.michello/Documents/GitHub/XF/work/test-bench/test5/ide-sw4stm32-test5-idf/Drivers/STM32F7xx_HAL_Driver/Inc" -I"C:/Users/yan.michello/Documents/GitHub/XF/work/test-bench/test5/ide-sw4stm32-test5-idf/Drivers/STM32F7xx_HAL_Driver/Inc/Legacy" -I../Middlewares/ST/STM32_USB_Host_Library/Core/Inc -I../Middlewares/ST/STM32_USB_Host_Library/Class/CDC/Inc -I"C:/Users/yan.michello/Documents/GitHub/XF/work/test-bench/test5/ide-sw4stm32-test5-idf/Drivers/CMSIS/Device/ST/STM32F7xx/Include" -I../Middlewares/Third_Party/FatFs/src -I"C:/Users/yan.michello/Documents/GitHub/XF/work/test-bench/test5/ide-sw4stm32-test5-idf/Drivers/CMSIS/Include"  -Og -g3 -Wall -fmessage-length=0 -ffunction-sections -c -fno-exceptions -fno-rtti -MMD -MP -MF"xf/port/default/dispatcher-default.d" -MT"xf/port/default/dispatcher-default.o" -o "xf/port/default/dispatcher-default.o" "C:/Users/yan.michello/Documents/GitHub/XF/work/src/xf/port/default/dispatcher-default.cpp"
arm-none-eabi-g++ -mcpu=cortex-m7 -mthumb -mfloat-abi=hard -mfpu=fpv5-sp-d16 '-D__weak=__attribute__((weak))' '-D__packed=__attribute__((__packed__))' -DUSE_HAL_DRIVER -DSTM32F746xx -I"C:/Users/yan.michello/Documents/GitHub/XF/work/test-bench/test5/ide-sw4stm32-test5-idf/../src" -I"C:/Users/yan.michello/Documents/GitHub/XF/work/test-bench/test5/ide-sw4stm32-test5-idf/.." -I"C:/Users/yan.michello/Documents/GitHub/XF/work/test-bench/test5/ide-sw4stm32-test5-idf" -I"C:/Users/yan.michello/Documents/GitHub/XF/work/src/platform/f7-disco-gcc" -I"C:/Users/yan.michello/Documents/GitHub/XF/work/src/platform/f7-disco-gcc/mcu" -I"C:/Users/yan.michello/Documents/GitHub/XF/work/test-bench/test5/ide-sw4stm32-test5-idf/../../../src" -I"C:/Users/yan.michello/Documents/GitHub/XF/work/test-bench/test5/ide-sw4stm32-test5-idf/../../../src/xf/include" -I"C:/Users/yan.michello/Documents/GitHub/XF/work/test-bench/test5/ide-sw4stm32-test5-idf/../../../src/xf/port" -I"C:/Users/yan.michello/Documents/GitHub/XF/work/test-bench/test5/ide-sw4stm32-test5-idf/../../../src/mdw" -I"C:/Users/yan.michello/Documents/GitHub/XF/work/test-bench/test5/ide-sw4stm32-test5-idf/../../../src/mdw/trace" -I"C:/Users/yan.michello/Documents/GitHub/XF/work/test-bench/test5/ide-sw4stm32-test5-idf/Inc" -I"C:/Users/yan.michello/Documents/GitHub/XF/work/test-bench/test5/ide-sw4stm32-test5-idf/Drivers/STM32F7xx_HAL_Driver/Inc" -I"C:/Users/yan.michello/Documents/GitHub/XF/work/test-bench/test5/ide-sw4stm32-test5-idf/Drivers/STM32F7xx_HAL_Driver/Inc/Legacy" -I../Middlewares/ST/STM32_USB_Host_Library/Core/Inc -I../Middlewares/ST/STM32_USB_Host_Library/Class/CDC/Inc -I"C:/Users/yan.michello/Documents/GitHub/XF/work/test-bench/test5/ide-sw4stm32-test5-idf/Drivers/CMSIS/Device/ST/STM32F7xx/Include" -I../Middlewares/Third_Party/FatFs/src -I"C:/Users/yan.michello/Documents/GitHub/XF/work/test-bench/test5/ide-sw4stm32-test5-idf/Drivers/CMSIS/Include"  -Og -g3 -Wall -fmessage-length=0 -ffunction-sections -c -fno-exceptions -fno-rtti -MMD -MP -MF"xf/port/default/eventqueue-default.d" -MT"xf/port/default/eventqueue-default.o" -o "xf/port/default/eventqueue-default.o" "C:/Users/yan.michello/Documents/GitHub/XF/work/src/xf/port/default/eventqueue-default.cpp"
Building file: C:/Users/yan.michello/Documents/GitHub/XF/work/src/xf/port/default/mutex-default.cpp
Building file: C:/Users/yan.michello/Documents/GitHub/XF/work/src/xf/port/default/resourcefactory-default.cpp
Building file: C:/Users/yan.michello/Documents/GitHub/XF/work/src/xf/port/default/timeoutmanager-default.cpp
Invoking: MCU G++ Compiler
Invoking: MCU G++ Compiler
Invoking: MCU G++ Compiler
Building file: C:/Users/yan.michello/Documents/GitHub/XF/work/src/xf/port/default/xf-default.cpp
C:\Users\yan.michello\Documents\GitHub\XF\work\test-bench\test5\ide-sw4stm32-test5-idf\Debug
C:\Users\yan.michello\Documents\GitHub\XF\work\test-bench\test5\ide-sw4stm32-test5-idf\Debug
arm-none-eabi-g++ -mcpu=cortex-m7 -mthumb -mfloat-abi=hard -mfpu=fpv5-sp-d16 '-D__weak=__attribute__((weak))' '-D__packed=__attribute__((__packed__))' -DUSE_HAL_DRIVER -DSTM32F746xx -I"C:/Users/yan.michello/Documents/GitHub/XF/work/test-bench/test5/ide-sw4stm32-test5-idf/../src" -I"C:/Users/yan.michello/Documents/GitHub/XF/work/test-bench/test5/ide-sw4stm32-test5-idf/.." -I"C:/Users/yan.michello/Documents/GitHub/XF/work/test-bench/test5/ide-sw4stm32-test5-idf" -I"C:/Users/yan.michello/Documents/GitHub/XF/work/src/platform/f7-disco-gcc" -I"C:/Users/yan.michello/Documents/GitHub/XF/work/src/platform/f7-disco-gcc/mcu" -I"C:/Users/yan.michello/Documents/GitHub/XF/work/test-bench/test5/ide-sw4stm32-test5-idf/../../../src" -I"C:/Users/yan.michello/Documents/GitHub/XF/work/test-bench/test5/ide-sw4stm32-test5-idf/../../../src/xf/include" -I"C:/Users/yan.michello/Documents/GitHub/XF/work/test-bench/test5/ide-sw4stm32-test5-idf/../../../src/xf/port" -I"C:/Users/yan.michello/Documents/GitHub/XF/work/test-bench/test5/ide-sw4stm32-test5-idf/../../../src/mdw" -I"C:/Users/yan.michello/Documents/GitHub/XF/work/test-bench/test5/ide-sw4stm32-test5-idf/../../../src/mdw/trace" -I"C:/Users/yan.michello/Documents/GitHub/XF/work/test-bench/test5/ide-sw4stm32-test5-idf/Inc" -I"C:/Users/yan.michello/Documents/GitHub/XF/work/test-bench/test5/ide-sw4stm32-test5-idf/Drivers/STM32F7xx_HAL_Driver/Inc" -I"C:/Users/yan.michello/Documents/GitHub/XF/work/test-bench/test5/ide-sw4stm32-test5-idf/Drivers/STM32F7xx_HAL_Driver/Inc/Legacy" -I../Middlewares/ST/STM32_USB_Host_Library/Core/Inc -I../Middlewares/ST/STM32_USB_Host_Library/Class/CDC/Inc -I"C:/Users/yan.michello/Documents/GitHub/XF/work/test-bench/test5/ide-sw4stm32-test5-idf/Drivers/CMSIS/Device/ST/STM32F7xx/Include" -I../Middlewares/Third_Party/FatFs/src -I"C:/Users/yan.michello/Documents/GitHub/XF/work/test-bench/test5/ide-sw4stm32-test5-idf/Drivers/CMSIS/Include"  -Og -g3 -Wall -fmessage-length=0 -ffunction-sections -c -fno-exceptions -fno-rtti -MMD -MP -MF"xf/port/default/mutex-default.d" -MT"xf/port/default/mutex-default.o" -o "xf/port/default/mutex-default.o" "C:/Users/yan.michello/Documents/GitHub/XF/work/src/xf/port/default/mutex-default.cpp"
C:\Users\yan.michello\Documents\GitHub\XF\work\test-bench\test5\ide-sw4stm32-test5-idf\Debug
arm-none-eabi-g++ -mcpu=cortex-m7 -mthumb -mfloat-abi=hard -mfpu=fpv5-sp-d16 '-D__weak=__attribute__((weak))' '-D__packed=__attribute__((__packed__))' -DUSE_HAL_DRIVER -DSTM32F746xx -I"C:/Users/yan.michello/Documents/GitHub/XF/work/test-bench/test5/ide-sw4stm32-test5-idf/../src" -I"C:/Users/yan.michello/Documents/GitHub/XF/work/test-bench/test5/ide-sw4stm32-test5-idf/.." -I"C:/Users/yan.michello/Documents/GitHub/XF/work/test-bench/test5/ide-sw4stm32-test5-idf" -I"C:/Users/yan.michello/Documents/GitHub/XF/work/src/platform/f7-disco-gcc" -I"C:/Users/yan.michello/Documents/GitHub/XF/work/src/platform/f7-disco-gcc/mcu" -I"C:/Users/yan.michello/Documents/GitHub/XF/work/test-bench/test5/ide-sw4stm32-test5-idf/../../../src" -I"C:/Users/yan.michello/Documents/GitHub/XF/work/test-bench/test5/ide-sw4stm32-test5-idf/../../../src/xf/include" -I"C:/Users/yan.michello/Documents/GitHub/XF/work/test-bench/test5/ide-sw4stm32-test5-idf/../../../src/xf/port" -I"C:/Users/yan.michello/Documents/GitHub/XF/work/test-bench/test5/ide-sw4stm32-test5-idf/../../../src/mdw" -I"C:/Users/yan.michello/Documents/GitHub/XF/work/test-bench/test5/ide-sw4stm32-test5-idf/../../../src/mdw/trace" -I"C:/Users/yan.michello/Documents/GitHub/XF/work/test-bench/test5/ide-sw4stm32-test5-idf/Inc" -I"C:/Users/yan.michello/Documents/GitHub/XF/work/test-bench/test5/ide-sw4stm32-test5-idf/Drivers/STM32F7xx_HAL_Driver/Inc" -I"C:/Users/yan.michello/Documents/GitHub/XF/work/test-bench/test5/ide-sw4stm32-test5-idf/Drivers/STM32F7xx_HAL_Driver/Inc/Legacy" -I../Middlewares/ST/STM32_USB_Host_Library/Core/Inc -I../Middlewares/ST/STM32_USB_Host_Library/Class/CDC/Inc -I"C:/Users/yan.michello/Documents/GitHub/XF/work/test-bench/test5/ide-sw4stm32-test5-idf/Drivers/CMSIS/Device/ST/STM32F7xx/Include" -I../Middlewares/Third_Party/FatFs/src -I"C:/Users/yan.michello/Documents/GitHub/XF/work/test-bench/test5/ide-sw4stm32-test5-idf/Drivers/CMSIS/Include"  -Og -g3 -Wall -fmessage-length=0 -ffunction-sections -c -fno-exceptions -fno-rtti -MMD -MP -MF"xf/port/default/resourcefactory-default.d" -MT"xf/port/default/resourcefactory-default.o" -o "xf/port/default/resourcefactory-default.o" "C:/Users/yan.michello/Documents/GitHub/XF/work/src/xf/port/default/resourcefactory-default.cpp"
Invoking: MCU G++ Compiler
arm-none-eabi-g++ -mcpu=cortex-m7 -mthumb -mfloat-abi=hard -mfpu=fpv5-sp-d16 '-D__weak=__attribute__((weak))' '-D__packed=__attribute__((__packed__))' -DUSE_HAL_DRIVER -DSTM32F746xx -I"C:/Users/yan.michello/Documents/GitHub/XF/work/test-bench/test5/ide-sw4stm32-test5-idf/../src" -I"C:/Users/yan.michello/Documents/GitHub/XF/work/test-bench/test5/ide-sw4stm32-test5-idf/.." -I"C:/Users/yan.michello/Documents/GitHub/XF/work/test-bench/test5/ide-sw4stm32-test5-idf" -I"C:/Users/yan.michello/Documents/GitHub/XF/work/src/platform/f7-disco-gcc" -I"C:/Users/yan.michello/Documents/GitHub/XF/work/src/platform/f7-disco-gcc/mcu" -I"C:/Users/yan.michello/Documents/GitHub/XF/work/test-bench/test5/ide-sw4stm32-test5-idf/../../../src" -I"C:/Users/yan.michello/Documents/GitHub/XF/work/test-bench/test5/ide-sw4stm32-test5-idf/../../../src/xf/include" -I"C:/Users/yan.michello/Documents/GitHub/XF/work/test-bench/test5/ide-sw4stm32-test5-idf/../../../src/xf/port" -I"C:/Users/yan.michello/Documents/GitHub/XF/work/test-bench/test5/ide-sw4stm32-test5-idf/../../../src/mdw" -I"C:/Users/yan.michello/Documents/GitHub/XF/work/test-bench/test5/ide-sw4stm32-test5-idf/../../../src/mdw/trace" -I"C:/Users/yan.michello/Documents/GitHub/XF/work/test-bench/test5/ide-sw4stm32-test5-idf/Inc" -I"C:/Users/yan.michello/Documents/GitHub/XF/work/test-bench/test5/ide-sw4stm32-test5-idf/Drivers/STM32F7xx_HAL_Driver/Inc" -I"C:/Users/yan.michello/Documents/GitHub/XF/work/test-bench/test5/ide-sw4stm32-test5-idf/Drivers/STM32F7xx_HAL_Driver/Inc/Legacy" -I../Middlewares/ST/STM32_USB_Host_Library/Core/Inc -I../Middlewares/ST/STM32_USB_Host_Library/Class/CDC/Inc -I"C:/Users/yan.michello/Documents/GitHub/XF/work/test-bench/test5/ide-sw4stm32-test5-idf/Drivers/CMSIS/Device/ST/STM32F7xx/Include" -I../Middlewares/Third_Party/FatFs/src -I"C:/Users/yan.michello/Documents/GitHub/XF/work/test-bench/test5/ide-sw4stm32-test5-idf/Drivers/CMSIS/Include"  -Og -g3 -Wall -fmessage-length=0 -ffunction-sections -c -fno-exceptions -fno-rtti -MMD -MP -MF"xf/port/default/timeoutmanager-default.d" -MT"xf/port/default/timeoutmanager-default.o" -o "xf/port/default/timeoutmanager-default.o" "C:/Users/yan.michello/Documents/GitHub/XF/work/src/xf/port/default/timeoutmanager-default.cpp"
C:\Users\yan.michello\Documents\GitHub\XF\work\test-bench\test5\ide-sw4stm32-test5-idf\Debug
arm-none-eabi-g++ -mcpu=cortex-m7 -mthumb -mfloat-abi=hard -mfpu=fpv5-sp-d16 '-D__weak=__attribute__((weak))' '-D__packed=__attribute__((__packed__))' -DUSE_HAL_DRIVER -DSTM32F746xx -I"C:/Users/yan.michello/Documents/GitHub/XF/work/test-bench/test5/ide-sw4stm32-test5-idf/../src" -I"C:/Users/yan.michello/Documents/GitHub/XF/work/test-bench/test5/ide-sw4stm32-test5-idf/.." -I"C:/Users/yan.michello/Documents/GitHub/XF/work/test-bench/test5/ide-sw4stm32-test5-idf" -I"C:/Users/yan.michello/Documents/GitHub/XF/work/src/platform/f7-disco-gcc" -I"C:/Users/yan.michello/Documents/GitHub/XF/work/src/platform/f7-disco-gcc/mcu" -I"C:/Users/yan.michello/Documents/GitHub/XF/work/test-bench/test5/ide-sw4stm32-test5-idf/../../../src" -I"C:/Users/yan.michello/Documents/GitHub/XF/work/test-bench/test5/ide-sw4stm32-test5-idf/../../../src/xf/include" -I"C:/Users/yan.michello/Documents/GitHub/XF/work/test-bench/test5/ide-sw4stm32-test5-idf/../../../src/xf/port" -I"C:/Users/yan.michello/Documents/GitHub/XF/work/test-bench/test5/ide-sw4stm32-test5-idf/../../../src/mdw" -I"C:/Users/yan.michello/Documents/GitHub/XF/work/test-bench/test5/ide-sw4stm32-test5-idf/../../../src/mdw/trace" -I"C:/Users/yan.michello/Documents/GitHub/XF/work/test-bench/test5/ide-sw4stm32-test5-idf/Inc" -I"C:/Users/yan.michello/Documents/GitHub/XF/work/test-bench/test5/ide-sw4stm32-test5-idf/Drivers/STM32F7xx_HAL_Driver/Inc" -I"C:/Users/yan.michello/Documents/GitHub/XF/work/test-bench/test5/ide-sw4stm32-test5-idf/Drivers/STM32F7xx_HAL_Driver/Inc/Legacy" -I../Middlewares/ST/STM32_USB_Host_Library/Core/Inc -I../Middlewares/ST/STM32_USB_Host_Library/Class/CDC/Inc -I"C:/Users/yan.michello/Documents/GitHub/XF/work/test-bench/test5/ide-sw4stm32-test5-idf/Drivers/CMSIS/Device/ST/STM32F7xx/Include" -I../Middlewares/Third_Party/FatFs/src -I"C:/Users/yan.michello/Documents/GitHub/XF/work/test-bench/test5/ide-sw4stm32-test5-idf/Drivers/CMSIS/Include"  -Og -g3 -Wall -fmessage-length=0 -ffunction-sections -c -fno-exceptions -fno-rtti -MMD -MP -MF"xf/port/default/xf-default.d" -MT"xf/port/default/xf-default.o" -o "xf/port/default/xf-default.o" "C:/Users/yan.michello/Documents/GitHub/XF/work/src/xf/port/default/xf-default.cpp"
In file included from c:\users\yan.michello\documents\github\xf\work\src\mdw\trace\trace.h:6:0,
                 from C:/Users/yan.michello/Documents/GitHub/XF/work/src/xf/port/default/dispatcher-default.cpp:12:
c:\users\yan.michello\documents\github\xf\work\src\mdw\trace\config/trace-config.h:14:2: warning: #warning "No project specific trace configuration found! Taking default configuration!" [-Wcpp]
 #warning "No project specific trace configuration found! Taking default configuration!"
  ^~~~~~~
In file included from c:\users\yan.michello\documents\github\xf\work\src\mdw\trace\trace.h:6:0,
                 from C:/Users/yan.michello/Documents/GitHub/XF/work/src/platform/f7-disco-gcc/mcu/mcu.h:5,
                 from C:/Users/yan.michello/Documents/GitHub/XF/work/src/xf/port/idf-stm32cube/port-functions.cpp:6:
c:\users\yan.michello\documents\github\xf\work\src\mdw\trace\config/trace-config.h:14:2: warning: #warning "No project specific trace configuration found! Taking default configuration!" [-Wcpp]
 #warning "No project specific trace configuration found! Taking default configuration!"
  ^~~~~~~
In file included from c:\users\yan.michello\documents\github\xf\work\src\mdw\trace\trace.h:6:0,
                 from C:/Users/yan.michello/Documents/GitHub/XF/work/src/xf/port/default/timeoutmanager-default.cpp:7:
c:\users\yan.michello\documents\github\xf\work\src\mdw\trace\config/trace-config.h:14:2: warning: #warning "No project specific trace configuration found! Taking default configuration!" [-Wcpp]
 #warning "No project specific trace configuration found! Taking default configuration!"
  ^~~~~~~
Finished building: C:/Users/yan.michello/Documents/GitHub/XF/work/src/xf/port/default/dispatcher-active.cpp
 
Building file: C:/Users/yan.michello/Documents/GitHub/XF/work/src/xf/core/behavior.cpp
Invoking: MCU G++ Compiler
Finished building: C:/Users/yan.michello/Documents/GitHub/XF/work/src/xf/port/default/mutex-default.cpp
Finished building: C:/Users/yan.michello/Documents/GitHub/XF/work/src/xf/port/default/resourcefactory-default.cpp
C:\Users\yan.michello\Documents\GitHub\XF\work\test-bench\test5\ide-sw4stm32-test5-idf\Debug
arm-none-eabi-g++ -mcpu=cortex-m7 -mthumb -mfloat-abi=hard -mfpu=fpv5-sp-d16 '-D__weak=__attribute__((weak))' '-D__packed=__attribute__((__packed__))' -DUSE_HAL_DRIVER -DSTM32F746xx -I"C:/Users/yan.michello/Documents/GitHub/XF/work/test-bench/test5/ide-sw4stm32-test5-idf/../src" -I"C:/Users/yan.michello/Documents/GitHub/XF/work/test-bench/test5/ide-sw4stm32-test5-idf/.." -I"C:/Users/yan.michello/Documents/GitHub/XF/work/test-bench/test5/ide-sw4stm32-test5-idf" -I"C:/Users/yan.michello/Documents/GitHub/XF/work/src/platform/f7-disco-gcc" -I"C:/Users/yan.michello/Documents/GitHub/XF/work/src/platform/f7-disco-gcc/mcu" -I"C:/Users/yan.michello/Documents/GitHub/XF/work/test-bench/test5/ide-sw4stm32-test5-idf/../../../src" -I"C:/Users/yan.michello/Documents/GitHub/XF/work/test-bench/test5/ide-sw4stm32-test5-idf/../../../src/xf/include" -I"C:/Users/yan.michello/Documents/GitHub/XF/work/test-bench/test5/ide-sw4stm32-test5-idf/../../../src/xf/port" -I"C:/Users/yan.michello/Documents/GitHub/XF/work/test-bench/test5/ide-sw4stm32-test5-idf/../../../src/mdw" -I"C:/Users/yan.michello/Documents/GitHub/XF/work/test-bench/test5/ide-sw4stm32-test5-idf/../../../src/mdw/trace" -I"C:/Users/yan.michello/Documents/GitHub/XF/work/test-bench/test5/ide-sw4stm32-test5-idf/Inc" -I"C:/Users/yan.michello/Documents/GitHub/XF/work/test-bench/test5/ide-sw4stm32-test5-idf/Drivers/STM32F7xx_HAL_Driver/Inc" -I"C:/Users/yan.michello/Documents/GitHub/XF/work/test-bench/test5/ide-sw4stm32-test5-idf/Drivers/STM32F7xx_HAL_Driver/Inc/Legacy" -I../Middlewares/ST/STM32_USB_Host_Library/Core/Inc -I../Middlewares/ST/STM32_USB_Host_Library/Class/CDC/Inc -I"C:/Users/yan.michello/Documents/GitHub/XF/work/test-bench/test5/ide-sw4stm32-test5-idf/Drivers/CMSIS/Device/ST/STM32F7xx/Include" -I../Middlewares/Third_Party/FatFs/src -I"C:/Users/yan.michello/Documents/GitHub/XF/work/test-bench/test5/ide-sw4stm32-test5-idf/Drivers/CMSIS/Include"  -Og -g3 -Wall -fmessage-length=0 -ffunction-sections -c -fno-exceptions -fno-rtti -MMD -MP -MF"xf/core/behavior.d" -MT"xf/core/behavior.o" -o "xf/core/behavior.o" "C:/Users/yan.michello/Documents/GitHub/XF/work/src/xf/core/behavior.cpp"
 
 
Building file: C:/Users/yan.michello/Documents/GitHub/XF/work/src/xf/core/customevent.cpp
Building file: C:/Users/yan.michello/Documents/GitHub/XF/work/src/xf/core/initialevent.cpp
Finished building: C:/Users/yan.michello/Documents/GitHub/XF/work/src/xf/port/default/eventqueue-default.cpp
Invoking: MCU G++ Compiler
Invoking: MCU G++ Compiler
 
Finished building: C:/Users/yan.michello/Documents/GitHub/XF/work/src/xf/port/default/xf-default.cpp
C:\Users\yan.michello\Documents\GitHub\XF\work\test-bench\test5\ide-sw4stm32-test5-idf\Debug
C:\Users\yan.michello\Documents\GitHub\XF\work\test-bench\test5\ide-sw4stm32-test5-idf\Debug
arm-none-eabi-g++ -mcpu=cortex-m7 -mthumb -mfloat-abi=hard -mfpu=fpv5-sp-d16 '-D__weak=__attribute__((weak))' '-D__packed=__attribute__((__packed__))' -DUSE_HAL_DRIVER -DSTM32F746xx -I"C:/Users/yan.michello/Documents/GitHub/XF/work/test-bench/test5/ide-sw4stm32-test5-idf/../src" -I"C:/Users/yan.michello/Documents/GitHub/XF/work/test-bench/test5/ide-sw4stm32-test5-idf/.." -I"C:/Users/yan.michello/Documents/GitHub/XF/work/test-bench/test5/ide-sw4stm32-test5-idf" -I"C:/Users/yan.michello/Documents/GitHub/XF/work/src/platform/f7-disco-gcc" -I"C:/Users/yan.michello/Documents/GitHub/XF/work/src/platform/f7-disco-gcc/mcu" -I"C:/Users/yan.michello/Documents/GitHub/XF/work/test-bench/test5/ide-sw4stm32-test5-idf/../../../src" -I"C:/Users/yan.michello/Documents/GitHub/XF/work/test-bench/test5/ide-sw4stm32-test5-idf/../../../src/xf/include" -I"C:/Users/yan.michello/Documents/GitHub/XF/work/test-bench/test5/ide-sw4stm32-test5-idf/../../../src/xf/port" -I"C:/Users/yan.michello/Documents/GitHub/XF/work/test-bench/test5/ide-sw4stm32-test5-idf/../../../src/mdw" -I"C:/Users/yan.michello/Documents/GitHub/XF/work/test-bench/test5/ide-sw4stm32-test5-idf/../../../src/mdw/trace" -I"C:/Users/yan.michello/Documents/GitHub/XF/work/test-bench/test5/ide-sw4stm32-test5-idf/Inc" -I"C:/Users/yan.michello/Documents/GitHub/XF/work/test-bench/test5/ide-sw4stm32-test5-idf/Drivers/STM32F7xx_HAL_Driver/Inc" -I"C:/Users/yan.michello/Documents/GitHub/XF/work/test-bench/test5/ide-sw4stm32-test5-idf/Drivers/STM32F7xx_HAL_Driver/Inc/Legacy" -I../Middlewares/ST/STM32_USB_Host_Library/Core/Inc -I../Middlewares/ST/STM32_USB_Host_Library/Class/CDC/Inc -I"C:/Users/yan.michello/Documents/GitHub/XF/work/test-bench/test5/ide-sw4stm32-test5-idf/Drivers/CMSIS/Device/ST/STM32F7xx/Include" -I../Middlewares/Third_Party/FatFs/src -I"C:/Users/yan.michello/Documents/GitHub/XF/work/test-bench/test5/ide-sw4stm32-test5-idf/Drivers/CMSIS/Include"  -Og -g3 -Wall -fmessage-length=0 -ffunction-sections -c -fno-exceptions -fno-rtti -MMD -MP -MF"xf/core/customevent.d" -MT"xf/core/customevent.o" -o "xf/core/customevent.o" "C:/Users/yan.michello/Documents/GitHub/XF/work/src/xf/core/customevent.cpp"
Building file: C:/Users/yan.michello/Documents/GitHub/XF/work/src/xf/core/nulltransition.cpp
arm-none-eabi-g++ -mcpu=cortex-m7 -mthumb -mfloat-abi=hard -mfpu=fpv5-sp-d16 '-D__weak=__attribute__((weak))' '-D__packed=__attribute__((__packed__))' -DUSE_HAL_DRIVER -DSTM32F746xx -I"C:/Users/yan.michello/Documents/GitHub/XF/work/test-bench/test5/ide-sw4stm32-test5-idf/../src" -I"C:/Users/yan.michello/Documents/GitHub/XF/work/test-bench/test5/ide-sw4stm32-test5-idf/.." -I"C:/Users/yan.michello/Documents/GitHub/XF/work/test-bench/test5/ide-sw4stm32-test5-idf" -I"C:/Users/yan.michello/Documents/GitHub/XF/work/src/platform/f7-disco-gcc" -I"C:/Users/yan.michello/Documents/GitHub/XF/work/src/platform/f7-disco-gcc/mcu" -I"C:/Users/yan.michello/Documents/GitHub/XF/work/test-bench/test5/ide-sw4stm32-test5-idf/../../../src" -I"C:/Users/yan.michello/Documents/GitHub/XF/work/test-bench/test5/ide-sw4stm32-test5-idf/../../../src/xf/include" -I"C:/Users/yan.michello/Documents/GitHub/XF/work/test-bench/test5/ide-sw4stm32-test5-idf/../../../src/xf/port" -I"C:/Users/yan.michello/Documents/GitHub/XF/work/test-bench/test5/ide-sw4stm32-test5-idf/../../../src/mdw" -I"C:/Users/yan.michello/Documents/GitHub/XF/work/test-bench/test5/ide-sw4stm32-test5-idf/../../../src/mdw/trace" -I"C:/Users/yan.michello/Documents/GitHub/XF/work/test-bench/test5/ide-sw4stm32-test5-idf/Inc" -I"C:/Users/yan.michello/Documents/GitHub/XF/work/test-bench/test5/ide-sw4stm32-test5-idf/Drivers/STM32F7xx_HAL_Driver/Inc" -I"C:/Users/yan.michello/Documents/GitHub/XF/work/test-bench/test5/ide-sw4stm32-test5-idf/Drivers/STM32F7xx_HAL_Driver/Inc/Legacy" -I../Middlewares/ST/STM32_USB_Host_Library/Core/Inc -I../Middlewares/ST/STM32_USB_Host_Library/Class/CDC/Inc -I"C:/Users/yan.michello/Documents/GitHub/XF/work/test-bench/test5/ide-sw4stm32-test5-idf/Drivers/CMSIS/Device/ST/STM32F7xx/Include" -I../Middlewares/Third_Party/FatFs/src -I"C:/Users/yan.michello/Documents/GitHub/XF/work/test-bench/test5/ide-sw4stm32-test5-idf/Drivers/CMSIS/Include"  -Og -g3 -Wall -fmessage-length=0 -ffunction-sections -c -fno-exceptions -fno-rtti -MMD -MP -MF"xf/core/initialevent.d" -MT"xf/core/initialevent.o" -o "xf/core/initialevent.o" "C:/Users/yan.michello/Documents/GitHub/XF/work/src/xf/core/initialevent.cpp"
 
Invoking: MCU G++ Compiler
Building file: C:/Users/yan.michello/Documents/GitHub/XF/work/src/xf/core/timeout.cpp
C:\Users\yan.michello\Documents\GitHub\XF\work\test-bench\test5\ide-sw4stm32-test5-idf\Debug
Invoking: MCU G++ Compiler
arm-none-eabi-g++ -mcpu=cortex-m7 -mthumb -mfloat-abi=hard -mfpu=fpv5-sp-d16 '-D__weak=__attribute__((weak))' '-D__packed=__attribute__((__packed__))' -DUSE_HAL_DRIVER -DSTM32F746xx -I"C:/Users/yan.michello/Documents/GitHub/XF/work/test-bench/test5/ide-sw4stm32-test5-idf/../src" -I"C:/Users/yan.michello/Documents/GitHub/XF/work/test-bench/test5/ide-sw4stm32-test5-idf/.." -I"C:/Users/yan.michello/Documents/GitHub/XF/work/test-bench/test5/ide-sw4stm32-test5-idf" -I"C:/Users/yan.michello/Documents/GitHub/XF/work/src/platform/f7-disco-gcc" -I"C:/Users/yan.michello/Documents/GitHub/XF/work/src/platform/f7-disco-gcc/mcu" -I"C:/Users/yan.michello/Documents/GitHub/XF/work/test-bench/test5/ide-sw4stm32-test5-idf/../../../src" -I"C:/Users/yan.michello/Documents/GitHub/XF/work/test-bench/test5/ide-sw4stm32-test5-idf/../../../src/xf/include" -I"C:/Users/yan.michello/Documents/GitHub/XF/work/test-bench/test5/ide-sw4stm32-test5-idf/../../../src/xf/port" -I"C:/Users/yan.michello/Documents/GitHub/XF/work/test-bench/test5/ide-sw4stm32-test5-idf/../../../src/mdw" -I"C:/Users/yan.michello/Documents/GitHub/XF/work/test-bench/test5/ide-sw4stm32-test5-idf/../../../src/mdw/trace" -I"C:/Users/yan.michello/Documents/GitHub/XF/work/test-bench/test5/ide-sw4stm32-test5-idf/Inc" -I"C:/Users/yan.michello/Documents/GitHub/XF/work/test-bench/test5/ide-sw4stm32-test5-idf/Drivers/STM32F7xx_HAL_Driver/Inc" -I"C:/Users/yan.michello/Documents/GitHub/XF/work/test-bench/test5/ide-sw4stm32-test5-idf/Drivers/STM32F7xx_HAL_Driver/Inc/Legacy" -I../Middlewares/ST/STM32_USB_Host_Library/Core/Inc -I../Middlewares/ST/STM32_USB_Host_Library/Class/CDC/Inc -I"C:/Users/yan.michello/Documents/GitHub/XF/work/test-bench/test5/ide-sw4stm32-test5-idf/Drivers/CMSIS/Device/ST/STM32F7xx/Include" -I../Middlewares/Third_Party/FatFs/src -I"C:/Users/yan.michello/Documents/GitHub/XF/work/test-bench/test5/ide-sw4stm32-test5-idf/Drivers/CMSIS/Include"  -Og -g3 -Wall -fmessage-length=0 -ffunction-sections -c -fno-exceptions -fno-rtti -MMD -MP -MF"xf/core/nulltransition.d" -MT"xf/core/nulltransition.o" -o "xf/core/nulltransition.o" "C:/Users/yan.michello/Documents/GitHub/XF/work/src/xf/core/nulltransition.cpp"
Finished building: C:/Users/yan.michello/Documents/GitHub/XF/work/src/xf/port/default/dispatcher-default.cpp
C:\Users\yan.michello\Documents\GitHub\XF\work\test-bench\test5\ide-sw4stm32-test5-idf\Debug
arm-none-eabi-g++ -mcpu=cortex-m7 -mthumb -mfloat-abi=hard -mfpu=fpv5-sp-d16 '-D__weak=__attribute__((weak))' '-D__packed=__attribute__((__packed__))' -DUSE_HAL_DRIVER -DSTM32F746xx -I"C:/Users/yan.michello/Documents/GitHub/XF/work/test-bench/test5/ide-sw4stm32-test5-idf/../src" -I"C:/Users/yan.michello/Documents/GitHub/XF/work/test-bench/test5/ide-sw4stm32-test5-idf/.." -I"C:/Users/yan.michello/Documents/GitHub/XF/work/test-bench/test5/ide-sw4stm32-test5-idf" -I"C:/Users/yan.michello/Documents/GitHub/XF/work/src/platform/f7-disco-gcc" -I"C:/Users/yan.michello/Documents/GitHub/XF/work/src/platform/f7-disco-gcc/mcu" -I"C:/Users/yan.michello/Documents/GitHub/XF/work/test-bench/test5/ide-sw4stm32-test5-idf/../../../src" -I"C:/Users/yan.michello/Documents/GitHub/XF/work/test-bench/test5/ide-sw4stm32-test5-idf/../../../src/xf/include" -I"C:/Users/yan.michello/Documents/GitHub/XF/work/test-bench/test5/ide-sw4stm32-test5-idf/../../../src/xf/port" -I"C:/Users/yan.michello/Documents/GitHub/XF/work/test-bench/test5/ide-sw4stm32-test5-idf/../../../src/mdw" -I"C:/Users/yan.michello/Documents/GitHub/XF/work/test-bench/test5/ide-sw4stm32-test5-idf/../../../src/mdw/trace" -I"C:/Users/yan.michello/Documents/GitHub/XF/work/test-bench/test5/ide-sw4stm32-test5-idf/Inc" -I"C:/Users/yan.michello/Documents/GitHub/XF/work/test-bench/test5/ide-sw4stm32-test5-idf/Drivers/STM32F7xx_HAL_Driver/Inc" -I"C:/Users/yan.michello/Documents/GitHub/XF/work/test-bench/test5/ide-sw4stm32-test5-idf/Drivers/STM32F7xx_HAL_Driver/Inc/Legacy" -I../Middlewares/ST/STM32_USB_Host_Library/Core/Inc -I../Middlewares/ST/STM32_USB_Host_Library/Class/CDC/Inc -I"C:/Users/yan.michello/Documents/GitHub/XF/work/test-bench/test5/ide-sw4stm32-test5-idf/Drivers/CMSIS/Device/ST/STM32F7xx/Include" -I../Middlewares/Third_Party/FatFs/src -I"C:/Users/yan.michello/Documents/GitHub/XF/work/test-bench/test5/ide-sw4stm32-test5-idf/Drivers/CMSIS/Include"  -Og -g3 -Wall -fmessage-length=0 -ffunction-sections -c -fno-exceptions -fno-rtti -MMD -MP -MF"xf/core/timeout.d" -MT"xf/core/timeout.o" -o "xf/core/timeout.o" "C:/Users/yan.michello/Documents/GitHub/XF/work/src/xf/core/timeout.cpp"
 
Building file: ../startup/startup_stm32f746xx.s
Invoking: MCU GCC Assembler
In file included from c:\users\yan.michello\documents\github\xf\work\src\mdw\trace\trace.h:6:0,
                 from C:/Users/yan.michello/Documents/GitHub/XF/work/src/xf/core/behavior.cpp:3:
c:\users\yan.michello\documents\github\xf\work\src\mdw\trace\config/trace-config.h:14:2: warning: #warning "No project specific trace configuration found! Taking default configuration!" [-Wcpp]
 #warning "No project specific trace configuration found! Taking default configuration!"
  ^~~~~~~
C:\Users\yan.michello\Documents\GitHub\XF\work\test-bench\test5\ide-sw4stm32-test5-idf\Debug
arm-none-eabi-as -mcpu=cortex-m7 -mthumb -mfloat-abi=hard -mfpu=fpv5-sp-d16 -g -o "startup/startup_stm32f746xx.o" "../startup/startup_stm32f746xx.s"
Finished building: C:/Users/yan.michello/Documents/GitHub/XF/work/src/xf/core/initialevent.cpp
 
Finished building: ../startup/startup_stm32f746xx.s
Building file: C:/Users/yan.michello/Documents/GitHub/XF/work/src/platform/f7-disco-gcc/mcu/hal/uart.cpp
 
Invoking: MCU G++ Compiler
Finished building: C:/Users/yan.michello/Documents/GitHub/XF/work/src/xf/core/timeout.cpp
C:\Users\yan.michello\Documents\GitHub\XF\work\test-bench\test5\ide-sw4stm32-test5-idf\Debug
Building file: C:/Users/yan.michello/Documents/GitHub/XF/work/src/platform/f7-disco-gcc/mcu/critical/critical.cpp
arm-none-eabi-g++ -mcpu=cortex-m7 -mthumb -mfloat-abi=hard -mfpu=fpv5-sp-d16 '-D__weak=__attribute__((weak))' '-D__packed=__attribute__((__packed__))' -DUSE_HAL_DRIVER -DSTM32F746xx -I"C:/Users/yan.michello/Documents/GitHub/XF/work/test-bench/test5/ide-sw4stm32-test5-idf/../src" -I"C:/Users/yan.michello/Documents/GitHub/XF/work/test-bench/test5/ide-sw4stm32-test5-idf/.." -I"C:/Users/yan.michello/Documents/GitHub/XF/work/test-bench/test5/ide-sw4stm32-test5-idf" -I"C:/Users/yan.michello/Documents/GitHub/XF/work/src/platform/f7-disco-gcc" -I"C:/Users/yan.michello/Documents/GitHub/XF/work/src/platform/f7-disco-gcc/mcu" -I"C:/Users/yan.michello/Documents/GitHub/XF/work/test-bench/test5/ide-sw4stm32-test5-idf/../../../src" -I"C:/Users/yan.michello/Documents/GitHub/XF/work/test-bench/test5/ide-sw4stm32-test5-idf/../../../src/xf/include" -I"C:/Users/yan.michello/Documents/GitHub/XF/work/test-bench/test5/ide-sw4stm32-test5-idf/../../../src/xf/port" -I"C:/Users/yan.michello/Documents/GitHub/XF/work/test-bench/test5/ide-sw4stm32-test5-idf/../../../src/mdw" -I"C:/Users/yan.michello/Documents/GitHub/XF/work/test-bench/test5/ide-sw4stm32-test5-idf/../../../src/mdw/trace" -I"C:/Users/yan.michello/Documents/GitHub/XF/work/test-bench/test5/ide-sw4stm32-test5-idf/Inc" -I"C:/Users/yan.michello/Documents/GitHub/XF/work/test-bench/test5/ide-sw4stm32-test5-idf/Drivers/STM32F7xx_HAL_Driver/Inc" -I"C:/Users/yan.michello/Documents/GitHub/XF/work/test-bench/test5/ide-sw4stm32-test5-idf/Drivers/STM32F7xx_HAL_Driver/Inc/Legacy" -I../Middlewares/ST/STM32_USB_Host_Library/Core/Inc -I../Middlewares/ST/STM32_USB_Host_Library/Class/CDC/Inc -I"C:/Users/yan.michello/Documents/GitHub/XF/work/test-bench/test5/ide-sw4stm32-test5-idf/Drivers/CMSIS/Device/ST/STM32F7xx/Include" -I../Middlewares/Third_Party/FatFs/src -I"C:/Users/yan.michello/Documents/GitHub/XF/work/test-bench/test5/ide-sw4stm32-test5-idf/Drivers/CMSIS/Include"  -Og -g3 -Wall -fmessage-length=0 -ffunction-sections -c -fno-exceptions -fno-rtti -MMD -MP -MF"platform/f7-disco-gcc/mcu/hal/uart.d" -MT"platform/f7-disco-gcc/mcu/hal/uart.o" -o "platform/f7-disco-gcc/mcu/hal/uart.o" "C:/Users/yan.michello/Documents/GitHub/XF/work/src/platform/f7-disco-gcc/mcu/hal/uart.cpp"
Finished building: C:/Users/yan.michello/Documents/GitHub/XF/work/src/xf/port/default/timeoutmanager-default.cpp
 
Invoking: MCU G++ Compiler
 
Building file: C:/Users/yan.michello/Documents/GitHub/XF/work/src/platform/f7-disco-gcc/board/ledcontroller.cpp
C:\Users\yan.michello\Documents\GitHub\XF\work\test-bench\test5\ide-sw4stm32-test5-idf\Debug
arm-none-eabi-g++ -mcpu=cortex-m7 -mthumb -mfloat-abi=hard -mfpu=fpv5-sp-d16 '-D__weak=__attribute__((weak))' '-D__packed=__attribute__((__packed__))' -DUSE_HAL_DRIVER -DSTM32F746xx -I"C:/Users/yan.michello/Documents/GitHub/XF/work/test-bench/test5/ide-sw4stm32-test5-idf/../src" -I"C:/Users/yan.michello/Documents/GitHub/XF/work/test-bench/test5/ide-sw4stm32-test5-idf/.." -I"C:/Users/yan.michello/Documents/GitHub/XF/work/test-bench/test5/ide-sw4stm32-test5-idf" -I"C:/Users/yan.michello/Documents/GitHub/XF/work/src/platform/f7-disco-gcc" -I"C:/Users/yan.michello/Documents/GitHub/XF/work/src/platform/f7-disco-gcc/mcu" -I"C:/Users/yan.michello/Documents/GitHub/XF/work/test-bench/test5/ide-sw4stm32-test5-idf/../../../src" -I"C:/Users/yan.michello/Documents/GitHub/XF/work/test-bench/test5/ide-sw4stm32-test5-idf/../../../src/xf/include" -I"C:/Users/yan.michello/Documents/GitHub/XF/work/test-bench/test5/ide-sw4stm32-test5-idf/../../../src/xf/port" -I"C:/Users/yan.michello/Documents/GitHub/XF/work/test-bench/test5/ide-sw4stm32-test5-idf/../../../src/mdw" -I"C:/Users/yan.michello/Documents/GitHub/XF/work/test-bench/test5/ide-sw4stm32-test5-idf/../../../src/mdw/trace" -I"C:/Users/yan.michello/Documents/GitHub/XF/work/test-bench/test5/ide-sw4stm32-test5-idf/Inc" -I"C:/Users/yan.michello/Documents/GitHub/XF/work/test-bench/test5/ide-sw4stm32-test5-idf/Drivers/STM32F7xx_HAL_Driver/Inc" -I"C:/Users/yan.michello/Documents/GitHub/XF/work/test-bench/test5/ide-sw4stm32-test5-idf/Drivers/STM32F7xx_HAL_Driver/Inc/Legacy" -I../Middlewares/ST/STM32_USB_Host_Library/Core/Inc -I../Middlewares/ST/STM32_USB_Host_Library/Class/CDC/Inc -I"C:/Users/yan.michello/Documents/GitHub/XF/work/test-bench/test5/ide-sw4stm32-test5-idf/Drivers/CMSIS/Device/ST/STM32F7xx/Include" -I../Middlewares/Third_Party/FatFs/src -I"C:/Users/yan.michello/Documents/GitHub/XF/work/test-bench/test5/ide-sw4stm32-test5-idf/Drivers/CMSIS/Include"  -Og -g3 -Wall -fmessage-length=0 -ffunction-sections -c -fno-exceptions -fno-rtti -MMD -MP -MF"platform/f7-disco-gcc/mcu/critical/critical.d" -MT"platform/f7-disco-gcc/mcu/critical/critical.o" -o "platform/f7-disco-gcc/mcu/critical/critical.o" "C:/Users/yan.michello/Documents/GitHub/XF/work/src/platform/f7-disco-gcc/mcu/critical/critical.cpp"
Building file: C:/Users/yan.michello/Documents/GitHub/XF/work/src/platform/f7-disco-gcc/board/trace.cpp
Invoking: MCU G++ Compiler
Invoking: MCU G++ Compiler
C:\Users\yan.michello\Documents\GitHub\XF\work\test-bench\test5\ide-sw4stm32-test5-idf\Debug
arm-none-eabi-g++ -mcpu=cortex-m7 -mthumb -mfloat-abi=hard -mfpu=fpv5-sp-d16 '-D__weak=__attribute__((weak))' '-D__packed=__attribute__((__packed__))' -DUSE_HAL_DRIVER -DSTM32F746xx -I"C:/Users/yan.michello/Documents/GitHub/XF/work/test-bench/test5/ide-sw4stm32-test5-idf/../src" -I"C:/Users/yan.michello/Documents/GitHub/XF/work/test-bench/test5/ide-sw4stm32-test5-idf/.." -I"C:/Users/yan.michello/Documents/GitHub/XF/work/test-bench/test5/ide-sw4stm32-test5-idf" -I"C:/Users/yan.michello/Documents/GitHub/XF/work/src/platform/f7-disco-gcc" -I"C:/Users/yan.michello/Documents/GitHub/XF/work/src/platform/f7-disco-gcc/mcu" -I"C:/Users/yan.michello/Documents/GitHub/XF/work/test-bench/test5/ide-sw4stm32-test5-idf/../../../src" -I"C:/Users/yan.michello/Documents/GitHub/XF/work/test-bench/test5/ide-sw4stm32-test5-idf/../../../src/xf/include" -I"C:/Users/yan.michello/Documents/GitHub/XF/work/test-bench/test5/ide-sw4stm32-test5-idf/../../../src/xf/port" -I"C:/Users/yan.michello/Documents/GitHub/XF/work/test-bench/test5/ide-sw4stm32-test5-idf/../../../src/mdw" -I"C:/Users/yan.michello/Documents/GitHub/XF/work/test-bench/test5/ide-sw4stm32-test5-idf/../../../src/mdw/trace" -I"C:/Users/yan.michello/Documents/GitHub/XF/work/test-bench/test5/ide-sw4stm32-test5-idf/Inc" -I"C:/Users/yan.michello/Documents/GitHub/XF/work/test-bench/test5/ide-sw4stm32-test5-idf/Drivers/STM32F7xx_HAL_Driver/Inc" -I"C:/Users/yan.michello/Documents/GitHub/XF/work/test-bench/test5/ide-sw4stm32-test5-idf/Drivers/STM32F7xx_HAL_Driver/Inc/Legacy" -I../Middlewares/ST/STM32_USB_Host_Library/Core/Inc -I../Middlewares/ST/STM32_USB_Host_Library/Class/CDC/Inc -I"C:/Users/yan.michello/Documents/GitHub/XF/work/test-bench/test5/ide-sw4stm32-test5-idf/Drivers/CMSIS/Device/ST/STM32F7xx/Include" -I../Middlewares/Third_Party/FatFs/src -I"C:/Users/yan.michello/Documents/GitHub/XF/work/test-bench/test5/ide-sw4stm32-test5-idf/Drivers/CMSIS/Include"  -Og -g3 -Wall -fmessage-length=0 -ffunction-sections -c -fno-exceptions -fno-rtti -MMD -MP -MF"platform/f7-disco-gcc/board/ledcontroller.d" -MT"platform/f7-disco-gcc/board/ledcontroller.o" -o "platform/f7-disco-gcc/board/ledcontroller.o" "C:/Users/yan.michello/Documents/GitHub/XF/work/src/platform/f7-disco-gcc/board/ledcontroller.cpp"
C:\Users\yan.michello\Documents\GitHub\XF\work\test-bench\test5\ide-sw4stm32-test5-idf\Debug
arm-none-eabi-g++ -mcpu=cortex-m7 -mthumb -mfloat-abi=hard -mfpu=fpv5-sp-d16 '-D__weak=__attribute__((weak))' '-D__packed=__attribute__((__packed__))' -DUSE_HAL_DRIVER -DSTM32F746xx -I"C:/Users/yan.michello/Documents/GitHub/XF/work/test-bench/test5/ide-sw4stm32-test5-idf/../src" -I"C:/Users/yan.michello/Documents/GitHub/XF/work/test-bench/test5/ide-sw4stm32-test5-idf/.." -I"C:/Users/yan.michello/Documents/GitHub/XF/work/test-bench/test5/ide-sw4stm32-test5-idf" -I"C:/Users/yan.michello/Documents/GitHub/XF/work/src/platform/f7-disco-gcc" -I"C:/Users/yan.michello/Documents/GitHub/XF/work/src/platform/f7-disco-gcc/mcu" -I"C:/Users/yan.michello/Documents/GitHub/XF/work/test-bench/test5/ide-sw4stm32-test5-idf/../../../src" -I"C:/Users/yan.michello/Documents/GitHub/XF/work/test-bench/test5/ide-sw4stm32-test5-idf/../../../src/xf/include" -I"C:/Users/yan.michello/Documents/GitHub/XF/work/test-bench/test5/ide-sw4stm32-test5-idf/../../../src/xf/port" -I"C:/Users/yan.michello/Documents/GitHub/XF/work/test-bench/test5/ide-sw4stm32-test5-idf/../../../src/mdw" -I"C:/Users/yan.michello/Documents/GitHub/XF/work/test-bench/test5/ide-sw4stm32-test5-idf/../../../src/mdw/trace" -I"C:/Users/yan.michello/Documents/GitHub/XF/work/test-bench/test5/ide-sw4stm32-test5-idf/Inc" -I"C:/Users/yan.michello/Documents/GitHub/XF/work/test-bench/test5/ide-sw4stm32-test5-idf/Drivers/STM32F7xx_HAL_Driver/Inc" -I"C:/Users/yan.michello/Documents/GitHub/XF/work/test-bench/test5/ide-sw4stm32-test5-idf/Drivers/STM32F7xx_HAL_Driver/Inc/Legacy" -I../Middlewares/ST/STM32_USB_Host_Library/Core/Inc -I../Middlewares/ST/STM32_USB_Host_Library/Class/CDC/Inc -I"C:/Users/yan.michello/Documents/GitHub/XF/work/test-bench/test5/ide-sw4stm32-test5-idf/Drivers/CMSIS/Device/ST/STM32F7xx/Include" -I../Middlewares/Third_Party/FatFs/src -I"C:/Users/yan.michello/Documents/GitHub/XF/work/test-bench/test5/ide-sw4stm32-test5-idf/Drivers/CMSIS/Include"  -Og -g3 -Wall -fmessage-length=0 -ffunction-sections -c -fno-exceptions -fno-rtti -MMD -MP -MF"platform/f7-disco-gcc/board/trace.d" -MT"platform/f7-disco-gcc/board/trace.o" -o "platform/f7-disco-gcc/board/trace.o" "C:/Users/yan.michello/Documents/GitHub/XF/work/src/platform/f7-disco-gcc/board/trace.cpp"
Finished building: C:/Users/yan.michello/Documents/GitHub/XF/work/src/xf/core/customevent.cpp
 
Finished building: C:/Users/yan.michello/Documents/GitHub/XF/work/src/xf/core/nulltransition.cpp
Building file: C:/Users/yan.michello/Documents/GitHub/XF/work/src/mdw/trace/examples/trace-example01.cpp
 
Invoking: MCU G++ Compiler
Building file: C:/Users/yan.michello/Documents/GitHub/XF/work/test-bench/test5/src/events/evrestart.cpp
C:\Users\yan.michello\Documents\GitHub\XF\work\test-bench\test5\ide-sw4stm32-test5-idf\Debug
arm-none-eabi-g++ -mcpu=cortex-m7 -mthumb -mfloat-abi=hard -mfpu=fpv5-sp-d16 '-D__weak=__attribute__((weak))' '-D__packed=__attribute__((__packed__))' -DUSE_HAL_DRIVER -DSTM32F746xx -I"C:/Users/yan.michello/Documents/GitHub/XF/work/test-bench/test5/ide-sw4stm32-test5-idf/../src" -I"C:/Users/yan.michello/Documents/GitHub/XF/work/test-bench/test5/ide-sw4stm32-test5-idf/.." -I"C:/Users/yan.michello/Documents/GitHub/XF/work/test-bench/test5/ide-sw4stm32-test5-idf" -I"C:/Users/yan.michello/Documents/GitHub/XF/work/src/platform/f7-disco-gcc" -I"C:/Users/yan.michello/Documents/GitHub/XF/work/src/platform/f7-disco-gcc/mcu" -I"C:/Users/yan.michello/Documents/GitHub/XF/work/test-bench/test5/ide-sw4stm32-test5-idf/../../../src" -I"C:/Users/yan.michello/Documents/GitHub/XF/work/test-bench/test5/ide-sw4stm32-test5-idf/../../../src/xf/include" -I"C:/Users/yan.michello/Documents/GitHub/XF/work/test-bench/test5/ide-sw4stm32-test5-idf/../../../src/xf/port" -I"C:/Users/yan.michello/Documents/GitHub/XF/work/test-bench/test5/ide-sw4stm32-test5-idf/../../../src/mdw" -I"C:/Users/yan.michello/Documents/GitHub/XF/work/test-bench/test5/ide-sw4stm32-test5-idf/../../../src/mdw/trace" -I"C:/Users/yan.michello/Documents/GitHub/XF/work/test-bench/test5/ide-sw4stm32-test5-idf/Inc" -I"C:/Users/yan.michello/Documents/GitHub/XF/work/test-bench/test5/ide-sw4stm32-test5-idf/Drivers/STM32F7xx_HAL_Driver/Inc" -I"C:/Users/yan.michello/Documents/GitHub/XF/work/test-bench/test5/ide-sw4stm32-test5-idf/Drivers/STM32F7xx_HAL_Driver/Inc/Legacy" -I../Middlewares/ST/STM32_USB_Host_Library/Core/Inc -I../Middlewares/ST/STM32_USB_Host_Library/Class/CDC/Inc -I"C:/Users/yan.michello/Documents/GitHub/XF/work/test-bench/test5/ide-sw4stm32-test5-idf/Drivers/CMSIS/Device/ST/STM32F7xx/Include" -I../Middlewares/Third_Party/FatFs/src -I"C:/Users/yan.michello/Documents/GitHub/XF/work/test-bench/test5/ide-sw4stm32-test5-idf/Drivers/CMSIS/Include"  -Og -g3 -Wall -fmessage-length=0 -ffunction-sections -c -fno-exceptions -fno-rtti -MMD -MP -MF"mdw/trace/examples/trace-example01.d" -MT"mdw/trace/examples/trace-example01.o" -o "mdw/trace/examples/trace-example01.o" "C:/Users/yan.michello/Documents/GitHub/XF/work/src/mdw/trace/examples/trace-example01.cpp"
Invoking: MCU G++ Compiler
Finished building: C:/Users/yan.michello/Documents/GitHub/XF/work/src/xf/port/idf-stm32cube/port-functions.cpp
C:\Users\yan.michello\Documents\GitHub\XF\work\test-bench\test5\ide-sw4stm32-test5-idf\Debug
In file included from c:\users\yan.michello\documents\github\xf\work\src\mdw\trace\trace.h:6:0,
                 from C:/Users/yan.michello/Documents/GitHub/XF/work/src/platform/f7-disco-gcc/mcu/mcu.h:5,
                 from C:/Users/yan.michello/Documents/GitHub/XF/work/src/platform/f7-disco-gcc/mcu/hal/uart.cpp:2:
c:\users\yan.michello\documents\github\xf\work\src\mdw\trace\config/trace-config.h:14:2: warning: #warning "No project specific trace configuration found! Taking default configuration!" [-Wcpp]
 #warning "No project specific trace configuration found! Taking default configuration!"
  ^~~~~~~
arm-none-eabi-g++ -mcpu=cortex-m7 -mthumb -mfloat-abi=hard -mfpu=fpv5-sp-d16 '-D__weak=__attribute__((weak))' '-D__packed=__attribute__((__packed__))' -DUSE_HAL_DRIVER -DSTM32F746xx -I"C:/Users/yan.michello/Documents/GitHub/XF/work/test-bench/test5/ide-sw4stm32-test5-idf/../src" -I"C:/Users/yan.michello/Documents/GitHub/XF/work/test-bench/test5/ide-sw4stm32-test5-idf/.." -I"C:/Users/yan.michello/Documents/GitHub/XF/work/test-bench/test5/ide-sw4stm32-test5-idf" -I"C:/Users/yan.michello/Documents/GitHub/XF/work/src/platform/f7-disco-gcc" -I"C:/Users/yan.michello/Documents/GitHub/XF/work/src/platform/f7-disco-gcc/mcu" -I"C:/Users/yan.michello/Documents/GitHub/XF/work/test-bench/test5/ide-sw4stm32-test5-idf/../../../src" -I"C:/Users/yan.michello/Documents/GitHub/XF/work/test-bench/test5/ide-sw4stm32-test5-idf/../../../src/xf/include" -I"C:/Users/yan.michello/Documents/GitHub/XF/work/test-bench/test5/ide-sw4stm32-test5-idf/../../../src/xf/port" -I"C:/Users/yan.michello/Documents/GitHub/XF/work/test-bench/test5/ide-sw4stm32-test5-idf/../../../src/mdw" -I"C:/Users/yan.michello/Documents/GitHub/XF/work/test-bench/test5/ide-sw4stm32-test5-idf/../../../src/mdw/trace" -I"C:/Users/yan.michello/Documents/GitHub/XF/work/test-bench/test5/ide-sw4stm32-test5-idf/Inc" -I"C:/Users/yan.michello/Documents/GitHub/XF/work/test-bench/test5/ide-sw4stm32-test5-idf/Drivers/STM32F7xx_HAL_Driver/Inc" -I"C:/Users/yan.michello/Documents/GitHub/XF/work/test-bench/test5/ide-sw4stm32-test5-idf/Drivers/STM32F7xx_HAL_Driver/Inc/Legacy" -I../Middlewares/ST/STM32_USB_Host_Library/Core/Inc -I../Middlewares/ST/STM32_USB_Host_Library/Class/CDC/Inc -I"C:/Users/yan.michello/Documents/GitHub/XF/work/test-bench/test5/ide-sw4stm32-test5-idf/Drivers/CMSIS/Device/ST/STM32F7xx/Include" -I../Middlewares/Third_Party/FatFs/src -I"C:/Users/yan.michello/Documents/GitHub/XF/work/test-bench/test5/ide-sw4stm32-test5-idf/Drivers/CMSIS/Include"  -Og -g3 -Wall -fmessage-length=0 -ffunction-sections -c -fno-exceptions -fno-rtti -MMD -MP -MF"events/evrestart.d" -MT"events/evrestart.o" -o "events/evrestart.o" "C:/Users/yan.michello/Documents/GitHub/XF/work/test-bench/test5/src/events/evrestart.cpp"
 
Building file: C:/Users/yan.michello/Documents/GitHub/XF/work/test-bench/test5/src/app/statemachine05a.cpp
In file included from c:\users\yan.michello\documents\github\xf\work\src\mdw\trace\trace.h:6:0,
                 from C:/Users/yan.michello/Documents/GitHub/XF/work/src/platform/f7-disco-gcc/mcu/mcu.h:5,
                 from C:/Users/yan.michello/Documents/GitHub/XF/work/src/platform/f7-disco-gcc/mcu/critical/critical.cpp:1:
c:\users\yan.michello\documents\github\xf\work\src\mdw\trace\config/trace-config.h:14:2: warning: #warning "No project specific trace configuration found! Taking default configuration!" [-Wcpp]
 #warning "No project specific trace configuration found! Taking default configuration!"
  ^~~~~~~
Invoking: MCU G++ Compiler
Finished building: C:/Users/yan.michello/Documents/GitHub/XF/work/src/xf/core/behavior.cpp
C:\Users\yan.michello\Documents\GitHub\XF\work\test-bench\test5\ide-sw4stm32-test5-idf\Debug
arm-none-eabi-g++ -mcpu=cortex-m7 -mthumb -mfloat-abi=hard -mfpu=fpv5-sp-d16 '-D__weak=__attribute__((weak))' '-D__packed=__attribute__((__packed__))' -DUSE_HAL_DRIVER -DSTM32F746xx -I"C:/Users/yan.michello/Documents/GitHub/XF/work/test-bench/test5/ide-sw4stm32-test5-idf/../src" -I"C:/Users/yan.michello/Documents/GitHub/XF/work/test-bench/test5/ide-sw4stm32-test5-idf/.." -I"C:/Users/yan.michello/Documents/GitHub/XF/work/test-bench/test5/ide-sw4stm32-test5-idf" -I"C:/Users/yan.michello/Documents/GitHub/XF/work/src/platform/f7-disco-gcc" -I"C:/Users/yan.michello/Documents/GitHub/XF/work/src/platform/f7-disco-gcc/mcu" -I"C:/Users/yan.michello/Documents/GitHub/XF/work/test-bench/test5/ide-sw4stm32-test5-idf/../../../src" -I"C:/Users/yan.michello/Documents/GitHub/XF/work/test-bench/test5/ide-sw4stm32-test5-idf/../../../src/xf/include" -I"C:/Users/yan.michello/Documents/GitHub/XF/work/test-bench/test5/ide-sw4stm32-test5-idf/../../../src/xf/port" -I"C:/Users/yan.michello/Documents/GitHub/XF/work/test-bench/test5/ide-sw4stm32-test5-idf/../../../src/mdw" -I"C:/Users/yan.michello/Documents/GitHub/XF/work/test-bench/test5/ide-sw4stm32-test5-idf/../../../src/mdw/trace" -I"C:/Users/yan.michello/Documents/GitHub/XF/work/test-bench/test5/ide-sw4stm32-test5-idf/Inc" -I"C:/Users/yan.michello/Documents/GitHub/XF/work/test-bench/test5/ide-sw4stm32-test5-idf/Drivers/STM32F7xx_HAL_Driver/Inc" -I"C:/Users/yan.michello/Documents/GitHub/XF/work/test-bench/test5/ide-sw4stm32-test5-idf/Drivers/STM32F7xx_HAL_Driver/Inc/Legacy" -I../Middlewares/ST/STM32_USB_Host_Library/Core/Inc -I../Middlewares/ST/STM32_USB_Host_Library/Class/CDC/Inc -I"C:/Users/yan.michello/Documents/GitHub/XF/work/test-bench/test5/ide-sw4stm32-test5-idf/Drivers/CMSIS/Device/ST/STM32F7xx/Include" -I../Middlewares/Third_Party/FatFs/src -I"C:/Users/yan.michello/Documents/GitHub/XF/work/test-bench/test5/ide-sw4stm32-test5-idf/Drivers/CMSIS/Include"  -Og -g3 -Wall -fmessage-length=0 -ffunction-sections -c -fno-exceptions -fno-rtti -MMD -MP -MF"app/statemachine05a.d" -MT"app/statemachine05a.o" -o "app/statemachine05a.o" "C:/Users/yan.michello/Documents/GitHub/XF/work/test-bench/test5/src/app/statemachine05a.cpp"
 
In file included from c:\users\yan.michello\documents\github\xf\work\src\mdw\trace\trace.h:6:0,
                 from C:/Users/yan.michello/Documents/GitHub/XF/work/src/platform/f7-disco-gcc/mcu/mcu.h:5,
                 from C:/Users/yan.michello/Documents/GitHub/XF/work/src/platform/f7-disco-gcc/board/ledcontroller.cpp:1:
c:\users\yan.michello\documents\github\xf\work\src\mdw\trace\config/trace-config.h:14:2: warning: #warning "No project specific trace configuration found! Taking default configuration!" [-Wcpp]
 #warning "No project specific trace configuration found! Taking default configuration!"
  ^~~~~~~
In file included from c:\users\yan.michello\documents\github\xf\work\src\mdw\trace\trace.h:6:0,
                 from C:/Users/yan.michello/Documents/GitHub/XF/work/src/platform/f7-disco-gcc/mcu/mcu.h:5,
                 from C:/Users/yan.michello/Documents/GitHub/XF/work/test-bench/test5/ide-sw4stm32-test5-idf/config/trace-config.h:4,
                 from C:/Users/yan.michello/Documents/GitHub/XF/work/src/platform/f7-disco-gcc/board/trace.cpp:1:
c:\users\yan.michello\documents\github\xf\work\src\mdw\trace\config/trace-config.h:14:2: warning: #warning "No project specific trace configuration found! Taking default configuration!" [-Wcpp]
 #warning "No project specific trace configuration found! Taking default configuration!"
  ^~~~~~~
Building file: C:/Users/yan.michello/Documents/GitHub/XF/work/test-bench/test5/src/app/statemachine05b.cpp
Invoking: MCU G++ Compiler
C:\Users\yan.michello\Documents\GitHub\XF\work\test-bench\test5\ide-sw4stm32-test5-idf\Debug
arm-none-eabi-g++ -mcpu=cortex-m7 -mthumb -mfloat-abi=hard -mfpu=fpv5-sp-d16 '-D__weak=__attribute__((weak))' '-D__packed=__attribute__((__packed__))' -DUSE_HAL_DRIVER -DSTM32F746xx -I"C:/Users/yan.michello/Documents/GitHub/XF/work/test-bench/test5/ide-sw4stm32-test5-idf/../src" -I"C:/Users/yan.michello/Documents/GitHub/XF/work/test-bench/test5/ide-sw4stm32-test5-idf/.." -I"C:/Users/yan.michello/Documents/GitHub/XF/work/test-bench/test5/ide-sw4stm32-test5-idf" -I"C:/Users/yan.michello/Documents/GitHub/XF/work/src/platform/f7-disco-gcc" -I"C:/Users/yan.michello/Documents/GitHub/XF/work/src/platform/f7-disco-gcc/mcu" -I"C:/Users/yan.michello/Documents/GitHub/XF/work/test-bench/test5/ide-sw4stm32-test5-idf/../../../src" -I"C:/Users/yan.michello/Documents/GitHub/XF/work/test-bench/test5/ide-sw4stm32-test5-idf/../../../src/xf/include" -I"C:/Users/yan.michello/Documents/GitHub/XF/work/test-bench/test5/ide-sw4stm32-test5-idf/../../../src/xf/port" -I"C:/Users/yan.michello/Documents/GitHub/XF/work/test-bench/test5/ide-sw4stm32-test5-idf/../../../src/mdw" -I"C:/Users/yan.michello/Documents/GitHub/XF/work/test-bench/test5/ide-sw4stm32-test5-idf/../../../src/mdw/trace" -I"C:/Users/yan.michello/Documents/GitHub/XF/work/test-bench/test5/ide-sw4stm32-test5-idf/Inc" -I"C:/Users/yan.michello/Documents/GitHub/XF/work/test-bench/test5/ide-sw4stm32-test5-idf/Drivers/STM32F7xx_HAL_Driver/Inc" -I"C:/Users/yan.michello/Documents/GitHub/XF/work/test-bench/test5/ide-sw4stm32-test5-idf/Drivers/STM32F7xx_HAL_Driver/Inc/Legacy" -I../Middlewares/ST/STM32_USB_Host_Library/Core/Inc -I../Middlewares/ST/STM32_USB_Host_Library/Class/CDC/Inc -I"C:/Users/yan.michello/Documents/GitHub/XF/work/test-bench/test5/ide-sw4stm32-test5-idf/Drivers/CMSIS/Device/ST/STM32F7xx/Include" -I../Middlewares/Third_Party/FatFs/src -I"C:/Users/yan.michello/Documents/GitHub/XF/work/test-bench/test5/ide-sw4stm32-test5-idf/Drivers/CMSIS/Include"  -Og -g3 -Wall -fmessage-length=0 -ffunction-sections -c -fno-exceptions -fno-rtti -MMD -MP -MF"app/statemachine05b.d" -MT"app/statemachine05b.o" -o "app/statemachine05b.o" "C:/Users/yan.michello/Documents/GitHub/XF/work/test-bench/test5/src/app/statemachine05b.cpp"
In file included from c:\users\yan.michello\documents\github\xf\work\src\mdw\trace\trace.h:6:0,
                 from C:/Users/yan.michello/Documents/GitHub/XF/work/src/platform/f7-disco-gcc/mcu/mcu.h:5,
                 from C:/Users/yan.michello/Documents/GitHub/XF/work/test-bench/test5/ide-sw4stm32-test5-idf/config/trace-config.h:4,
                 from C:/Users/yan.michello/Documents/GitHub/XF/work/src/mdw/trace/examples/trace-example01.cpp:1:
c:\users\yan.michello\documents\github\xf\work\src\mdw\trace\config/trace-config.h:14:2: warning: #warning "No project specific trace configuration found! Taking default configuration!" [-Wcpp]
 #warning "No project specific trace configuration found! Taking default configuration!"
  ^~~~~~~
In file included from c:\users\yan.michello\documents\github\xf\work\src\mdw\trace\trace.h:6:0,
                 from C:/Users/yan.michello/Documents/GitHub/XF/work/test-bench/test5/src/app/statemachine05a.cpp:2:
c:\users\yan.michello\documents\github\xf\work\src\mdw\trace\config/trace-config.h:14:2: warning: #warning "No project specific trace configuration found! Taking default configuration!" [-Wcpp]
 #warning "No project specific trace configuration found! Taking default configuration!"
  ^~~~~~~
In file included from c:\users\yan.michello\documents\github\xf\work\src\mdw\trace\trace.h:6:0,
                 from C:/Users/yan.michello/Documents/GitHub/XF/work/test-bench/test5/src/app/statemachine05b.cpp:2:
c:\users\yan.michello\documents\github\xf\work\src\mdw\trace\config/trace-config.h:14:2: warning: #warning "No project specific trace configuration found! Taking default configuration!" [-Wcpp]
 #warning "No project specific trace configuration found! Taking default configuration!"
  ^~~~~~~
Finished building: C:/Users/yan.michello/Documents/GitHub/XF/work/test-bench/test5/src/events/evrestart.cpp
 
Building file: C:/Users/yan.michello/Documents/GitHub/XF/work/test-bench/test5/src/app/testfactory05.cpp
Invoking: MCU G++ Compiler
C:\Users\yan.michello\Documents\GitHub\XF\work\test-bench\test5\ide-sw4stm32-test5-idf\Debug
arm-none-eabi-g++ -mcpu=cortex-m7 -mthumb -mfloat-abi=hard -mfpu=fpv5-sp-d16 '-D__weak=__attribute__((weak))' '-D__packed=__attribute__((__packed__))' -DUSE_HAL_DRIVER -DSTM32F746xx -I"C:/Users/yan.michello/Documents/GitHub/XF/work/test-bench/test5/ide-sw4stm32-test5-idf/../src" -I"C:/Users/yan.michello/Documents/GitHub/XF/work/test-bench/test5/ide-sw4stm32-test5-idf/.." -I"C:/Users/yan.michello/Documents/GitHub/XF/work/test-bench/test5/ide-sw4stm32-test5-idf" -I"C:/Users/yan.michello/Documents/GitHub/XF/work/src/platform/f7-disco-gcc" -I"C:/Users/yan.michello/Documents/GitHub/XF/work/src/platform/f7-disco-gcc/mcu" -I"C:/Users/yan.michello/Documents/GitHub/XF/work/test-bench/test5/ide-sw4stm32-test5-idf/../../../src" -I"C:/Users/yan.michello/Documents/GitHub/XF/work/test-bench/test5/ide-sw4stm32-test5-idf/../../../src/xf/include" -I"C:/Users/yan.michello/Documents/GitHub/XF/work/test-bench/test5/ide-sw4stm32-test5-idf/../../../src/xf/port" -I"C:/Users/yan.michello/Documents/GitHub/XF/work/test-bench/test5/ide-sw4stm32-test5-idf/../../../src/mdw" -I"C:/Users/yan.michello/Documents/GitHub/XF/work/test-bench/test5/ide-sw4stm32-test5-idf/../../../src/mdw/trace" -I"C:/Users/yan.michello/Documents/GitHub/XF/work/test-bench/test5/ide-sw4stm32-test5-idf/Inc" -I"C:/Users/yan.michello/Documents/GitHub/XF/work/test-bench/test5/ide-sw4stm32-test5-idf/Drivers/STM32F7xx_HAL_Driver/Inc" -I"C:/Users/yan.michello/Documents/GitHub/XF/work/test-bench/test5/ide-sw4stm32-test5-idf/Drivers/STM32F7xx_HAL_Driver/Inc/Legacy" -I../Middlewares/ST/STM32_USB_Host_Library/Core/Inc -I../Middlewares/ST/STM32_USB_Host_Library/Class/CDC/Inc -I"C:/Users/yan.michello/Documents/GitHub/XF/work/test-bench/test5/ide-sw4stm32-test5-idf/Drivers/CMSIS/Device/ST/STM32F7xx/Include" -I../Middlewares/Third_Party/FatFs/src -I"C:/Users/yan.michello/Documents/GitHub/XF/work/test-bench/test5/ide-sw4stm32-test5-idf/Drivers/CMSIS/Include"  -Og -g3 -Wall -fmessage-length=0 -ffunction-sections -c -fno-exceptions -fno-rtti -MMD -MP -MF"app/testfactory05.d" -MT"app/testfactory05.o" -o "app/testfactory05.o" "C:/Users/yan.michello/Documents/GitHub/XF/work/test-bench/test5/src/app/testfactory05.cpp"
Finished building: C:/Users/yan.michello/Documents/GitHub/XF/work/test-bench/test5/src/app/statemachine05a.cpp
 
In file included from c:\users\yan.michello\documents\github\xf\work\src\mdw\trace\trace.h:6:0,
                 from C:/Users/yan.michello/Documents/GitHub/XF/work/test-bench/test5/src/app/testfactory05.cpp:2:
c:\users\yan.michello\documents\github\xf\work\src\mdw\trace\config/trace-config.h:14:2: warning: #warning "No project specific trace configuration found! Taking default configuration!" [-Wcpp]
 #warning "No project specific trace configuration found! Taking default configuration!"
  ^~~~~~~
Building file: ../Src/main.c
Invoking: MCU GCC Compiler
Finished building: C:/Users/yan.michello/Documents/GitHub/XF/work/src/platform/f7-disco-gcc/mcu/hal/uart.cpp
Finished building: C:/Users/yan.michello/Documents/GitHub/XF/work/src/platform/f7-disco-gcc/mcu/critical/critical.cpp
C:\Users\yan.michello\Documents\GitHub\XF\work\test-bench\test5\ide-sw4stm32-test5-idf\Debug
arm-none-eabi-gcc -mcpu=cortex-m7 -mthumb -mfloat-abi=hard -mfpu=fpv5-sp-d16 '-D__weak=__attribute__((weak))' '-D__packed=__attribute__((__packed__))' -DUSE_HAL_DRIVER -DSTM32F746xx -I"C:/Users/yan.michello/Documents/GitHub/XF/work/test-bench/test5/ide-sw4stm32-test5-idf/../src" -I"C:/Users/yan.michello/Documents/GitHub/XF/work/test-bench/test5/ide-sw4stm32-test5-idf/.." -I"C:/Users/yan.michello/Documents/GitHub/XF/work/test-bench/test5/ide-sw4stm32-test5-idf/../../../src" -I"C:/Users/yan.michello/Documents/GitHub/XF/work/test-bench/test5/ide-sw4stm32-test5-idf/../../../src/xf/include" -I"C:/Users/yan.michello/Documents/GitHub/XF/work/test-bench/test5/ide-sw4stm32-test5-idf/../../../src/xf/port" -I"C:/Users/yan.michello/Documents/GitHub/XF/work/test-bench/test5/ide-sw4stm32-test5-idf" -I"C:/Users/yan.michello/Documents/GitHub/XF/work/test-bench/test5/ide-sw4stm32-test5-idf/Inc" -I"C:/Users/yan.michello/Documents/GitHub/XF/work/test-bench/test5/ide-sw4stm32-test5-idf/Drivers/STM32F7xx_HAL_Driver/Inc" -I"C:/Users/yan.michello/Documents/GitHub/XF/work/test-bench/test5/ide-sw4stm32-test5-idf/Drivers/STM32F7xx_HAL_Driver/Inc/Legacy" -I../Middlewares/ST/STM32_USB_Host_Library/Core/Inc -I../Middlewares/ST/STM32_USB_Host_Library/Class/CDC/Inc -I"C:/Users/yan.michello/Documents/GitHub/XF/work/test-bench/test5/ide-sw4stm32-test5-idf/Drivers/CMSIS/Device/ST/STM32F7xx/Include" -I../Middlewares/Third_Party/FatFs/src -I"C:/Users/yan.michello/Documents/GitHub/XF/work/test-bench/test5/ide-sw4stm32-test5-idf/Drivers/CMSIS/Include"  -Og -g3 -Wall -fmessage-length=0 -ffunction-sections -c -fmessage-length=0 -MMD -MP -MF"Src/main.d" -MT"Src/main.o" -o "Src/main.o" "../Src/main.c"
 
 
Building file: ../Src/stm32f7xx_hal_msp.c
Finished building: C:/Users/yan.michello/Documents/GitHub/XF/work/test-bench/test5/src/app/statemachine05b.cpp
Building file: ../Src/stm32f7xx_it.c
Invoking: MCU GCC Compiler
 
Invoking: MCU GCC Compiler
C:\Users\yan.michello\Documents\GitHub\XF\work\test-bench\test5\ide-sw4stm32-test5-idf\Debug
Finished building: C:/Users/yan.michello/Documents/GitHub/XF/work/src/platform/f7-disco-gcc/board/trace.cpp
[...]
  ^~~~~~~
Finished building: C:/Users/yan.michello/Documents/GitHub/XF/work/src/xf/port/default/dispatcher-active.cpp
 
Finished building: C:/Users/yan.michello/Documents/GitHub/XF/work/src/xf/port/default/dispatcher-default.cpp
Finished building: C:/Users/yan.michello/Documents/GitHub/XF/work/test-bench/test2/src/app/testfactory02.cpp
 
 
Finished building: ../Src/main.c
 
Finished building: C:/Users/yan.michello/Documents/GitHub/XF/work/src/xf/port/default/timeoutmanager-default.cpp
 
Finished building: C:/Users/yan.michello/Documents/GitHub/XF/work/src/xf/port/idf-stm32cube/port-functions.cpp
 
Building target: ide-sw4stm32-test2-idf.elf
Invoking: MCU G++ Linker
arm-none-eabi-g++ -mcpu=cortex-m7 -mthumb -mfloat-abi=hard -mfpu=fpv5-sp-d16 -specs=nosys.specs -specs=nano.specs -T"../STM32F746NGHx_FLASH.ld" -Wl,-Map=output.map -Wl,--gc-sections -fno-exceptions -fno-rtti -o "ide-sw4stm32-test2-idf.elf" @"objects.list"   -lm
Finished building target: ide-sw4stm32-test2-idf.elf
 
make --no-print-directory post-build
Generating binary and Printing size information:
arm-none-eabi-objcopy -O binary "ide-sw4stm32-test2-idf.elf" "ide-sw4stm32-test2-idf.bin"
arm-none-eabi-size "ide-sw4stm32-test2-idf.elf"
   text	   data	    bss	    dec	    hex	filename
  30400	    152	   6912	  37464	   9258	ide-sw4stm32-test2-idf.elf
 
08:46:55 **** Incremental Build of configuration Debug for project ide-sw4stm32-test2-idf ****
make -j8 all 
Building file: C:/Users/yan.michello/Documents/GitHub/XF/work/src/xf/port/default/xf-default.cpp
Building file: C:/Users/yan.michello/Documents/GitHub/XF/work/test-bench/test2/src/app/testfactory02.cpp
Invoking: MCU G++ Compiler
Invoking: MCU G++ Compiler
C:\Users\yan.michello\Documents\GitHub\XF\work\test-bench\test2\ide-sw4stm32-test2-idf\Debug
arm-none-eabi-g++ -mcpu=cortex-m7 -mthumb -mfloat-abi=hard -mfpu=fpv5-sp-d16 '-D__weak=__attribute__((weak))' '-D__packed=__attribute__((__packed__))' -DUSE_HAL_DRIVER -DSTM32F746xx -I"C:/Users/yan.michello/Documents/GitHub/XF/work/test-bench/test2/ide-sw4stm32-test2-idf/../src" -I"C:/Users/yan.michello/Documents/GitHub/XF/work/test-bench/test2/ide-sw4stm32-test2-idf/.." -I"C:/Users/yan.michello/Documents/GitHub/XF/work/test-bench/test2/ide-sw4stm32-test2-idf" -I"C:/Users/yan.michello/Documents/GitHub/XF/work/src/platform/f7-disco-gcc" -I"C:/Users/yan.michello/Documents/GitHub/XF/work/src/platform/f7-disco-gcc/mcu" -I"C:/Users/yan.michello/Documents/GitHub/XF/work/test-bench/test2/ide-sw4stm32-test2-idf/../../../src" -I"C:/Users/yan.michello/Documents/GitHub/XF/work/test-bench/test2/ide-sw4stm32-test2-idf/../../../src/xf/include" -I"C:/Users/yan.michello/Documents/GitHub/XF/work/test-bench/test2/ide-sw4stm32-test2-idf/../../../src/xf/port" -I"C:/Users/yan.michello/Documents/GitHub/XF/work/test-bench/test2/ide-sw4stm32-test2-idf/../../../src/mdw" -I"C:/Users/yan.michello/Documents/GitHub/XF/work/test-bench/test2/ide-sw4stm32-test2-idf/../../../src/mdw/trace" -I"C:/Users/yan.michello/Documents/GitHub/XF/work/test-bench/test2/ide-sw4stm32-test2-idf/Inc" -I"C:/Users/yan.michello/Documents/GitHub/XF/work/test-bench/test2/ide-sw4stm32-test2-idf/Drivers/STM32F7xx_HAL_Driver/Inc" -I"C:/Users/yan.michello/Documents/GitHub/XF/work/test-bench/test2/ide-sw4stm32-test2-idf/Drivers/STM32F7xx_HAL_Driver/Inc/Legacy" -I../Middlewares/ST/STM32_USB_Host_Library/Core/Inc -I../Middlewares/ST/STM32_USB_Host_Library/Class/CDC/Inc -I"C:/Users/yan.michello/Documents/GitHub/XF/work/test-bench/test2/ide-sw4stm32-test2-idf/Drivers/CMSIS/Device/ST/STM32F7xx/Include" -I../Middlewares/Third_Party/FatFs/src -I"C:/Users/yan.michello/Documents/GitHub/XF/work/test-bench/test2/ide-sw4stm32-test2-idf/Drivers/CMSIS/Include"  -Og -g3 -Wall -fmessage-length=0 -ffunction-sections -c -fno-exceptions -fno-rtti -MMD -MP -MF"xf/port/default/xf-default.d" -MT"xf/port/default/xf-default.o" -o "xf/port/default/xf-default.o" "C:/Users/yan.michello/Documents/GitHub/XF/work/src/xf/port/default/xf-default.cpp"
C:\Users\yan.michello\Documents\GitHub\XF\work\test-bench\test2\ide-sw4stm32-test2-idf\Debug
arm-none-eabi-g++ -mcpu=cortex-m7 -mthumb -mfloat-abi=hard -mfpu=fpv5-sp-d16 '-D__weak=__attribute__((weak))' '-D__packed=__attribute__((__packed__))' -DUSE_HAL_DRIVER -DSTM32F746xx -I"C:/Users/yan.michello/Documents/GitHub/XF/work/test-bench/test2/ide-sw4stm32-test2-idf/../src" -I"C:/Users/yan.michello/Documents/GitHub/XF/work/test-bench/test2/ide-sw4stm32-test2-idf/.." -I"C:/Users/yan.michello/Documents/GitHub/XF/work/test-bench/test2/ide-sw4stm32-test2-idf" -I"C:/Users/yan.michello/Documents/GitHub/XF/work/src/platform/f7-disco-gcc" -I"C:/Users/yan.michello/Documents/GitHub/XF/work/src/platform/f7-disco-gcc/mcu" -I"C:/Users/yan.michello/Documents/GitHub/XF/work/test-bench/test2/ide-sw4stm32-test2-idf/../../../src" -I"C:/Users/yan.michello/Documents/GitHub/XF/work/test-bench/test2/ide-sw4stm32-test2-idf/../../../src/xf/include" -I"C:/Users/yan.michello/Documents/GitHub/XF/work/test-bench/test2/ide-sw4stm32-test2-idf/../../../src/xf/port" -I"C:/Users/yan.michello/Documents/GitHub/XF/work/test-bench/test2/ide-sw4stm32-test2-idf/../../../src/mdw" -I"C:/Users/yan.michello/Documents/GitHub/XF/work/test-bench/test2/ide-sw4stm32-test2-idf/../../../src/mdw/trace" -I"C:/Users/yan.michello/Documents/GitHub/XF/work/test-bench/test2/ide-sw4stm32-test2-idf/Inc" -I"C:/Users/yan.michello/Documents/GitHub/XF/work/test-bench/test2/ide-sw4stm32-test2-idf/Drivers/STM32F7xx_HAL_Driver/Inc" -I"C:/Users/yan.michello/Documents/GitHub/XF/work/test-bench/test2/ide-sw4stm32-test2-idf/Drivers/STM32F7xx_HAL_Driver/Inc/Legacy" -I../Middlewares/ST/STM32_USB_Host_Library/Core/Inc -I../Middlewares/ST/STM32_USB_Host_Library/Class/CDC/Inc -I"C:/Users/yan.michello/Documents/GitHub/XF/work/test-bench/test2/ide-sw4stm32-test2-idf/Drivers/CMSIS/Device/ST/STM32F7xx/Include" -I../Middlewares/Third_Party/FatFs/src -I"C:/Users/yan.michello/Documents/GitHub/XF/work/test-bench/test2/ide-sw4stm32-test2-idf/Drivers/CMSIS/Include"  -Og -g3 -Wall -fmessage-length=0 -ffunction-sections -c -fno-exceptions -fno-rtti -MMD -MP -MF"app/testfactory02.d" -MT"app/testfactory02.o" -o "app/testfactory02.o" "C:/Users/yan.michello/Documents/GitHub/XF/work/test-bench/test2/src/app/testfactory02.cpp"
In file included from c:\users\yan.michello\documents\github\xf\work\src\mdw\trace\trace.h:6:0,
                 from C:/Users/yan.michello/Documents/GitHub/XF/work/test-bench/test2/src/app/testfactory02.cpp:2:
c:\users\yan.michello\documents\github\xf\work\src\mdw\trace\config/trace-config.h:14:2: warning: #warning "No project specific trace configuration found! Taking default configuration!" [-Wcpp]
 #warning "No project specific trace configuration found! Taking default configuration!"
  ^~~~~~~
In file included from c:\users\yan.michello\documents\github\xf\work\src\mdw\trace\trace.h:6:0,
                 from C:/Users/yan.michello/Documents/GitHub/XF/work/src/xf/port/default/xf-default.cpp:10:
c:\users\yan.michello\documents\github\xf\work\src\mdw\trace\config/trace-config.h:14:2: warning: #warning "No project specific trace configuration found! Taking default configuration!" [-Wcpp]
 #warning "No project specific trace configuration found! Taking default configuration!"
  ^~~~~~~
Finished building: C:/Users/yan.michello/Documents/GitHub/XF/work/src/xf/port/default/xf-default.cpp
Finished building: C:/Users/yan.michello/Documents/GitHub/XF/work/test-bench/test2/src/app/testfactory02.cpp
 
 
Building target: ide-sw4stm32-test2-idf.elf
Invoking: MCU G++ Linker
arm-none-eabi-g++ -mcpu=cortex-m7 -mthumb -mfloat-abi=hard -mfpu=fpv5-sp-d16 -specs=nosys.specs -specs=nano.specs -T"../STM32F746NGHx_FLASH.ld" -Wl,-Map=output.map -Wl,--gc-sections -fno-exceptions -fno-rtti -o "ide-sw4stm32-test2-idf.elf" @"objects.list"   -lm
Finished building target: ide-sw4stm32-test2-idf.elf
 
make --no-print-directory post-build
Generating binary and Printing size information:
arm-none-eabi-objcopy -O binary "ide-sw4stm32-test2-idf.elf" "ide-sw4stm32-test2-idf.bin"
arm-none-eabi-size "ide-sw4stm32-test2-idf.elf"
   text	   data	    bss	    dec	    hex	filename
  30412	    152	   6912	  37476	   9264	ide-sw4stm32-test2-idf.elf
 
08:47:11 **** Incremental Build of configuration Debug for project ide-sw4stm32-test2-idf ****
make -j8 all 
make: Nothing to be done for 'all'.
08:48:10 **** Incremental Build of configuration Debug for project ide-sw4stm32-test2-idf ****
make -j8 all 
Building file: C:/Users/yan.michello/Documents/GitHub/XF/work/test-bench/test2/src/app/statemachine02.cpp
Invoking: MCU G++ Compiler
C:\Users\yan.michello\Documents\GitHub\XF\work\test-bench\test2\ide-sw4stm32-test2-idf\Debug
arm-none-eabi-g++ -mcpu=cortex-m7 -mthumb -mfloat-abi=hard -mfpu=fpv5-sp-d16 '-D__weak=__attribute__((weak))' '-D__packed=__attribute__((__packed__))' -DUSE_HAL_DRIVER -DSTM32F746xx -I"C:/Users/yan.michello/Documents/GitHub/XF/work/test-bench/test2/ide-sw4stm32-test2-idf/../src" -I"C:/Users/yan.michello/Documents/GitHub/XF/work/test-bench/test2/ide-sw4stm32-test2-idf/.." -I"C:/Users/yan.michello/Documents/GitHub/XF/work/test-bench/test2/ide-sw4stm32-test2-idf" -I"C:/Users/yan.michello/Documents/GitHub/XF/work/src/platform/f7-disco-gcc" -I"C:/Users/yan.michello/Documents/GitHub/XF/work/src/platform/f7-disco-gcc/mcu" -I"C:/Users/yan.michello/Documents/GitHub/XF/work/test-bench/test2/ide-sw4stm32-test2-idf/../../../src" -I"C:/Users/yan.michello/Documents/GitHub/XF/work/test-bench/test2/ide-sw4stm32-test2-idf/../../../src/xf/include" -I"C:/Users/yan.michello/Documents/GitHub/XF/work/test-bench/test2/ide-sw4stm32-test2-idf/../../../src/xf/port" -I"C:/Users/yan.michello/Documents/GitHub/XF/work/test-bench/test2/ide-sw4stm32-test2-idf/../../../src/mdw" -I"C:/Users/yan.michello/Documents/GitHub/XF/work/test-bench/test2/ide-sw4stm32-test2-idf/../../../src/mdw/trace" -I"C:/Users/yan.michello/Documents/GitHub/XF/work/test-bench/test2/ide-sw4stm32-test2-idf/Inc" -I"C:/Users/yan.michello/Documents/GitHub/XF/work/test-bench/test2/ide-sw4stm32-test2-idf/Drivers/STM32F7xx_HAL_Driver/Inc" -I"C:/Users/yan.michello/Documents/GitHub/XF/work/test-bench/test2/ide-sw4stm32-test2-idf/Drivers/STM32F7xx_HAL_Driver/Inc/Legacy" -I../Middlewares/ST/STM32_USB_Host_Library/Core/Inc -I../Middlewares/ST/STM32_USB_Host_Library/Class/CDC/Inc -I"C:/Users/yan.michello/Documents/GitHub/XF/work/test-bench/test2/ide-sw4stm32-test2-idf/Drivers/CMSIS/Device/ST/STM32F7xx/Include" -I../Middlewares/Third_Party/FatFs/src -I"C:/Users/yan.michello/Documents/GitHub/XF/work/test-bench/test2/ide-sw4stm32-test2-idf/Drivers/CMSIS/Include"  -Og -g3 -Wall -fmessage-length=0 -ffunction-sections -c -fno-exceptions -fno-rtti -MMD -MP -MF"app/statemachine02.d" -MT"app/statemachine02.o" -o "app/statemachine02.o" "C:/Users/yan.michello/Documents/GitHub/XF/work/test-bench/test2/src/app/statemachine02.cpp"
In file included from c:\users\yan.michello\documents\github\xf\work\src\mdw\trace\trace.h:6:0,
                 from C:/Users/yan.michello/Documents/GitHub/XF/work/test-bench/test2/src/app/statemachine02.cpp:2:
c:\users\yan.michello\documents\github\xf\work\src\mdw\trace\config/trace-config.h:14:2: warning: #warning "No project specific trace configuration found! Taking default configuration!" [-Wcpp]
 #warning "No project specific trace configuration found! Taking default configuration!"
  ^~~~~~~
Finished building: C:/Users/yan.michello/Documents/GitHub/XF/work/test-bench/test2/src/app/statemachine02.cpp
 
Building target: ide-sw4stm32-test2-idf.elf
Invoking: MCU G++ Linker
arm-none-eabi-g++ -mcpu=cortex-m7 -mthumb -mfloat-abi=hard -mfpu=fpv5-sp-d16 -specs=nosys.specs -specs=nano.specs -T"../STM32F746NGHx_FLASH.ld" -Wl,-Map=output.map -Wl,--gc-sections -fno-exceptions -fno-rtti -o "ide-sw4stm32-test2-idf.elf" @"objects.list"   -lm
Finished building target: ide-sw4stm32-test2-idf.elf
 
make --no-print-directory post-build
Generating binary and Printing size information:
arm-none-eabi-objcopy -O binary "ide-sw4stm32-test2-idf.elf" "ide-sw4stm32-test2-idf.bin"
arm-none-eabi-size "ide-sw4stm32-test2-idf.elf"
   text	   data	    bss	    dec	    hex	filename
  30416	    152	   6912	  37480	   9268	ide-sw4stm32-test2-idf.elf
 
08:48:31 **** Incremental Build of configuration Debug for project ide-sw4stm32-test2-idf ****
make -j8 all 
Building file: C:/Users/yan.michello/Documents/GitHub/XF/work/test-bench/test2/src/app/statemachine02.cpp
Invoking: MCU G++ Compiler
C:\Users\yan.michello\Documents\GitHub\XF\work\test-bench\test2\ide-sw4stm32-test2-idf\Debug
arm-none-eabi-g++ -mcpu=cortex-m7 -mthumb -mfloat-abi=hard -mfpu=fpv5-sp-d16 '-D__weak=__attribute__((weak))' '-D__packed=__attribute__((__packed__))' -DUSE_HAL_DRIVER -DSTM32F746xx -I"C:/Users/yan.michello/Documents/GitHub/XF/work/test-bench/test2/ide-sw4stm32-test2-idf/../src" -I"C:/Users/yan.michello/Documents/GitHub/XF/work/test-bench/test2/ide-sw4stm32-test2-idf/.." -I"C:/Users/yan.michello/Documents/GitHub/XF/work/test-bench/test2/ide-sw4stm32-test2-idf" -I"C:/Users/yan.michello/Documents/GitHub/XF/work/src/platform/f7-disco-gcc" -I"C:/Users/yan.michello/Documents/GitHub/XF/work/src/platform/f7-disco-gcc/mcu" -I"C:/Users/yan.michello/Documents/GitHub/XF/work/test-bench/test2/ide-sw4stm32-test2-idf/../../../src" -I"C:/Users/yan.michello/Documents/GitHub/XF/work/test-bench/test2/ide-sw4stm32-test2-idf/../../../src/xf/include" -I"C:/Users/yan.michello/Documents/GitHub/XF/work/test-bench/test2/ide-sw4stm32-test2-idf/../../../src/xf/port" -I"C:/Users/yan.michello/Documents/GitHub/XF/work/test-bench/test2/ide-sw4stm32-test2-idf/../../../src/mdw" -I"C:/Users/yan.michello/Documents/GitHub/XF/work/test-bench/test2/ide-sw4stm32-test2-idf/../../../src/mdw/trace" -I"C:/Users/yan.michello/Documents/GitHub/XF/work/test-bench/test2/ide-sw4stm32-test2-idf/Inc" -I"C:/Users/yan.michello/Documents/GitHub/XF/work/test-bench/test2/ide-sw4stm32-test2-idf/Drivers/STM32F7xx_HAL_Driver/Inc" -I"C:/Users/yan.michello/Documents/GitHub/XF/work/test-bench/test2/ide-sw4stm32-test2-idf/Drivers/STM32F7xx_HAL_Driver/Inc/Legacy" -I../Middlewares/ST/STM32_USB_Host_Library/Core/Inc -I../Middlewares/ST/STM32_USB_Host_Library/Class/CDC/Inc -I"C:/Users/yan.michello/Documents/GitHub/XF/work/test-bench/test2/ide-sw4stm32-test2-idf/Drivers/CMSIS/Device/ST/STM32F7xx/Include" -I../Middlewares/Third_Party/FatFs/src -I"C:/Users/yan.michello/Documents/GitHub/XF/work/test-bench/test2/ide-sw4stm32-test2-idf/Drivers/CMSIS/Include"  -Og -g3 -Wall -fmessage-length=0 -ffunction-sections -c -fno-exceptions -fno-rtti -MMD -MP -MF"app/statemachine02.d" -MT"app/statemachine02.o" -o "app/statemachine02.o" "C:/Users/yan.michello/Documents/GitHub/XF/work/test-bench/test2/src/app/statemachine02.cpp"
In file included from c:\users\yan.michello\documents\github\xf\work\src\mdw\trace\trace.h:6:0,
                 from C:/Users/yan.michello/Documents/GitHub/XF/work/test-bench/test2/src/app/statemachine02.cpp:2:
c:\users\yan.michello\documents\github\xf\work\src\mdw\trace\config/trace-config.h:14:2: warning: #warning "No project specific trace configuration found! Taking default configuration!" [-Wcpp]
 #warning "No project specific trace configuration found! Taking default configuration!"
  ^~~~~~~
Finished building: C:/Users/yan.michello/Documents/GitHub/XF/work/test-bench/test2/src/app/statemachine02.cpp
 
Building target: ide-sw4stm32-test2-idf.elf
Invoking: MCU G++ Linker
arm-none-eabi-g++ -mcpu=cortex-m7 -mthumb -mfloat-abi=hard -mfpu=fpv5-sp-d16 -specs=nosys.specs -specs=nano.specs -T"../STM32F746NGHx_FLASH.ld" -Wl,-Map=output.map -Wl,--gc-sections -fno-exceptions -fno-rtti -o "ide-sw4stm32-test2-idf.elf" @"objects.list"   -lm
Finished building target: ide-sw4stm32-test2-idf.elf
 
make --no-print-directory post-build
Generating binary and Printing size information:
arm-none-eabi-objcopy -O binary "ide-sw4stm32-test2-idf.elf" "ide-sw4stm32-test2-idf.bin"
arm-none-eabi-size "ide-sw4stm32-test2-idf.elf"
   text	   data	    bss	    dec	    hex	filename
  30412	    152	   6912	  37476	   9264	ide-sw4stm32-test2-idf.elf
 
08:50:58 **** Incremental Build of configuration Debug for project ide-sw4stm32-test2-idf ****
make -j8 all 
Building file: C:/Users/yan.michello/Documents/GitHub/XF/work/src/xf/port/default/xf-default.cpp
Invoking: MCU G++ Compiler
C:\Users\yan.michello\Documents\GitHub\XF\work\test-bench\test2\ide-sw4stm32-test2-idf\Debug
arm-none-eabi-g++ -mcpu=cortex-m7 -mthumb -mfloat-abi=hard -mfpu=fpv5-sp-d16 '-D__weak=__attribute__((weak))' '-D__packed=__attribute__((__packed__))' -DUSE_HAL_DRIVER -DSTM32F746xx -I"C:/Users/yan.michello/Documents/GitHub/XF/work/test-bench/test2/ide-sw4stm32-test2-idf/../src" -I"C:/Users/yan.michello/Documents/GitHub/XF/work/test-bench/test2/ide-sw4stm32-test2-idf/.." -I"C:/Users/yan.michello/Documents/GitHub/XF/work/test-bench/test2/ide-sw4stm32-test2-idf" -I"C:/Users/yan.michello/Documents/GitHub/XF/work/src/platform/f7-disco-gcc" -I"C:/Users/yan.michello/Documents/GitHub/XF/work/src/platform/f7-disco-gcc/mcu" -I"C:/Users/yan.michello/Documents/GitHub/XF/work/test-bench/test2/ide-sw4stm32-test2-idf/../../../src" -I"C:/Users/yan.michello/Documents/GitHub/XF/work/test-bench/test2/ide-sw4stm32-test2-idf/../../../src/xf/include" -I"C:/Users/yan.michello/Documents/GitHub/XF/work/test-bench/test2/ide-sw4stm32-test2-idf/../../../src/xf/port" -I"C:/Users/yan.michello/Documents/GitHub/XF/work/test-bench/test2/ide-sw4stm32-test2-idf/../../../src/mdw" -I"C:/Users/yan.michello/Documents/GitHub/XF/work/test-bench/test2/ide-sw4stm32-test2-idf/../../../src/mdw/trace" -I"C:/Users/yan.michello/Documents/GitHub/XF/work/test-bench/test2/ide-sw4stm32-test2-idf/Inc" -I"C:/Users/yan.michello/Documents/GitHub/XF/work/test-bench/test2/ide-sw4stm32-test2-idf/Drivers/STM32F7xx_HAL_Driver/Inc" -I"C:/Users/yan.michello/Documents/GitHub/XF/work/test-bench/test2/ide-sw4stm32-test2-idf/Drivers/STM32F7xx_HAL_Driver/Inc/Legacy" -I../Middlewares/ST/STM32_USB_Host_Library/Core/Inc -I../Middlewares/ST/STM32_USB_Host_Library/Class/CDC/Inc -I"C:/Users/yan.michello/Documents/GitHub/XF/work/test-bench/test2/ide-sw4stm32-test2-idf/Drivers/CMSIS/Device/ST/STM32F7xx/Include" -I../Middlewares/Third_Party/FatFs/src -I"C:/Users/yan.michello/Documents/GitHub/XF/work/test-bench/test2/ide-sw4stm32-test2-idf/Drivers/CMSIS/Include"  -Og -g3 -Wall -fmessage-length=0 -ffunction-sections -c -fno-exceptions -fno-rtti -MMD -MP -MF"xf/port/default/xf-default.d" -MT"xf/port/default/xf-default.o" -o "xf/port/default/xf-default.o" "C:/Users/yan.michello/Documents/GitHub/XF/work/src/xf/port/default/xf-default.cpp"
In file included from c:\users\yan.michello\documents\github\xf\work\src\mdw\trace\trace.h:6:0,
                 from C:/Users/yan.michello/Documents/GitHub/XF/work/src/xf/port/default/xf-default.cpp:10:
c:\users\yan.michello\documents\github\xf\work\src\mdw\trace\config/trace-config.h:14:2: warning: #warning "No project specific trace configuration found! Taking default configuration!" [-Wcpp]
 #warning "No project specific trace configuration found! Taking default configuration!"
  ^~~~~~~
Finished building: C:/Users/yan.michello/Documents/GitHub/XF/work/src/xf/port/default/xf-default.cpp
 
Building target: ide-sw4stm32-test2-idf.elf
Invoking: MCU G++ Linker
arm-none-eabi-g++ -mcpu=cortex-m7 -mthumb -mfloat-abi=hard -mfpu=fpv5-sp-d16 -specs=nosys.specs -specs=nano.specs -T"../STM32F746NGHx_FLASH.ld" -Wl,-Map=output.map -Wl,--gc-sections -fno-exceptions -fno-rtti -o "ide-sw4stm32-test2-idf.elf" @"objects.list"   -lm
Finished building target: ide-sw4stm32-test2-idf.elf
 
make --no-print-directory post-build
Generating binary and Printing size information:
arm-none-eabi-objcopy -O binary "ide-sw4stm32-test2-idf.elf" "ide-sw4stm32-test2-idf.bin"
arm-none-eabi-size "ide-sw4stm32-test2-idf.elf"
   text	   data	    bss	    dec	    hex	filename
  30376	    152	   6912	  37440	   9240	ide-sw4stm32-test2-idf.elf
 
