07:56:45 **** Incremental Build of configuration Debug for project ide-sw4stm32-test1-idf ****
make -j8 all 
Building file: ../Src/main.c
Invoking: MCU GCC Compiler
C:\Users\yan.michello\Documents\GitHub\XF\work\test-bench\test1\ide-sw4stm32-test1-idf\Debug
arm-none-eabi-gcc -mcpu=cortex-m7 -mthumb -mfloat-abi=hard -mfpu=fpv5-sp-d16 '-D__weak=__attribute__((weak))' '-D__packed=__attribute__((__packed__))' -DUSE_HAL_DRIVER -DSTM32F746xx -I"C:/Users/yan.michello/Documents/GitHub/XF/work/test-bench/test1/ide-sw4stm32-test1-idf/../src" -I"C:/Users/yan.michello/Documents/GitHub/XF/work/test-bench/test1/ide-sw4stm32-test1-idf/.." -I"C:/Users/yan.michello/Documents/GitHub/XF/work/test-bench/test1/ide-sw4stm32-test1-idf/../../../src" -I"C:/Users/yan.michello/Documents/GitHub/XF/work/test-bench/test1/ide-sw4stm32-test1-idf" -I"C:/Users/yan.michello/Documents/GitHub/XF/work/test-bench/test1/ide-sw4stm32-test1-idf/../../../src/xf/include" -I"C:/Users/yan.michello/Documents/GitHub/XF/work/test-bench/test1/ide-sw4stm32-test1-idf/../../../src/xf/port" -I"C:/Users/yan.michello/Documents/GitHub/XF/work/test-bench/test1/ide-sw4stm32-test1-idf/Inc" -I"C:/Users/yan.michello/Documents/GitHub/XF/work/test-bench/test1/ide-sw4stm32-test1-idf/Drivers/STM32F7xx_HAL_Driver/Inc" -I"C:/Users/yan.michello/Documents/GitHub/XF/work/test-bench/test1/ide-sw4stm32-test1-idf/Drivers/STM32F7xx_HAL_Driver/Inc/Legacy" -I../Middlewares/ST/STM32_USB_Host_Library/Core/Inc -I../Middlewares/ST/STM32_USB_Host_Library/Class/CDC/Inc -I"C:/Users/yan.michello/Documents/GitHub/XF/work/test-bench/test1/ide-sw4stm32-test1-idf/Drivers/CMSIS/Device/ST/STM32F7xx/Include" -I../Middlewares/Third_Party/FatFs/src -I"C:/Users/yan.michello/Documents/GitHub/XF/work/test-bench/test1/ide-sw4stm32-test1-idf/Drivers/CMSIS/Include"  -Og -g3 -Wall -fmessage-length=0 -ffunction-sections -c -fmessage-length=0 -MMD -MP -MF"Src/main.d" -MT"Src/main.o" -o "Src/main.o" "../Src/main.c"
In file included from c:\users\yan.michello\documents\github\xf\work\src\mdw\trace\trace.h:6:0,
                 from ../Src/main.c:116:
c:\users\yan.michello\documents\github\xf\work\src\mdw\trace\config/trace-config.h:14:2: warning: #warning "No project specific trace configuration found! Taking default configuration!" [-Wcpp]
 #warning "No project specific trace configuration found! Taking default configuration!"
  ^~~~~~~
Finished building: ../Src/main.c
 
Building target: ide-sw4stm32-test1-idf.elf
Invoking: MCU G++ Linker
arm-none-eabi-g++ -mcpu=cortex-m7 -mthumb -mfloat-abi=hard -mfpu=fpv5-sp-d16 -specs=nosys.specs -specs=nano.specs -T"../STM32F746NGHx_FLASH.ld" -Wl,-Map=output.map -Wl,--gc-sections -fno-exceptions -fno-rtti -o "ide-sw4stm32-test1-idf.elf" @"objects.list"   -lm
Finished building target: ide-sw4stm32-test1-idf.elf
 
make --no-print-directory post-build
Generating binary and Printing size information:
arm-none-eabi-objcopy -O binary "ide-sw4stm32-test1-idf.elf" "ide-sw4stm32-test1-idf.bin"
arm-none-eabi-size "ide-sw4stm32-test1-idf.elf"
   text	   data	    bss	    dec	    hex	filename
  31096	    152	   6984	  38232	   9558	ide-sw4stm32-test1-idf.elf
 

07:56:48 Build Finished (took 3s.479ms)

